******************************************************************************
               TMS320C6x Linker PC v7.4.12                     
******************************************************************************
>> Linked Wed Nov 18 10:08:55 2015

OUTPUT FILE NAME:   <WIT_deblurring_bios6_debug.out>
ENTRY POINT SYMBOL: "_c_int00"  address: 00808980


MEMORY CONFIGURATION

         name            origin    length      used     unused   attr    fill
----------------------  --------  ---------  --------  --------  ----  --------
  VECTORS_RAM           00800000   00000400  00000000  00000400  RWIX
  L2SRAM                00800000   00100000  00017e6c  000e8194  RW X
  L2SRAM                00800400   000ffc00  00000000  000ffc00  RWIX
  MSMCSRAM              0c000000   00100000  00000000  00100000  RWIX
  MSMCSRAM              0c000000   00100000  00000000  00100000  RW X
  DDR3                  80000000   20000000  00000000  20000000  RWIX


SEGMENT ALLOCATION MAP

run origin  load origin   length   init length attrs members
----------  ----------- ---------- ----------- ----- -------
00800000    00800000    0000b500   0000b500    r-x
  00800000    00800000    0000b500   0000b500    r-x .text
0080b500    0080b500    00008000   00000000    rw-
  0080b500    0080b500    00008000   00000000    rw- .stack
00813500    00813500    00002124   00002124    r--
  00813500    00813500    00002124   00002124    r-- .const
00815628    00815628    00001c10   00000000    rw-
  00815628    00815628    00001c10   00000000    rw- .far
00817238    00817238    0000060c   0000060c    rw-
  00817238    00817238    0000060c   0000060c    rw- .fardata
00817848    00817848    0000012c   00000000    rw-
  00817848    00817848    00000120   00000000    rw- .cio
  00817968    00817968    0000000c   00000000    rw- .bss
00817c00    00817c00    00000500   00000500    r-x
  00817c00    00817c00    00000200   00000200    r-x .vecs
  00817e00    00817e00    00000300   00000300    r-- .cinit


SECTION ALLOCATION MAP

 output                                  attributes/
section   page    origin      length       input sections
--------  ----  ----------  ----------   ----------------
.init_array 
*          0    00800000    00000000     UNINITIALIZED

.cinit     0    00800000    00000000     UNINITIALIZED

xdc.meta   0    00800000    000000f0     COPY SECTION
                  00800000    000000f0     app_pe66.oe66 (xdc.meta)

.text      0    00800000    0000b500     
                  00800000    000008a0     ti.targets.rts6000.ae66 : System.oe66 (.text:xdc_runtime_System_doPrint__I)
                  008008a0    00000780     sysbios.lib : BIOS.obj (.text:ti_sysbios_family_c64p_Exception_handler__I)
                  00801020    00000660                 : BIOS.obj (.text:ti_sysbios_heaps_HeapMem_free__E)
                  00801680    00000620                 : BIOS.obj (.text:ti_sysbios_heaps_HeapMem_alloc__E)
                  00801ca0    000005a0                 : BIOS.obj (.text:ti_sysbios_timers_timer64_Timer_Module_startup__F)
                  00802240    00000480                 : BIOS.obj (.text:ti_sysbios_knl_Task_Module_startup__F)
                  008026c0    000003e0                 : BIOS.obj (.text:ti_sysbios_knl_Semaphore_pend__E)
                  00802aa0    000003a0                 : BIOS.obj (.text:ti_sysbios_knl_Swi_schedule__I)
                  00802e40    00000360                 : BIOS.obj (.text:ti_sysbios_knl_Clock_Instance_init__F)
                  008031a0    00000320                 : BIOS.obj (.text:ti_sysbios_knl_Swi_restoreHwi__E)
                  008034c0    00000300                 : BIOS.obj (.text:ti_sysbios_family_c64p_Hwi_dispatchC__I)
                  008037c0    000002a0                 : BIOS.obj (.text:ti_sysbios_knl_Clock_workFunc__E)
                  00803a60    00000280                 : BIOS.obj (.text:deviceConfig$23)
                  00803ce0    00000280     ti.targets.rts6000.ae66 : Error.oe66 (.text:xdc_runtime_Error_raiseX__F)
                  00803f60    00000260                             : Startup.oe66 (.text:xdc_runtime_Startup_startMods__I)
                  008041c0    00000260     app_pe66.oe66 (.text:xdc_runtime_System_printfExtend__I)
                  00804420    00000240     rts6600_elf.lib : imath64.obj (.text:__c6xabi_divull)
                  00804660    00000240     sysbios.lib : BIOS.obj (.text:ti_sysbios_family_c64p_Exception_internalHandler__I)
                  008048a0    00000240                 : BIOS.obj (.text:ti_sysbios_knl_Semaphore_post__E)
                  00804ae0    00000240                 : BIOS.obj (.text:ti_sysbios_timers_timer64_Timer_setPeriodMicroSecs__E)
                  00804d20    00000240     ti.targets.rts6000.ae66 : LoggerBuf.oe66 (.text:xdc_runtime_LoggerBuf_write8__F)
                  00804f60    00000220     sysbios.lib : BIOS.obj (.text:ti_sysbios_knl_Task_schedule__I)
                  00805180    00000220                 : BIOS.obj (.text:ti_sysbios_knl_Task_startup__E)
                  008053a0    00000220                 : BIOS.obj (.text:ti_sysbios_timers_timer64_Timer_startup__E)
                  008055c0    00000220     ti.targets.rts6000.ae66 : Core-mem.oe66 (.text:xdc_runtime_Core_createObject__I)
                  008057e0    00000200     sysbios.lib : c64p_Hwi_disp_always.obj (.text:_ti_sysbios_family_c64p_Hwi_dispatchAlways)
                  008059e0    000001e0                 : BIOS.obj (.text:ti_sysbios_timers_timer64_Timer_getFreq__E)
                  00805bc0    000001c0                 : BIOS.obj (.text:ti_sysbios_knl_Task_checkStacks__E)
                  00805d80    000001c0                 : BIOS.obj (.text:ti_sysbios_knl_Task_exit__E)
                  00805f40    000001c0     ti.targets.rts6000.ae66 : Text.oe66 (.text:xdc_runtime_Text_putSite__F)
                  00806100    000001a0     sysbios.lib : BIOS.obj (.text:ti_sysbios_gates_GateMutex_enter__E)
                  008062a0    000001a0                 : BIOS.obj (.text:ti_sysbios_heaps_HeapMem_Instance_init__F)
                  00806440    000001a0                 : BIOS.obj (.text:ti_sysbios_knl_Task_unblockI__E)
                  008065e0    000001a0     ti.targets.rts6000.ae66 : LoggerBuf.oe66 (.text:xdc_runtime_LoggerBuf_write4__F)
                  00806780    00000180     rts6600_elf.lib : copy_decompress_rle.obj (.text:__TI_decompress_rle_core)
                  00806900    00000180     sysbios.lib : c64p_Exception_asm.obj (.text)
                  00806a80    00000160                 : BIOS.obj (.text:rtsUnlock$0)
                  00806be0    00000140     boot.ae66 : autoinit.oe66 (.text:_auto_init_elf)
                  00806d20    00000140     sysbios.lib : BIOS.obj (.text:ti_sysbios_family_c64p_Hwi_Module_startup__F)
                  00806e60    00000140                 : BIOS.obj (.text:ti_sysbios_family_c66_Cache_Module_startup__F)
                  00806fa0    00000140                 : BIOS.obj (.text:ti_sysbios_knl_Clock_Instance_finalize__F)
                  008070e0    00000140                 : BIOS.obj (.text:ti_sysbios_knl_Semaphore_Instance_init__F)
                  00807220    00000140                 : BIOS.obj (.text:ti_sysbios_knl_Swi_post__E)
                  00807360    00000140                 : BIOS.obj (.text:ti_sysbios_knl_Task_blockI__E)
                  008074a0    00000140     ti.targets.rts6000.ae66 : Text.oe66 (.text:xdc_runtime_Text_putLab__F)
                  008075e0    00000120                             : LoggerBuf.oe66 (.text:xdc_runtime_LoggerBuf_setFilterLevel__F)
                  00807700    00000120                             : Text.oe66 (.text:xdc_runtime_Text_putMod__F)
                  00807820    00000100     sysbios.lib : BIOS.obj (.text:initDevice$23)
                  00807920    00000100     ti.targets.rts6000.ae66 : Core-mem.oe66 (.text:xdc_runtime_Core_deleteObject__I)
                  00807a20    00000100                             : LoggerBuf.oe66 (.text:xdc_runtime_LoggerBuf_getFilterLevel__F)
                  00807b20    00000100                             : Startup.oe66 (.text:xdc_runtime_Startup_exec__F)
                  00807c20    00000100                             : Text.oe66 (.text:xdc_runtime_Text_visitRope2__I)
                  00807d20    000000e0     rts6600_elf.lib : copy_zero_init.obj (.text:decompress:ZI:__TI_zero_init)
                  00807e00    000000e0                     : memset.obj (.text:memset)
                  00807ee0    000000e0     ti.targets.rts6000.ae66 : Error.oe66 (.text:xdc_runtime_Error_print__F)
                  00807fc0    000000e0                             : Memory.oe66 (.text:xdc_runtime_Memory_alloc__F)
                  008080a0    000000c0     rts6600_elf.lib : trgdrv.obj (.text:HOSTwrite)
                  00808160    000000c0                     : dtor_list.obj (.text:_Z11__TI_atexitPFYvPvES_S_)
                  00808220    000000c0                     : dtor_list.obj (.text:__cxa_finalize)
                  008082e0    000000c0                     : divu.obj (.text:__divu)
                  008083a0    000000c0                     : exit.obj (.text:exit)
                  00808460    000000c0     sysbios.lib : BIOS.obj (.text:ti_sysbios_BIOS_errorRaiseHook__I)
                  00808520    000000c0                 : BIOS.obj (.text:ti_sysbios_heaps_HeapMem_getStats__E)
                  008085e0    000000c0                 : BIOS.obj (.text:ti_sysbios_knl_Clock_logTick__E)
                  008086a0    000000c0     ti.targets.rts6000.ae66 : LoggerBuf.oe66 (.text:xdc_runtime_LoggerBuf_Instance_init__F)
                  00808760    000000c0     app_pe66.oe66 (.text:xdc_runtime_LoggerBuf_Object__create__S)
                  00808820    000000c0     ti.targets.rts6000.ae66 : System.oe66 (.text:xdc_runtime_System_formatNum__I)
                  008088e0    000000a0     rts6600_elf.lib : remu.obj (.text:__remu)
                  00808980    000000a0     boot.ae66 : boot.oe66 (.text:_c_int00)
                  00808a20    000000a0     rts6600_elf.lib : memcpy64.obj (.text:memcpy)
                  00808ac0    000000a0     sysbios.lib : BIOS.obj (.text:ti_sysbios_heaps_HeapMem_init__I)
                  00808b60    000000a0     ti.targets.rts6000.ae66 : Assert.oe66 (.text:xdc_runtime_Assert_raise__I)
                  00808c00    000000a0                             : LoggerBuf.oe66 (.text:xdc_runtime_LoggerBuf_Module_startup__F)
                  00808ca0    000000a0                             : SysMin.oe66 (.text:xdc_runtime_SysMin_abort__F)
                  00808d40    000000a0                             : SysMin.oe66 (.text:xdc_runtime_SysMin_flush__F)
                  00808de0    000000a0                             : SysMin.oe66 (.text:xdc_runtime_SysMin_putch__F)
                  00808e80    000000a0                             : Text.oe66 (.text:xdc_runtime_Text_xprintf__I)
                  00808f20    00000080     rts6600_elf.lib : llshift.obj (.text:__c6xabi_llshl)
                  00808fa0    00000080     sysbios.lib : c62_TaskSupport_asm.obj (.text:_ti_sysbios_family_c62_TaskSupport_swap__E)
                  00809020    00000080     app_pe66.oe66 (.text:malloc)
                  008090a0    00000080     rts6600_elf.lib : trgmsg.obj (.text:readmsg)
                  00809120    00000080     sysbios.lib : BIOS.obj (.text:ti_sysbios_family_c62_TaskSupport_start__E)
                  008091a0    00000080     app_pe66.oe66 (.text:ti_sysbios_gates_GateHwi_Object__create__S)
                  00809220    00000080     app_pe66.oe66 (.text:ti_sysbios_gates_GateMutex_Object__create__S)
                  008092a0    00000080     sysbios.lib : BIOS.obj (.text:ti_sysbios_hal_Hwi_initStack:ti_sysbios_hal_Hwi_initStack)
                  00809320    00000080     app_pe66.oe66 (.text:ti_sysbios_heaps_HeapMem_Object__create__S)
                  008093a0    00000080     app_pe66.oe66 (.text:ti_sysbios_knl_Clock_Object__create__S)
                  00809420    00000080     app_pe66.oe66 (.text:ti_sysbios_knl_Clock_doTick__I)
                  008094a0    00000080     sysbios.lib : BIOS.obj (.text:ti_sysbios_knl_Idle_loop__E)
                  00809520    00000080     app_pe66.oe66 (.text:ti_sysbios_knl_Queue_Object__create__S)
                  008095a0    00000080     app_pe66.oe66 (.text:ti_sysbios_knl_Semaphore_Object__create__S)
                  00809620    00000080     sysbios.lib : BIOS.obj (.text:ti_sysbios_knl_Swi_startup__E)
                  008096a0    00000080                 : BIOS.obj (.text:ti_sysbios_knl_Task_restore__E)
                  00809720    00000080                 : BIOS.obj (.text:ti_sysbios_timers_timer64_Timer_getPeriod__E)
                  008097a0    00000080     ti.targets.rts6000.ae66 : Core-label.oe66 (.text:xdc_runtime_Core_assignLabel__I)
                  00809820    00000080                             : Core-params.oe66 (.text:xdc_runtime_Core_assignParams__I)
                  008098a0    00000080                             : LoggerBuf.oe66 (.text:xdc_runtime_LoggerBuf_filterOutEvent__I)
                  00809920    00000080                             : System.oe66 (.text:xdc_runtime_System_atexit__F)
                  008099a0    00000080                             : System.oe66 (.text:xdc_runtime_System_putchar__I)
                  00809a20    00000080                             : System.oe66 (.text:xdc_runtime_System_rtsExit__I)
                  00809aa0    00000080                             : Text.oe66 (.text:xdc_runtime_Text_printVisFxn__I)
                  00809b20    00000060     rts6600_elf.lib : llshift.obj (.text:__c6xabi_llshru)
                  00809b80    00000060                     : imath64.obj (.text:_subcull)
                  00809be0    00000060     app_pe66.oe66 (.text:ti_sysbios_BIOS_exitFunc__I)
                  00809c40    00000060     sysbios.lib : BIOS.obj (.text:ti_sysbios_BIOS_registerRTSLock__I)
                  00809ca0    00000060                 : BIOS.obj (.text:ti_sysbios_family_c64p_Exception_Module_startup__F)
                  00809d00    00000060                 : BIOS.obj (.text:ti_sysbios_gates_GateMutex_Instance_init__F)
                  00809d60    00000060                 : BIOS.obj (.text:ti_sysbios_hal_Hwi_checkStack:ti_sysbios_hal_Hwi_checkStack)
                  00809dc0    00000060                 : BIOS.obj (.text:ti_sysbios_knl_Clock_Module_startup__F)
                  00809e20    00000060                 : BIOS.obj (.text:ti_sysbios_knl_Semaphore_pendTimeout__I)
                  00809e80    00000060                 : BIOS.obj (.text:ti_sysbios_knl_Swi_Module_startup__F)
                  00809ee0    00000060                 : BIOS.obj (.text:ti_sysbios_knl_Task_allBlockedFunction__I)
                  00809f40    00000060                 : BIOS.obj (.text:ti_sysbios_knl_Task_enter__I)
                  00809fa0    00000060     rts6600_elf.lib : trgmsg.obj (.text:writemsg)
                  0080a000    00000060     ti.targets.rts6000.ae66 : Memory.oe66 (.text:xdc_runtime_Memory_calloc__F)
                  0080a060    00000060                             : SysMin.oe66 (.text:xdc_runtime_SysMin_Module_startup__F)
                  0080a0c0    00000060                             : SysMin.oe66 (.text:xdc_runtime_SysMin_exit__F)
                  0080a120    00000060     app_pe66.oe66 (.text:xdc_runtime_SysMin_output__I)
                  0080a180    00000060     ti.targets.rts6000.ae66 : System.oe66 (.text:xdc_runtime_System_avprintf__F)
                  0080a1e0    00000060                             : System.oe66 (.text:xdc_runtime_System_vprintf__F)
                  0080a240    00000060                             : Text.oe66 (.text:xdc_runtime_Text_cordText__F)
                  0080a2a0    00000040     rts6600_elf.lib : args_main.obj (.text:_args_main)
                  0080a2e0    00000040     sysbios.lib : c62_TaskSupport_asm.obj (.text:_ti_sysbios_family_c62_TaskSupport_buildTaskStack)
                  0080a320    00000040                 : c64p_Hwi_asm_switch.obj (.text:_ti_sysbios_family_xxx_Hwi_switchToIsrStack)
                  0080a360    00000040     app_pe66.oe66 (.text:free)
                  0080a3a0    00000040     main.obj (.text)
                  0080a3e0    00000040     sysbios.lib : BIOS.obj (.text:rtsLock$0)
                  0080a420    00000040     app_pe66.oe66 (.text:ti_sysbios_BIOS_startFunc__I)
                  0080a460    00000040     app_pe66.oe66 (.text:ti_sysbios_family_c64p_Hwi_Module__startupDone__F)
                  0080a4a0    00000040     sysbios.lib : BIOS.obj (.text:ti_sysbios_family_c64p_Hwi_disableInterrupt__E)
                  0080a4e0    00000040                 : BIOS.obj (.text:ti_sysbios_family_c64p_Hwi_enableInterrupt__E)
                  0080a520    00000040     app_pe66.oe66 (.text:ti_sysbios_gates_GateHwi_Handle__label__S)
                  0080a560    00000040     app_pe66.oe66 (.text:ti_sysbios_gates_GateHwi_Object__delete__S)
                  0080a5a0    00000040     app_pe66.oe66 (.text:ti_sysbios_gates_GateMutex_Handle__label__S)
                  0080a5e0    00000040     app_pe66.oe66 (.text:ti_sysbios_gates_GateMutex_Object__delete__S)
                  0080a620    00000040     sysbios.lib : BIOS.obj (.text:ti_sysbios_gates_GateMutex_leave__E)
                  0080a660    00000040     app_pe66.oe66 (.text:ti_sysbios_hal_Timer_Module__startupDone__F)
                  0080a6a0    00000040     app_pe66.oe66 (.text:ti_sysbios_heaps_HeapMem_Handle__label__S)
                  0080a6e0    00000040     app_pe66.oe66 (.text:ti_sysbios_heaps_HeapMem_Object__delete__S)
                  0080a720    00000040     app_pe66.oe66 (.text:ti_sysbios_heaps_HeapMem_Object__get__S)
                  0080a760    00000040     app_pe66.oe66 (.text:ti_sysbios_knl_Clock_Object__destruct__S)
                  0080a7a0    00000040     app_pe66.oe66 (.text:ti_sysbios_knl_Queue_Object__destruct__S)
                  0080a7e0    00000040     app_pe66.oe66 (.text:ti_sysbios_knl_Semaphore_Object__destruct__S)
                  0080a820    00000040     app_pe66.oe66 (.text:ti_sysbios_knl_Swi_Object__get__S)
                  0080a860    00000040     app_pe66.oe66 (.text:ti_sysbios_knl_Task_Object__get__S)
                  0080a8a0    00000040     app_pe66.oe66 (.text:ti_sysbios_timers_timer64_Timer_Module__startupDone__F)
                  0080a8e0    00000040     ti.targets.rts6000.ae66 : Error.oe66 (.text:xdc_runtime_Error_check__F)
                  0080a920    00000040                             : Error.oe66 (.text:xdc_runtime_Error_init__F)
                  0080a960    00000040                             : Gate.oe66 (.text:xdc_runtime_Gate_leaveSystem__F)
                  0080a9a0    00000040     app_pe66.oe66 (.text:xdc_runtime_LoggerBuf_Handle__label__S)
                  0080a9e0    00000040     ti.targets.rts6000.ae66 : LoggerBuf.oe66 (.text:xdc_runtime_LoggerBuf_Instance_finalize__F)
                  0080aa20    00000040     app_pe66.oe66 (.text:xdc_runtime_LoggerBuf_Object__delete__S)
                  0080aa60    00000040     app_pe66.oe66 (.text:xdc_runtime_LoggerBuf_Object__get__S)
                  0080aaa0    00000040     ti.targets.rts6000.ae66 : LoggerBuf.oe66 (.text:xdc_runtime_LoggerBuf_write0__F)
                  0080aae0    00000040                             : LoggerBuf.oe66 (.text:xdc_runtime_LoggerBuf_write1__F)
                  0080ab20    00000040                             : LoggerBuf.oe66 (.text:xdc_runtime_LoggerBuf_write2__F)
                  0080ab60    00000040                             : Memory.oe66 (.text:xdc_runtime_Memory_free__F)
                  0080aba0    00000040                             : Registry.oe66 (.text:xdc_runtime_Registry_findById__F)
                  0080abe0    00000040                             : System.oe66 (.text:xdc_runtime_System_abort__F)
                  0080ac20    00000040     app_pe66.oe66 (.text:xdc_runtime_System_aprintf__E)
                  0080ac60    00000040     app_pe66.oe66 (.text:xdc_runtime_System_printf__E)
                  0080aca0    00000040     ti.targets.rts6000.ae66 : Text.oe66 (.text:xdc_runtime_Text_ropeText__F)
                  0080ace0    00000020     rts6600_elf.lib : dtor_list.obj (.text:__cxa_atexit)
                  0080ad00    00000020                     : dtor_list.obj (.text:__cxa_ia64_exit)
                  0080ad20    00000020     ti.targets.rts6000.ae66 : xdc_noinit.oe66 (.text:__xdc__init)
                  0080ad40    00000020     rts6600_elf.lib : _lock.obj (.text:_nop)
                  0080ad60    00000020                     : _lock.obj (.text:_register_lock)
                  0080ad80    00000020                     : _lock.obj (.text:_register_unlock)
                  0080ada0    00000020     sysbios.lib : c62_TaskSupport_asm.obj (.text:_ti_sysbios_family_c62_TaskSupport_glue)
                  0080adc0    00000020                 : c64p_Hwi_asm_switch.obj (.text:_ti_sysbios_family_xxx_Hwi_switchToTaskStack)
                  0080ade0    00000020     rts6600_elf.lib : exit.obj (.text:abort)
                  0080ae00    00000020                     : dtor_list.obj (.text:atexit)
                  0080ae20    00000020                     : copy_decompress_none.obj (.text:decompress:none:__TI_decompress_none)
                  0080ae40    00000020                     : copy_decompress_rle.obj (.text:decompress:rle24:__TI_decompress_rle24)
                  0080ae60    00000020     sysbios.lib : BIOS.obj (.text:nullFunc$0)
                  0080ae80    00000020     app_pe66.oe66 (.text:ti_sysbios_BIOS_RtsGateProxy_enter__E)
                  0080aea0    00000020     app_pe66.oe66 (.text:ti_sysbios_BIOS_RtsGateProxy_leave__E)
                  0080aec0    00000020     sysbios.lib : BIOS.obj (.text:ti_sysbios_BIOS_setThreadType__E)
                  0080aee0    00000020     app_pe66.oe66 (.text:ti_sysbios_family_c62_TaskSupport_Module__startupDone__S)
                  0080af00    00000020     sysbios.lib : BIOS.obj (.text:ti_sysbios_family_c62_TaskSupport_checkStack__E)
                  0080af20    00000020                 : BIOS.obj (.text:ti_sysbios_family_c64p_Hwi_clearInterrupt__E)
                  0080af40    00000020                 : BIOS.obj (.text:ti_sysbios_family_c64p_Hwi_startup__E)
                  0080af60    00000020                 : BIOS.obj (.text:ti_sysbios_family_c64p_Hwi_switchFromBootStack__E)
                  0080af80    00000020                 : BIOS.obj (.text:ti_sysbios_family_c64p_TimestampProvider_Module_startup__F)
                  0080afa0    00000020                 : BIOS.obj (.text:ti_sysbios_family_c64p_TimestampProvider_get64__E)
                  0080afc0    00000020                 : BIOS.obj (.text:ti_sysbios_family_c64p_tci6488_TimerSupport_enable__E)
                  0080afe0    00000020                 : BIOS.obj (.text:ti_sysbios_gates_GateHwi_Instance_init__F)
                  0080b000    00000020                 : BIOS.obj (.text:ti_sysbios_gates_GateHwi_enter__E)
                  0080b020    00000020                 : BIOS.obj (.text:ti_sysbios_gates_GateHwi_leave__E)
                  0080b040    00000020                 : BIOS.obj (.text:ti_sysbios_gates_GateHwi_query__F)
                  0080b060    00000020                 : BIOS.obj (.text:ti_sysbios_gates_GateMutex_Instance_finalize__F)
                  0080b080    00000020                 : BIOS.obj (.text:ti_sysbios_gates_GateMutex_query__F)
                  0080b0a0    00000020     app_pe66.oe66 (.text:ti_sysbios_hal_Hwi_HwiProxy_Module__startupDone__S)
                  0080b0c0    00000020     sysbios.lib : BIOS.obj (.text:ti_sysbios_hal_Hwi_Module_startup__F)
                  0080b0e0    00000020                 : BIOS.obj (.text:ti_sysbios_hal_Timer_Module_startup__F)
                  0080b100    00000020     app_pe66.oe66 (.text:ti_sysbios_hal_Timer_TimerProxy_Module__startupDone__S)
                  0080b120    00000020     app_pe66.oe66 (.text:ti_sysbios_hal_Timer_TimerProxy_getPeriod__E)
                  0080b140    00000020     app_pe66.oe66 (.text:ti_sysbios_heaps_HeapMem_Module_GateProxy_enter__E)
                  0080b160    00000020     app_pe66.oe66 (.text:ti_sysbios_heaps_HeapMem_Module_GateProxy_leave__E)
                  0080b180    00000020     sysbios.lib : BIOS.obj (.text:ti_sysbios_heaps_HeapMem_isBlocking__E)
                  0080b1a0    00000020     app_pe66.oe66 (.text:ti_sysbios_knl_Clock_Params__init__S)
                  0080b1c0    00000020     sysbios.lib : BIOS.obj (.text:ti_sysbios_knl_Queue_Instance_init__F)
                  0080b1e0    00000020     app_pe66.oe66 (.text:ti_sysbios_knl_Queue_Object__get__S)
                  0080b200    00000020     sysbios.lib : BIOS.obj (.text:ti_sysbios_knl_Queue_empty__E)
                  0080b220    00000020                 : BIOS.obj (.text:ti_sysbios_knl_Semaphore_Instance_finalize__F)
                  0080b240    00000020                 : BIOS.obj (.text:ti_sysbios_knl_Swi_disable__E)
                  0080b260    00000020     app_pe66.oe66 (.text:ti_sysbios_knl_Task_SupportProxy_Module__startupDone__S)
                  0080b280    00000020     sysbios.lib : BIOS.obj (.text:ti_sysbios_knl_Task_disable__E)
                  0080b2a0    00000020     ti.targets.rts6000.ae66 : Gate.oe66 (.text:xdc_runtime_Gate_enterSystem__F)
                  0080b2c0    00000020     app_pe66.oe66 (.text:xdc_runtime_IHeap_alloc)
                  0080b2e0    00000020     app_pe66.oe66 (.text:xdc_runtime_IHeap_free)
                  0080b300    00000020     app_pe66.oe66 (.text:xdc_runtime_LoggerBuf_Module_GateProxy_enter__E)
                  0080b320    00000020     app_pe66.oe66 (.text:xdc_runtime_LoggerBuf_Module_GateProxy_leave__E)
                  0080b340    00000020     ti.targets.rts6000.ae66 : LoggerBuf.oe66 (.text:xdc_runtime_LoggerBuf_disable__F)
                  0080b360    00000020                             : LoggerBuf.oe66 (.text:xdc_runtime_LoggerBuf_enable__F)
                  0080b380    00000020     app_pe66.oe66 (.text:xdc_runtime_Memory_HeapProxy_alloc__E)
                  0080b3a0    00000020     app_pe66.oe66 (.text:xdc_runtime_Memory_HeapProxy_free__E)
                  0080b3c0    00000020     app_pe66.oe66 (.text:xdc_runtime_Startup_exec__I)
                  0080b3e0    00000020     app_pe66.oe66 (.text:xdc_runtime_Startup_reset__I)
                  0080b400    00000020     ti.targets.rts6000.ae66 : SysMin.oe66 (.text:xdc_runtime_SysMin_ready__F)
                  0080b420    00000020     app_pe66.oe66 (.text:xdc_runtime_System_Module_GateProxy_enter__E)
                  0080b440    00000020     app_pe66.oe66 (.text:xdc_runtime_System_Module_GateProxy_leave__E)
                  0080b460    00000020     ti.targets.rts6000.ae66 : System.oe66 (.text:xdc_runtime_System_Module_startup__F)
                  0080b480    00000020                             : System.oe66 (.text:xdc_runtime_System_exit__F)
                  0080b4a0    00000020                             : System.oe66 (.text:xdc_runtime_System_lastFxn__I)
                  0080b4c0    00000020                             : System.oe66 (.text:xdc_runtime_System_vsnprintf__F)
                  0080b4e0    00000020     app_pe66.oe66 (.text:xdc_runtime_Text_visitRope__I)

.stack     0    0080b500    00008000     UNINITIALIZED
                  0080b500    00000008     boot.ae66 : boot.oe66 (.stack)
                  0080b508    00007ff8     --HOLE--

.const     0    00813500    00002124     
                  00813500    00001211     app_pe66.oe66 (.const:xdc_runtime_Text_charTab__A)
                  00814711    00000001     --HOLE-- [fill = 0]
                  00814712    00000002     app_pe66.oe66 (.const:ti_sysbios_BIOS_Module__id__C)
                  00814714    00000004     ti.targets.rts6000.ae66 : Assert.oe66 (.const:.string)
                  00814718    00000400     app_pe66.oe66 (.const:ti_sysbios_family_c66_Cache_marvalues__C)
                  00814b18    000003d0     sysbios.lib : BIOS.obj (.const:.string)
                  00814ee8    000000c8     app_pe66.oe66 (.const:xdc_runtime_Text_nodeTab__A)
                  00814fb0    00000058     ti.targets.rts6000.ae66 : Error.oe66 (.const:.string)
                  00815008    00000048     app_pe66.oe66 (.const:.string)
                  00815050    00000040     ti.targets.rts6000.ae66 : Text.oe66 (.const:.string)
                  00815090    0000003c     app_pe66.oe66 (.const:xdc_runtime_LoggerBuf_Module__FXNS__C)
                  008150cc    00000004     app_pe66.oe66 (.const:ti_sysbios_BIOS_Module__diagsEnabled__C)
                  008150d0    00000034     app_pe66.oe66 (.const:xdc_runtime_Startup_sfxnTab__A)
                  00815104    0000002c     ti.targets.rts6000.ae66 : Startup.oe66 (.const:.string)
                  00815130    00000028     app_pe66.oe66 (.const:ti_sysbios_heaps_HeapMem_Module__FXNS__C)
                  00815158    00000028     app_pe66.oe66 (.const:xdc_runtime_LoggerBuf_Object__PARAMS__C)
                  00815180    00000024     app_pe66.oe66 (.const:ti_sysbios_gates_GateHwi_Module__FXNS__C)
                  008151a4    00000024     app_pe66.oe66 (.const:ti_sysbios_gates_GateMutex_Module__FXNS__C)
                  008151c8    00000024     app_pe66.oe66 (.const:ti_sysbios_knl_Clock_Object__PARAMS__C)
                  008151ec    00000024     app_pe66.oe66 (.const:ti_sysbios_knl_Semaphore_Object__PARAMS__C)
                  00815210    00000020     app_pe66.oe66 (.const:ti_sysbios_gates_GateHwi_Object__DESC__C)
                  00815230    00000020     app_pe66.oe66 (.const:ti_sysbios_gates_GateMutex_Object__DESC__C)
                  00815250    00000020     app_pe66.oe66 (.const:ti_sysbios_heaps_HeapMem_Object__DESC__C)
                  00815270    00000020     app_pe66.oe66 (.const:ti_sysbios_heaps_HeapMem_Object__PARAMS__C)
                  00815290    00000020     app_pe66.oe66 (.const:ti_sysbios_knl_Clock_Object__DESC__C)
                  008152b0    00000020     app_pe66.oe66 (.const:ti_sysbios_knl_Queue_Object__DESC__C)
                  008152d0    00000020     app_pe66.oe66 (.const:ti_sysbios_knl_Semaphore_Object__DESC__C)
                  008152f0    00000020     app_pe66.oe66 (.const:xdc_runtime_LoggerBuf_Object__DESC__C)
                  00815310    0000001a     app_pe66.oe66 (.const:xdc_runtime_Startup_sfxnRts__A)
                  0081532a    00000002     app_pe66.oe66 (.const:ti_sysbios_family_c64p_Exception_Module__id__C)
                  0081532c    00000018     app_pe66.oe66 (.const:ti_sysbios_gates_GateHwi_Object__PARAMS__C)
                  00815344    00000018     app_pe66.oe66 (.const:ti_sysbios_gates_GateMutex_Object__PARAMS__C)
                  0081535c    00000018     app_pe66.oe66 (.const:ti_sysbios_knl_Queue_Object__PARAMS__C)
                  00815374    00000004     app_pe66.oe66 (.const:ti_sysbios_BIOS_Module__diagsIncluded__C)
                  00815378    00000018     app_pe66.oe66 (.const:ti_sysbios_knl_Task_hooks__A)
                  00815390    00000011     ti.targets.rts6000.ae66 : System.oe66 (.const:digtohex)
                  008153a1    00000001     --HOLE-- [fill = 0]
                  008153a2    00000002     app_pe66.oe66 (.const:ti_sysbios_family_c64p_Hwi_Module__id__C)
                  008153a4    0000000c     app_pe66.oe66 (.const:ti_sysbios_family_c66_Cache_initSize__C)
                  008153b0    00000008     ti.targets.rts6000.ae66 : System.oe66 (.const:.string)
                  008153b8    00000008     app_pe66.oe66 (.const:ti_sysbios_knl_Idle_funcList__C)
                  008153c0    00000008     app_pe66.oe66 (.const:ti_sysbios_knl_Task_hooks__C)
                  008153c8    00000008     app_pe66.oe66 (.const:xdc_runtime_Startup_firstFxns__A)
                  008153d0    00000008     app_pe66.oe66 (.const:xdc_runtime_Startup_firstFxns__C)
                  008153d8    00000008     app_pe66.oe66 (.const:xdc_runtime_Startup_lastFxns__C)
                  008153e0    00000004     app_pe66.oe66 (.const:ti_sysbios_BIOS_Module__diagsMask__C)
                  008153e4    00000004     app_pe66.oe66 (.const:ti_sysbios_BIOS_installedErrorHook__C)
                  008153e8    00000004     app_pe66.oe66 (.const:ti_sysbios_family_c64p_Exception_E_exceptionMin__C)
                  008153ec    00000004     app_pe66.oe66 (.const:ti_sysbios_family_c64p_Exception_exceptionHook__C)
                  008153f0    00000004     app_pe66.oe66 (.const:ti_sysbios_family_c64p_Exception_externalHook__C)
                  008153f4    00000004     app_pe66.oe66 (.const:ti_sysbios_family_c64p_Exception_internalHook__C)
                  008153f8    00000004     app_pe66.oe66 (.const:ti_sysbios_family_c64p_Exception_nmiHook__C)
                  008153fc    00000004     app_pe66.oe66 (.const:ti_sysbios_family_c64p_Hwi_LD_end__C)
                  00815400    00000004     app_pe66.oe66 (.const:ti_sysbios_family_c64p_Hwi_LM_begin__C)
                  00815404    00000004     app_pe66.oe66 (.const:ti_sysbios_family_c64p_Hwi_Module__diagsEnabled__C)
                  00815408    00000004     app_pe66.oe66 (.const:ti_sysbios_family_c64p_Hwi_Module__diagsIncluded__C)
                  0081540c    00000004     app_pe66.oe66 (.const:ti_sysbios_family_c64p_Hwi_Module__diagsMask__C)
                  00815410    00000004     app_pe66.oe66 (.const:ti_sysbios_family_c64p_Hwi_Module__loggerFxn1__C)
                  00815414    00000004     app_pe66.oe66 (.const:ti_sysbios_family_c64p_Hwi_Module__loggerFxn8__C)
                  00815418    00000004     app_pe66.oe66 (.const:ti_sysbios_family_c64p_Hwi_Module__loggerObj__C)
                  0081541c    00000004     app_pe66.oe66 (.const:ti_sysbios_gates_GateMutex_A_badContext__C)
                  00815420    00000004     app_pe66.oe66 (.const:ti_sysbios_gates_GateMutex_Instance_State_sem__O)
                  00815424    00000004     app_pe66.oe66 (.const:ti_sysbios_gates_GateMutex_Module__diagsEnabled__C)
                  00815428    00000004     app_pe66.oe66 (.const:ti_sysbios_gates_GateMutex_Module__diagsIncluded__C)
                  0081542c    00000004     app_pe66.oe66 (.const:ti_sysbios_gates_GateMutex_Module__diagsMask__C)
                  00815430    00000004     app_pe66.oe66 (.const:ti_sysbios_hal_Hwi_E_stackOverflow__C)
                  00815434    00000004     app_pe66.oe66 (.const:ti_sysbios_heaps_HeapMem_A_align__C)
                  00815438    00000004     app_pe66.oe66 (.const:ti_sysbios_heaps_HeapMem_A_heapSize__C)
                  0081543c    00000004     app_pe66.oe66 (.const:ti_sysbios_heaps_HeapMem_A_invalidFree__C)
                  00815440    00000004     app_pe66.oe66 (.const:ti_sysbios_heaps_HeapMem_A_zeroBlock__C)
                  00815444    00000004     app_pe66.oe66 (.const:ti_sysbios_heaps_HeapMem_E_memory__C)
                  00815448    00000004     app_pe66.oe66 (.const:ti_sysbios_heaps_HeapMem_Module__diagsEnabled__C)
                  0081544c    00000004     app_pe66.oe66 (.const:ti_sysbios_heaps_HeapMem_Module__diagsIncluded__C)
                  00815450    00000004     app_pe66.oe66 (.const:ti_sysbios_heaps_HeapMem_Module__diagsMask__C)
                  00815454    00000004     app_pe66.oe66 (.const:ti_sysbios_heaps_HeapMem_Module__gateObj__C)
                  00815458    00000004     app_pe66.oe66 (.const:ti_sysbios_heaps_HeapMem_Object__count__C)
                  0081545c    00000004     app_pe66.oe66 (.const:ti_sysbios_heaps_HeapMem_reqAlignMask__C)
                  00815460    00000004     app_pe66.oe66 (.const:ti_sysbios_heaps_HeapMem_reqAlign__C)
                  00815464    00000004     app_pe66.oe66 (.const:ti_sysbios_knl_Clock_A_badThreadType__C)
                  00815468    00000004     app_pe66.oe66 (.const:ti_sysbios_knl_Clock_LM_begin__C)
                  0081546c    00000004     app_pe66.oe66 (.const:ti_sysbios_knl_Clock_LM_tick__C)
                  00815470    00000004     app_pe66.oe66 (.const:ti_sysbios_knl_Clock_LW_delayed__C)
                  00815474    00000004     app_pe66.oe66 (.const:ti_sysbios_knl_Clock_Module_State_clockQ__O)
                  00815478    00000004     app_pe66.oe66 (.const:ti_sysbios_knl_Clock_Module__diagsEnabled__C)
                  0081547c    00000004     app_pe66.oe66 (.const:ti_sysbios_knl_Clock_Module__diagsIncluded__C)
                  00815480    00000004     app_pe66.oe66 (.const:ti_sysbios_knl_Clock_Module__diagsMask__C)
                  00815484    00000004     app_pe66.oe66 (.const:ti_sysbios_knl_Clock_Module__loggerFxn1__C)
                  00815488    00000004     app_pe66.oe66 (.const:ti_sysbios_knl_Clock_Module__loggerFxn2__C)
                  0081548c    00000004     app_pe66.oe66 (.const:ti_sysbios_knl_Clock_Module__loggerObj__C)
                  00815490    00000004     app_pe66.oe66 (.const:ti_sysbios_knl_Idle_funcList__A)
                  00815494    00000004     app_pe66.oe66 (.const:ti_sysbios_knl_Semaphore_A_badContext__C)
                  00815498    00000004     app_pe66.oe66 (.const:ti_sysbios_knl_Semaphore_A_noEvents__C)
                  0081549c    00000004     app_pe66.oe66 (.const:ti_sysbios_knl_Semaphore_A_overflow__C)
                  008154a0    00000004     app_pe66.oe66 (.const:ti_sysbios_knl_Semaphore_Instance_State_pendQ__O)
                  008154a4    00000004     app_pe66.oe66 (.const:ti_sysbios_knl_Semaphore_LM_pend__C)
                  008154a8    00000004     app_pe66.oe66 (.const:ti_sysbios_knl_Semaphore_LM_post__C)
                  008154ac    00000004     app_pe66.oe66 (.const:ti_sysbios_knl_Semaphore_Module__diagsEnabled__C)
                  008154b0    00000004     app_pe66.oe66 (.const:ti_sysbios_knl_Semaphore_Module__diagsIncluded__C)
                  008154b4    00000004     app_pe66.oe66 (.const:ti_sysbios_knl_Semaphore_Module__diagsMask__C)
                  008154b8    00000004     app_pe66.oe66 (.const:ti_sysbios_knl_Semaphore_Module__loggerFxn2__C)
                  008154bc    00000004     app_pe66.oe66 (.const:ti_sysbios_knl_Semaphore_Module__loggerFxn4__C)
                  008154c0    00000004     app_pe66.oe66 (.const:ti_sysbios_knl_Semaphore_Module__loggerObj__C)
                  008154c4    00000004     app_pe66.oe66 (.const:ti_sysbios_knl_Swi_LD_end__C)
                  008154c8    00000004     app_pe66.oe66 (.const:ti_sysbios_knl_Swi_LM_begin__C)
                  008154cc    00000004     app_pe66.oe66 (.const:ti_sysbios_knl_Swi_LM_post__C)
                  008154d0    00000004     app_pe66.oe66 (.const:ti_sysbios_knl_Swi_Module__diagsEnabled__C)
                  008154d4    00000004     app_pe66.oe66 (.const:ti_sysbios_knl_Swi_Module__diagsIncluded__C)
                  008154d8    00000004     app_pe66.oe66 (.const:ti_sysbios_knl_Swi_Module__diagsMask__C)
                  008154dc    00000004     app_pe66.oe66 (.const:ti_sysbios_knl_Swi_Module__loggerFxn1__C)
                  008154e0    00000004     app_pe66.oe66 (.const:ti_sysbios_knl_Swi_Module__loggerFxn4__C)
                  008154e4    00000004     app_pe66.oe66 (.const:ti_sysbios_knl_Swi_Module__loggerObj__C)
                  008154e8    00000004     app_pe66.oe66 (.const:ti_sysbios_knl_Swi_Object__count__C)
                  008154ec    00000004     app_pe66.oe66 (.const:ti_sysbios_knl_Task_E_spOutOfBounds__C)
                  008154f0    00000004     app_pe66.oe66 (.const:ti_sysbios_knl_Task_E_stackOverflow__C)
                  008154f4    00000004     app_pe66.oe66 (.const:ti_sysbios_knl_Task_LD_block__C)
                  008154f8    00000004     app_pe66.oe66 (.const:ti_sysbios_knl_Task_LD_exit__C)
                  008154fc    00000004     app_pe66.oe66 (.const:ti_sysbios_knl_Task_LD_ready__C)
                  00815500    00000004     app_pe66.oe66 (.const:ti_sysbios_knl_Task_LM_switch__C)
                  00815504    00000004     app_pe66.oe66 (.const:ti_sysbios_knl_Task_Module_State_inactiveQ__O)
                  00815508    00000004     app_pe66.oe66 (.const:ti_sysbios_knl_Task_Module__diagsEnabled__C)
                  0081550c    00000004     app_pe66.oe66 (.const:ti_sysbios_knl_Task_Module__diagsIncluded__C)
                  00815510    00000004     app_pe66.oe66 (.const:ti_sysbios_knl_Task_Module__diagsMask__C)
                  00815514    00000004     app_pe66.oe66 (.const:ti_sysbios_knl_Task_Module__loggerFxn2__C)
                  00815518    00000004     app_pe66.oe66 (.const:ti_sysbios_knl_Task_Module__loggerFxn4__C)
                  0081551c    00000004     app_pe66.oe66 (.const:ti_sysbios_knl_Task_Module__loggerObj__C)
                  00815520    00000004     app_pe66.oe66 (.const:ti_sysbios_knl_Task_Object__count__C)
                  00815524    00000004     app_pe66.oe66 (.const:ti_sysbios_knl_Task_allBlockedFunc__C)
                  00815528    00000004     app_pe66.oe66 (.const:ti_sysbios_knl_Task_numConstructedTasks__C)
                  0081552c    00000004     app_pe66.oe66 (.const:ti_sysbios_timers_timer64_Timer_A_notAvailable__C)
                  00815530    00000004     app_pe66.oe66 (.const:ti_sysbios_timers_timer64_Timer_E_cannotSupport__C)
                  00815534    00000004     app_pe66.oe66 (.const:ti_sysbios_timers_timer64_Timer_Module__diagsEnabled__C)
                  00815538    00000004     app_pe66.oe66 (.const:ti_sysbios_timers_timer64_Timer_Module__diagsIncluded__C)
                  0081553c    00000004     app_pe66.oe66 (.const:ti_sysbios_timers_timer64_Timer_Module__diagsMask__C)
                  00815540    00000004     app_pe66.oe66 (.const:ti_sysbios_timers_timer64_Timer_anyMask__C)
                  00815544    00000004     app_pe66.oe66 (.const:ti_sysbios_timers_timer64_Timer_freqDivisor__C)
                  00815548    00000004     app_pe66.oe66 (.const:ti_sysbios_timers_timer64_Timer_numLocalTimers__C)
                  0081554c    00000004     app_pe66.oe66 (.const:ti_sysbios_timers_timer64_Timer_numTimerDevices__C)
                  00815550    00000004     app_pe66.oe66 (.const:xdc_runtime_Assert_E_assertFailed__C)
                  00815554    00000004     app_pe66.oe66 (.const:xdc_runtime_Core_A_initializedParams__C)
                  00815558    00000004     app_pe66.oe66 (.const:xdc_runtime_Core_Module__diagsEnabled__C)
                  0081555c    00000004     app_pe66.oe66 (.const:xdc_runtime_Core_Module__diagsIncluded__C)
                  00815560    00000004     app_pe66.oe66 (.const:xdc_runtime_Core_Module__diagsMask__C)
                  00815564    00000004     app_pe66.oe66 (.const:xdc_runtime_Error_E_memory__C)
                  00815568    00000004     app_pe66.oe66 (.const:xdc_runtime_Error_Module__diagsEnabled__C)
                  0081556c    00000004     app_pe66.oe66 (.const:xdc_runtime_Error_Module__diagsIncluded__C)
                  00815570    00000004     app_pe66.oe66 (.const:xdc_runtime_Error_Module__diagsMask__C)
                  00815574    00000004     app_pe66.oe66 (.const:xdc_runtime_Error_Module__loggerFxn8__C)
                  00815578    00000004     app_pe66.oe66 (.const:xdc_runtime_Error_Module__loggerObj__C)
                  0081557c    00000004     app_pe66.oe66 (.const:xdc_runtime_Error_policy__C)
                  00815580    00000004     app_pe66.oe66 (.const:xdc_runtime_Error_raiseHook__C)
                  00815584    00000004     app_pe66.oe66 (.const:xdc_runtime_IFilterLogger_Interface__BASE__C)
                  00815588    00000004     app_pe66.oe66 (.const:xdc_runtime_IGateProvider_Interface__BASE__C)
                  0081558c    00000004     app_pe66.oe66 (.const:xdc_runtime_IHeap_Interface__BASE__C)
                  00815590    00000004     app_pe66.oe66 (.const:xdc_runtime_ILogger_Interface__BASE__C)
                  00815594    00000004     app_pe66.oe66 (.const:xdc_runtime_IModule_Interface__BASE__C)
                  00815598    00000004     app_pe66.oe66 (.const:xdc_runtime_Log_L_error__C)
                  0081559c    00000004     app_pe66.oe66 (.const:xdc_runtime_LoggerBuf_E_badLevel__C)
                  008155a0    00000004     app_pe66.oe66 (.const:xdc_runtime_LoggerBuf_Module__gateObj__C)
                  008155a4    00000004     app_pe66.oe66 (.const:xdc_runtime_LoggerBuf_Object__count__C)
                  008155a8    00000004     app_pe66.oe66 (.const:xdc_runtime_LoggerBuf_statusLogger__C)
                  008155ac    00000004     app_pe66.oe66 (.const:xdc_runtime_Memory_defaultHeapInstance__C)
                  008155b0    00000004     app_pe66.oe66 (.const:xdc_runtime_Startup_execImpl__C)
                  008155b4    00000004     app_pe66.oe66 (.const:xdc_runtime_Startup_maxPasses__C)
                  008155b8    00000004     app_pe66.oe66 (.const:xdc_runtime_Startup_lastFxns__A)
                  008155bc    00000004     app_pe66.oe66 (.const:xdc_runtime_Startup_sfxnRts__C)
                  008155c0    00000004     app_pe66.oe66 (.const:xdc_runtime_Startup_sfxnTab__C)
                  008155c4    00000004     app_pe66.oe66 (.const:xdc_runtime_SysMin_bufSize__C)
                  008155c8    00000004     app_pe66.oe66 (.const:xdc_runtime_SysMin_outputFunc__C)
                  008155cc    00000004     app_pe66.oe66 (.const:xdc_runtime_System_Module__gateObj__C)
                  008155d0    00000004     app_pe66.oe66 (.const:xdc_runtime_System_extendFxn__C)
                  008155d4    00000004     app_pe66.oe66 (.const:xdc_runtime_System_maxAtexitHandlers__C)
                  008155d8    00000004     app_pe66.oe66 (.const:xdc_runtime_Text_charTab__C)
                  008155dc    00000004     app_pe66.oe66 (.const:xdc_runtime_Text_nameEmpty__C)
                  008155e0    00000004     app_pe66.oe66 (.const:xdc_runtime_Text_nameStatic__C)
                  008155e4    00000004     app_pe66.oe66 (.const:xdc_runtime_Text_nameUnknown__C)
                  008155e8    00000004     app_pe66.oe66 (.const:xdc_runtime_Text_nodeTab__C)
                  008155ec    00000004     app_pe66.oe66 (.const:xdc_runtime_Text_visitRopeFxn__C)
                  008155f0    00000002     app_pe66.oe66 (.const:ti_sysbios_family_c64p_Hwi_Module__loggerDefined__C)
                  008155f2    00000002     app_pe66.oe66 (.const:ti_sysbios_gates_GateMutex_Module__id__C)
                  008155f4    00000002     app_pe66.oe66 (.const:ti_sysbios_hal_Hwi_Module__id__C)
                  008155f6    00000002     app_pe66.oe66 (.const:ti_sysbios_heaps_HeapMem_Module__id__C)
                  008155f8    00000002     app_pe66.oe66 (.const:ti_sysbios_knl_Clock_Module__id__C)
                  008155fa    00000002     app_pe66.oe66 (.const:ti_sysbios_knl_Clock_Module__loggerDefined__C)
                  008155fc    00000002     app_pe66.oe66 (.const:ti_sysbios_knl_Semaphore_Module__id__C)
                  008155fe    00000002     app_pe66.oe66 (.const:ti_sysbios_knl_Semaphore_Module__loggerDefined__C)
                  00815600    00000002     app_pe66.oe66 (.const:ti_sysbios_knl_Swi_Module__id__C)
                  00815602    00000002     app_pe66.oe66 (.const:ti_sysbios_knl_Swi_Module__loggerDefined__C)
                  00815604    00000002     app_pe66.oe66 (.const:ti_sysbios_knl_Task_Module__id__C)
                  00815606    00000002     app_pe66.oe66 (.const:ti_sysbios_knl_Task_Module__loggerDefined__C)
                  00815608    00000002     app_pe66.oe66 (.const:ti_sysbios_knl_Task_initStackFlag__C)
                  0081560a    00000002     app_pe66.oe66 (.const:ti_sysbios_timers_timer64_Timer_Module__id__C)
                  0081560c    00000002     app_pe66.oe66 (.const:ti_sysbios_timers_timer64_Timer_startupNeeded__C)
                  0081560e    00000002     app_pe66.oe66 (.const:xdc_runtime_Core_Module__id__C)
                  00815610    00000002     app_pe66.oe66 (.const:xdc_runtime_Error_Module__loggerDefined__C)
                  00815612    00000002     app_pe66.oe66 (.const:xdc_runtime_Error_maxDepth__C)
                  00815614    00000002     app_pe66.oe66 (.const:xdc_runtime_LoggerBuf_Module__id__C)
                  00815616    00000002     app_pe66.oe66 (.const:xdc_runtime_LoggerBuf_filterByLevel__C)
                  00815618    00000002     app_pe66.oe66 (.const:xdc_runtime_Memory_Module__id__C)
                  0081561a    00000002     app_pe66.oe66 (.const:xdc_runtime_SysMin_flushAtExit__C)
                  0081561c    00000002     app_pe66.oe66 (.const:xdc_runtime_Text_charCnt__C)
                  0081561e    00000002     app_pe66.oe66 (.const:xdc_runtime_Text_isLoaded__C)
                  00815620    00000002     app_pe66.oe66 (.const:xdc_runtime_Text_registryModsLastId__C)
                  00815622    00000002     app_pe66.oe66 (.const:xdc_runtime_Text_unnamedModsLastId__C)

.far       0    00815628    00001c10     UNINITIALIZED
                  00815628    00001408     app_pe66.oe66 (.far)
                  00816a30    00000800     app_pe66.oe66 (.far:taskStackSection)
                  00817230    00000008     rts6600_elf.lib : trgdrv.obj (.far)

.fardata   0    00817238    0000060c     
                  00817238    000001ec     app_pe66.oe66 (.fardata)
                  00817424    00000004     rts6600_elf.lib : dtor_list.obj (.fardata)
                  00817428    000000c0     app_pe66.oe66 (.fardata:ti_sysbios_timers_timer64_Timer_Module_State_0_device__A)
                  008174e8    00000080     app_pe66.oe66 (.fardata:ti_sysbios_knl_Swi_Module_State_0_readyQ__A)
                  00817568    00000080     app_pe66.oe66 (.fardata:ti_sysbios_knl_Task_Module_State_0_readyQ__A)
                  008175e8    0000004c     app_pe66.oe66 (.fardata:ti_sysbios_timers_timer64_Timer_Object__table__V)
                  00817634    00000004     --HOLE--
                  00817638    00000044     app_pe66.oe66 (.fardata:ti_sysbios_knl_Task_Object__table__V)
                  0081767c    00000004     --HOLE--
                  00817680    00000040     app_pe66.oe66 (.fardata:ti_sysbios_gates_GateMutex_Object__table__V)
                  008176c0    00000040     app_pe66.oe66 (.fardata:ti_sysbios_timers_timer64_Timer_Module_State_0_gctrl__A)
                  00817700    00000040     app_pe66.oe66 (.fardata:ti_sysbios_timers_timer64_Timer_Module_State_0_handles__A)
                  00817740    00000040     app_pe66.oe66 (.fardata:ti_sysbios_timers_timer64_Timer_Module_State_0_intFreqs__A)
                  00817780    00000030     app_pe66.oe66 (.fardata:ti_sysbios_knl_Swi_Object__table__V)
                  008177b0    00000024     app_pe66.oe66 (.fardata:xdc_runtime_LoggerBuf_Object__table__V)
                  008177d4    00000004     --HOLE--
                  008177d8    00000018     app_pe66.oe66 (.fardata:ti_sysbios_family_c64p_Hwi_Object__table__V)
                  008177f0    00000014     app_pe66.oe66 (.fardata:ti_sysbios_heaps_HeapMem_Object__table__V)
                  00817804    00000004     --HOLE--
                  00817808    00000010     app_pe66.oe66 (.fardata:xdc_runtime_System_Module_State_0_atexitHandlers__A)
                  00817818    0000000c     rts6600_elf.lib : exit.obj (.fardata)
                  00817824    00000008                     : _lock.obj (.fardata)
                  0081782c    00000004     --HOLE--
                  00817830    00000008     app_pe66.oe66 (.fardata:ti_sysbios_hal_Hwi_Object__table__V)
                  00817838    00000008     app_pe66.oe66 (.fardata:ti_sysbios_hal_Timer_Object__table__V)
                  00817840    00000004     app_pe66.oe66 (.fardata:ti_sysbios_gates_GateHwi_Object__table__V)

.cio       0    00817848    00000120     UNINITIALIZED
                  00817848    00000120     rts6600_elf.lib : trgmsg.obj (.cio)

.bss       0    00817968    0000000c     UNINITIALIZED
                  00817968    0000000c     main.obj (.bss)

.neardata 
*          0    00817974    00000000     UNINITIALIZED

.rodata    0    00817974    00000000     UNINITIALIZED

.vecs      0    00817c00    00000200     
                  00817c00    00000200     app_pe66.oe66 (.vecs)

.cinit     0    00817e00    00000300     
                  00817e00    000002cc     (.cinit..fardata.load) [load image, compression = rle]
                  008180cc    0000000c     (__TI_handler_table)
                  008180d8    00000008     (.cinit..bss.load) [load image, compression = zero_init]
                  008180e0    00000008     (.cinit..far.load) [load image, compression = zero_init]
                  008180e8    00000018     (__TI_cinit_table)


LINKER GENERATED COPY TABLES

__TI_cinit_table @ 008180e8 records: 3, size/record: 8, table size: 24
	.fardata: load addr=00817e00, load size=000002cc bytes, run addr=00817238, run size=0000060c bytes, compression=rle
	.bss: load addr=008180d8, load size=00000008 bytes, run addr=00817968, run size=0000000c bytes, compression=zero_init
	.far: load addr=008180e0, load size=00000008 bytes, run addr=00815628, run size=00001c10 bytes, compression=zero_init


LINKER GENERATED HANDLER TABLE

__TI_handler_table @ 008180cc records: 3, size/record: 4, table size: 12
	index: 0, handler: __TI_zero_init
	index: 1, handler: __TI_decompress_rle24
	index: 2, handler: __TI_decompress_none


GLOBAL SYMBOLS: SORTED ALPHABETICALLY BY Name 

address    name
--------   ----
0080ade0   C$$EXIT
00809ff8   C$$IO$$
UNDEFED    CSL_chipReadReg
UNDEFED    EDMAInit
008080a0   HOSTwrite
UNDEFED    IntcInit
UNDEFED    KeyStone_main_PLL_init
00817638   TSK_idle
00800000   __ASM__
00817848   __CIOBUF_
00800060   __ISA__
00800078   __PLAT__
008000a0   __TARG__
008180e8   __TI_CINIT_Base
00818100   __TI_CINIT_Limit
008180cc   __TI_Handler_Table_Base
008180d8   __TI_Handler_Table_Limit
UNDEFED    __TI_INITARRAY_Base
UNDEFED    __TI_INITARRAY_Limit
00813500   __TI_STACK_END
00008000   __TI_STACK_SIZE
00817968   __TI_STATIC_BASE
00000001   __TI_args_main
0080ae20   __TI_decompress_none
0080ae40   __TI_decompress_rle24
00817820   __TI_enable_exit_profile_output
ffffffff   __TI_pprof_out_hndl
ffffffff   __TI_prof_data_size
ffffffff   __TI_prof_data_start
00807d20   __TI_zero_init
008000c8   __TRDR__
ffffffff   __binit__
008082e0   __c6xabi_divu
00804420   __c6xabi_divull
00808f20   __c6xabi_llshl
00809b20   __c6xabi_llshru
008088e0   __c6xabi_remu
ffffffff   __c_args__
0080ace0   __cxa_atexit
00808220   __cxa_finalize
0080ad00   __cxa_ia64_exit
008082e0   __divu
008088e0   __remu
0080ad20   __xdc__init
00817420   __xdc__init__addr
0080a2a0   _args_main
00000000   _argsize
00806be0   _auto_init_elf
00808980   _c_int00
00817818   _cleanup_ptr
0081781c   _dtors_ptr
00817824   _lock
0080ad40   _nop
0080ad60   _register_lock
0080ad80   _register_unlock
0080b500   _stack
00809b80   _subcull
00817828   _unlock
0080ade0   abort
0081796c   algrithmCompleted
0080ae00   atexit
ffffffff   binit
00817970   coreNum
UNDEFED    deblurring_WIT_process
008083a0   exit
0080a360   free
00817968   imgCompleted
0080a3a0   main
00809020   malloc
00808a20   memcpy
00807e00   memset
008090a0   readmsg
008150cc   ti_sysbios_BIOS_Module__diagsEnabled__C
00815374   ti_sysbios_BIOS_Module__diagsIncluded__C
008153e0   ti_sysbios_BIOS_Module__diagsMask__C
00814712   ti_sysbios_BIOS_Module__id__C
00817238   ti_sysbios_BIOS_Module__state__V
0080ae80   ti_sysbios_BIOS_RtsGateProxy_enter__E
0080aea0   ti_sysbios_BIOS_RtsGateProxy_leave__E
0080b080   ti_sysbios_BIOS_RtsGateProxy_query__E
00808460   ti_sysbios_BIOS_errorRaiseHook__I
00809be0   ti_sysbios_BIOS_exitFunc__I
008153e4   ti_sysbios_BIOS_installedErrorHook__C
00809c40   ti_sysbios_BIOS_registerRTSLock__I
0080aec0   ti_sysbios_BIOS_setThreadType__E
0080a420   ti_sysbios_BIOS_startFunc__I
0080aee0   ti_sysbios_family_c62_TaskSupport_Module__startupDone__S
0080a2e0   ti_sysbios_family_c62_TaskSupport_buildTaskStack
0080af00   ti_sysbios_family_c62_TaskSupport_checkStack__E
0080ada0   ti_sysbios_family_c62_TaskSupport_glue
00809120   ti_sysbios_family_c62_TaskSupport_start__E
00808fa0   ti_sysbios_family_c62_TaskSupport_swap__E
008153e8   ti_sysbios_family_c64p_Exception_E_exceptionMin__C
0081532a   ti_sysbios_family_c64p_Exception_Module__id__C
00817254   ti_sysbios_family_c64p_Exception_Module__state__V
00809ca0   ti_sysbios_family_c64p_Exception_Module_startup__E
00809ca0   ti_sysbios_family_c64p_Exception_Module_startup__F
00806900   ti_sysbios_family_c64p_Exception_dispatch__E
008153ec   ti_sysbios_family_c64p_Exception_exceptionHook__C
008153f0   ti_sysbios_family_c64p_Exception_externalHook__C
008008a0   ti_sysbios_family_c64p_Exception_handler__I
00804660   ti_sysbios_family_c64p_Exception_internalHandler__I
008153f4   ti_sysbios_family_c64p_Exception_internalHook__C
008153f8   ti_sysbios_family_c64p_Exception_nmiHook__C
00817c00   ti_sysbios_family_c64p_Hwi0
00817c20   ti_sysbios_family_c64p_Hwi1
00817d40   ti_sysbios_family_c64p_Hwi10
00817d60   ti_sysbios_family_c64p_Hwi11
00817d80   ti_sysbios_family_c64p_Hwi12
00817da0   ti_sysbios_family_c64p_Hwi13
00817dc0   ti_sysbios_family_c64p_Hwi14
00817de0   ti_sysbios_family_c64p_Hwi15
00817c40   ti_sysbios_family_c64p_Hwi2
00817c60   ti_sysbios_family_c64p_Hwi3
00817c80   ti_sysbios_family_c64p_Hwi4
00817ca0   ti_sysbios_family_c64p_Hwi5
00817cc0   ti_sysbios_family_c64p_Hwi6
00817ce0   ti_sysbios_family_c64p_Hwi7
00817d00   ti_sysbios_family_c64p_Hwi8
00817d20   ti_sysbios_family_c64p_Hwi9
008153fc   ti_sysbios_family_c64p_Hwi_LD_end__C
00815400   ti_sysbios_family_c64p_Hwi_LM_begin__C
00815404   ti_sysbios_family_c64p_Hwi_Module__diagsEnabled__C
00815408   ti_sysbios_family_c64p_Hwi_Module__diagsIncluded__C
0081540c   ti_sysbios_family_c64p_Hwi_Module__diagsMask__C
008153a2   ti_sysbios_family_c64p_Hwi_Module__id__C
008155f0   ti_sysbios_family_c64p_Hwi_Module__loggerDefined__C
00815410   ti_sysbios_family_c64p_Hwi_Module__loggerFxn1__C
00815414   ti_sysbios_family_c64p_Hwi_Module__loggerFxn8__C
00815418   ti_sysbios_family_c64p_Hwi_Module__loggerObj__C
00817280   ti_sysbios_family_c64p_Hwi_Module__root__V
0080a460   ti_sysbios_family_c64p_Hwi_Module__startupDone__F
0080a460   ti_sysbios_family_c64p_Hwi_Module__startupDone__S
00817288   ti_sysbios_family_c64p_Hwi_Module__state__V
00806d20   ti_sysbios_family_c64p_Hwi_Module_startup__E
00806d20   ti_sysbios_family_c64p_Hwi_Module_startup__F
008177d8   ti_sysbios_family_c64p_Hwi_Object__table__V
0080af20   ti_sysbios_family_c64p_Hwi_clearInterrupt__E
0080a4a0   ti_sysbios_family_c64p_Hwi_disableInterrupt__E
008057e0   ti_sysbios_family_c64p_Hwi_dispatchAlways
008034c0   ti_sysbios_family_c64p_Hwi_dispatchC__I
0080a4e0   ti_sysbios_family_c64p_Hwi_enableInterrupt__E
0080af40   ti_sysbios_family_c64p_Hwi_startup__E
0080af60   ti_sysbios_family_c64p_Hwi_switchFromBootStack__E
0080af80   ti_sysbios_family_c64p_TimestampProvider_Module_startup__E
0080af80   ti_sysbios_family_c64p_TimestampProvider_Module_startup__F
0080afa0   ti_sysbios_family_c64p_TimestampProvider_get64__E
0080afc0   ti_sysbios_family_c64p_tci6488_TimerSupport_enable__E
00806e60   ti_sysbios_family_c66_Cache_Module_startup__E
00806e60   ti_sysbios_family_c66_Cache_Module_startup__F
008153a4   ti_sysbios_family_c66_Cache_initSize__C
00814718   ti_sysbios_family_c66_Cache_marvalues__C
0080a320   ti_sysbios_family_xxx_Hwi_switchToIsrStack
0080adc0   ti_sysbios_family_xxx_Hwi_switchToTaskStack
0080a520   ti_sysbios_gates_GateHwi_Handle__label__S
0080afe0   ti_sysbios_gates_GateHwi_Instance_init__F
00815180   ti_sysbios_gates_GateHwi_Module__FXNS__C
008172f0   ti_sysbios_gates_GateHwi_Module__root__V
00815210   ti_sysbios_gates_GateHwi_Object__DESC__C
0081532c   ti_sysbios_gates_GateHwi_Object__PARAMS__C
008091a0   ti_sysbios_gates_GateHwi_Object__create__S
0080a560   ti_sysbios_gates_GateHwi_Object__delete__S
00817840   ti_sysbios_gates_GateHwi_Object__table__V
0080b000   ti_sysbios_gates_GateHwi_enter__E
0080b020   ti_sysbios_gates_GateHwi_leave__E
0080b040   ti_sysbios_gates_GateHwi_query__E
0080b040   ti_sysbios_gates_GateHwi_query__F
0081541c   ti_sysbios_gates_GateMutex_A_badContext__C
0080a5a0   ti_sysbios_gates_GateMutex_Handle__label__S
00815420   ti_sysbios_gates_GateMutex_Instance_State_sem__O
0080b060   ti_sysbios_gates_GateMutex_Instance_finalize__F
00809d00   ti_sysbios_gates_GateMutex_Instance_init__F
008151a4   ti_sysbios_gates_GateMutex_Module__FXNS__C
00815424   ti_sysbios_gates_GateMutex_Module__diagsEnabled__C
00815428   ti_sysbios_gates_GateMutex_Module__diagsIncluded__C
0081542c   ti_sysbios_gates_GateMutex_Module__diagsMask__C
008155f2   ti_sysbios_gates_GateMutex_Module__id__C
008172f8   ti_sysbios_gates_GateMutex_Module__root__V
00815230   ti_sysbios_gates_GateMutex_Object__DESC__C
00815344   ti_sysbios_gates_GateMutex_Object__PARAMS__C
00809220   ti_sysbios_gates_GateMutex_Object__create__S
0080a5e0   ti_sysbios_gates_GateMutex_Object__delete__S
00817680   ti_sysbios_gates_GateMutex_Object__table__V
00806100   ti_sysbios_gates_GateMutex_enter__E
0080a620   ti_sysbios_gates_GateMutex_leave__E
0080b080   ti_sysbios_gates_GateMutex_query__E
0080b080   ti_sysbios_gates_GateMutex_query__F
00815430   ti_sysbios_hal_Hwi_E_stackOverflow__C
0080b0a0   ti_sysbios_hal_Hwi_HwiProxy_Module__startupDone__S
0080af20   ti_sysbios_hal_Hwi_HwiProxy_clearInterrupt__E
0080a4a0   ti_sysbios_hal_Hwi_HwiProxy_disableInterrupt__E
0080a4e0   ti_sysbios_hal_Hwi_HwiProxy_enableInterrupt__E
0080af40   ti_sysbios_hal_Hwi_HwiProxy_startup__E
0080af60   ti_sysbios_hal_Hwi_HwiProxy_switchFromBootStack__E
008155f4   ti_sysbios_hal_Hwi_Module__id__C
00817300   ti_sysbios_hal_Hwi_Module__root__V
0080b0c0   ti_sysbios_hal_Hwi_Module_startup__E
0080b0c0   ti_sysbios_hal_Hwi_Module_startup__F
00817830   ti_sysbios_hal_Hwi_Object__table__V
00809d60   ti_sysbios_hal_Hwi_checkStack
0080af20   ti_sysbios_hal_Hwi_clearInterrupt__E
0080a4a0   ti_sysbios_hal_Hwi_disableInterrupt__E
0080a4e0   ti_sysbios_hal_Hwi_enableInterrupt__E
008092a0   ti_sysbios_hal_Hwi_initStack
0080af40   ti_sysbios_hal_Hwi_startup__E
0080af60   ti_sysbios_hal_Hwi_switchFromBootStack__E
00817308   ti_sysbios_hal_Timer_Module__root__V
0080a660   ti_sysbios_hal_Timer_Module__startupDone__F
0080a660   ti_sysbios_hal_Timer_Module__startupDone__S
0080b0e0   ti_sysbios_hal_Timer_Module_startup__E
0080b0e0   ti_sysbios_hal_Timer_Module_startup__F
00817838   ti_sysbios_hal_Timer_Object__table__V
0080b100   ti_sysbios_hal_Timer_TimerProxy_Module__startupDone__S
0080b120   ti_sysbios_hal_Timer_TimerProxy_getPeriod__E
008053a0   ti_sysbios_hal_Timer_TimerProxy_startup__E
008053a0   ti_sysbios_hal_Timer_startup__E
00815434   ti_sysbios_heaps_HeapMem_A_align__C
00815438   ti_sysbios_heaps_HeapMem_A_heapSize__C
0081543c   ti_sysbios_heaps_HeapMem_A_invalidFree__C
00815440   ti_sysbios_heaps_HeapMem_A_zeroBlock__C
00815444   ti_sysbios_heaps_HeapMem_E_memory__C
0080a6a0   ti_sysbios_heaps_HeapMem_Handle__label__S
00815628   ti_sysbios_heaps_HeapMem_Instance_State_0_buf__A
008062a0   ti_sysbios_heaps_HeapMem_Instance_init__F
0080b140   ti_sysbios_heaps_HeapMem_Module_GateProxy_enter__E
0080b160   ti_sysbios_heaps_HeapMem_Module_GateProxy_leave__E
0080b080   ti_sysbios_heaps_HeapMem_Module_GateProxy_query__E
00815130   ti_sysbios_heaps_HeapMem_Module__FXNS__C
00815448   ti_sysbios_heaps_HeapMem_Module__diagsEnabled__C
0081544c   ti_sysbios_heaps_HeapMem_Module__diagsIncluded__C
00815450   ti_sysbios_heaps_HeapMem_Module__diagsMask__C
00815454   ti_sysbios_heaps_HeapMem_Module__gateObj__C
008155f6   ti_sysbios_heaps_HeapMem_Module__id__C
00817310   ti_sysbios_heaps_HeapMem_Module__root__V
00815250   ti_sysbios_heaps_HeapMem_Object__DESC__C
00815270   ti_sysbios_heaps_HeapMem_Object__PARAMS__C
00815458   ti_sysbios_heaps_HeapMem_Object__count__C
00809320   ti_sysbios_heaps_HeapMem_Object__create__S
0080a6e0   ti_sysbios_heaps_HeapMem_Object__delete__S
0080a720   ti_sysbios_heaps_HeapMem_Object__get__S
008177f0   ti_sysbios_heaps_HeapMem_Object__table__V
00801680   ti_sysbios_heaps_HeapMem_alloc__E
00801020   ti_sysbios_heaps_HeapMem_free__E
00808520   ti_sysbios_heaps_HeapMem_getStats__E
00808ac0   ti_sysbios_heaps_HeapMem_init__I
0080b180   ti_sysbios_heaps_HeapMem_isBlocking__E
0081545c   ti_sysbios_heaps_HeapMem_reqAlignMask__C
00815460   ti_sysbios_heaps_HeapMem_reqAlign__C
00815464   ti_sysbios_knl_Clock_A_badThreadType__C
00806fa0   ti_sysbios_knl_Clock_Instance_finalize__F
00802e40   ti_sysbios_knl_Clock_Instance_init__F
00815468   ti_sysbios_knl_Clock_LM_begin__C
0081546c   ti_sysbios_knl_Clock_LM_tick__C
00815470   ti_sysbios_knl_Clock_LW_delayed__C
00815474   ti_sysbios_knl_Clock_Module_State_clockQ__O
00815478   ti_sysbios_knl_Clock_Module__diagsEnabled__C
0081547c   ti_sysbios_knl_Clock_Module__diagsIncluded__C
00815480   ti_sysbios_knl_Clock_Module__diagsMask__C
008155f8   ti_sysbios_knl_Clock_Module__id__C
008155fa   ti_sysbios_knl_Clock_Module__loggerDefined__C
00815484   ti_sysbios_knl_Clock_Module__loggerFxn1__C
00815488   ti_sysbios_knl_Clock_Module__loggerFxn2__C
0081548c   ti_sysbios_knl_Clock_Module__loggerObj__C
00817318   ti_sysbios_knl_Clock_Module__root__V
00817320   ti_sysbios_knl_Clock_Module__state__V
00809dc0   ti_sysbios_knl_Clock_Module_startup__E
00809dc0   ti_sysbios_knl_Clock_Module_startup__F
00815290   ti_sysbios_knl_Clock_Object__DESC__C
008151c8   ti_sysbios_knl_Clock_Object__PARAMS__C
008093a0   ti_sysbios_knl_Clock_Object__create__S
0080a760   ti_sysbios_knl_Clock_Object__destruct__S
0080b1a0   ti_sysbios_knl_Clock_Params__init__S
00809420   ti_sysbios_knl_Clock_doTick__I
008085e0   ti_sysbios_knl_Clock_logTick__E
008037c0   ti_sysbios_knl_Clock_workFunc__E
00815490   ti_sysbios_knl_Idle_funcList__A
008153b8   ti_sysbios_knl_Idle_funcList__C
008094a0   ti_sysbios_knl_Idle_loop__E
0080b1c0   ti_sysbios_knl_Queue_Instance_init__F
0081734c   ti_sysbios_knl_Queue_Module__root__V
008152b0   ti_sysbios_knl_Queue_Object__DESC__C
0081535c   ti_sysbios_knl_Queue_Object__PARAMS__C
00809520   ti_sysbios_knl_Queue_Object__create__S
0080a7a0   ti_sysbios_knl_Queue_Object__destruct__S
0080b1e0   ti_sysbios_knl_Queue_Object__get__S
0080b200   ti_sysbios_knl_Queue_empty__E
00815494   ti_sysbios_knl_Semaphore_A_badContext__C
00815498   ti_sysbios_knl_Semaphore_A_noEvents__C
0081549c   ti_sysbios_knl_Semaphore_A_overflow__C
008154a0   ti_sysbios_knl_Semaphore_Instance_State_pendQ__O
0080b220   ti_sysbios_knl_Semaphore_Instance_finalize__F
008070e0   ti_sysbios_knl_Semaphore_Instance_init__F
008154a4   ti_sysbios_knl_Semaphore_LM_pend__C
008154a8   ti_sysbios_knl_Semaphore_LM_post__C
008154ac   ti_sysbios_knl_Semaphore_Module__diagsEnabled__C
008154b0   ti_sysbios_knl_Semaphore_Module__diagsIncluded__C
008154b4   ti_sysbios_knl_Semaphore_Module__diagsMask__C
008155fc   ti_sysbios_knl_Semaphore_Module__id__C
008155fe   ti_sysbios_knl_Semaphore_Module__loggerDefined__C
008154b8   ti_sysbios_knl_Semaphore_Module__loggerFxn2__C
008154bc   ti_sysbios_knl_Semaphore_Module__loggerFxn4__C
008154c0   ti_sysbios_knl_Semaphore_Module__loggerObj__C
00817354   ti_sysbios_knl_Semaphore_Module__root__V
008152d0   ti_sysbios_knl_Semaphore_Object__DESC__C
008151ec   ti_sysbios_knl_Semaphore_Object__PARAMS__C
008095a0   ti_sysbios_knl_Semaphore_Object__create__S
0080a7e0   ti_sysbios_knl_Semaphore_Object__destruct__S
00809e20   ti_sysbios_knl_Semaphore_pendTimeout__I
008026c0   ti_sysbios_knl_Semaphore_pend__E
008048a0   ti_sysbios_knl_Semaphore_post__E
008154c4   ti_sysbios_knl_Swi_LD_end__C
008154c8   ti_sysbios_knl_Swi_LM_begin__C
008154cc   ti_sysbios_knl_Swi_LM_post__C
008174e8   ti_sysbios_knl_Swi_Module_State_0_readyQ__A
008154d0   ti_sysbios_knl_Swi_Module__diagsEnabled__C
008154d4   ti_sysbios_knl_Swi_Module__diagsIncluded__C
008154d8   ti_sysbios_knl_Swi_Module__diagsMask__C
00815600   ti_sysbios_knl_Swi_Module__id__C
00815602   ti_sysbios_knl_Swi_Module__loggerDefined__C
008154dc   ti_sysbios_knl_Swi_Module__loggerFxn1__C
008154e0   ti_sysbios_knl_Swi_Module__loggerFxn4__C
008154e4   ti_sysbios_knl_Swi_Module__loggerObj__C
0081735c   ti_sysbios_knl_Swi_Module__root__V
00817364   ti_sysbios_knl_Swi_Module__state__V
00809e80   ti_sysbios_knl_Swi_Module_startup__E
00809e80   ti_sysbios_knl_Swi_Module_startup__F
008154e8   ti_sysbios_knl_Swi_Object__count__C
0080a820   ti_sysbios_knl_Swi_Object__get__S
00817780   ti_sysbios_knl_Swi_Object__table__V
0080b240   ti_sysbios_knl_Swi_disable__E
00807220   ti_sysbios_knl_Swi_post__E
008031a0   ti_sysbios_knl_Swi_restoreHwi__E
00802aa0   ti_sysbios_knl_Swi_schedule__I
00809620   ti_sysbios_knl_Swi_startup__E
008154ec   ti_sysbios_knl_Task_E_spOutOfBounds__C
008154f0   ti_sysbios_knl_Task_E_stackOverflow__C
00816628   ti_sysbios_knl_Task_Instance_State_0_hookEnv__A
00816a30   ti_sysbios_knl_Task_Instance_State_0_stack__A
008154f4   ti_sysbios_knl_Task_LD_block__C
008154f8   ti_sysbios_knl_Task_LD_exit__C
008154fc   ti_sysbios_knl_Task_LD_ready__C
00815500   ti_sysbios_knl_Task_LM_switch__C
00817568   ti_sysbios_knl_Task_Module_State_0_readyQ__A
00815504   ti_sysbios_knl_Task_Module_State_inactiveQ__O
00815508   ti_sysbios_knl_Task_Module__diagsEnabled__C
0081550c   ti_sysbios_knl_Task_Module__diagsIncluded__C
00815510   ti_sysbios_knl_Task_Module__diagsMask__C
00815604   ti_sysbios_knl_Task_Module__id__C
00815606   ti_sysbios_knl_Task_Module__loggerDefined__C
00815514   ti_sysbios_knl_Task_Module__loggerFxn2__C
00815518   ti_sysbios_knl_Task_Module__loggerFxn4__C
0081551c   ti_sysbios_knl_Task_Module__loggerObj__C
00817380   ti_sysbios_knl_Task_Module__root__V
00817388   ti_sysbios_knl_Task_Module__state__V
00802240   ti_sysbios_knl_Task_Module_startup__E
00802240   ti_sysbios_knl_Task_Module_startup__F
00815520   ti_sysbios_knl_Task_Object__count__C
0080a860   ti_sysbios_knl_Task_Object__get__S
00817638   ti_sysbios_knl_Task_Object__table__V
0080b260   ti_sysbios_knl_Task_SupportProxy_Module__startupDone__S
0080af00   ti_sysbios_knl_Task_SupportProxy_checkStack__E
00809120   ti_sysbios_knl_Task_SupportProxy_start__E
00808fa0   ti_sysbios_knl_Task_SupportProxy_swap__E
00815524   ti_sysbios_knl_Task_allBlockedFunc__C
00809ee0   ti_sysbios_knl_Task_allBlockedFunction__I
00807360   ti_sysbios_knl_Task_blockI__E
00805bc0   ti_sysbios_knl_Task_checkStacks__E
0080b280   ti_sysbios_knl_Task_disable__E
00809f40   ti_sysbios_knl_Task_enter__I
00805d80   ti_sysbios_knl_Task_exit__E
00815378   ti_sysbios_knl_Task_hooks__A
008153c0   ti_sysbios_knl_Task_hooks__C
00815608   ti_sysbios_knl_Task_initStackFlag__C
00815528   ti_sysbios_knl_Task_numConstructedTasks__C
008096a0   ti_sysbios_knl_Task_restore__E
00804f60   ti_sysbios_knl_Task_schedule__I
00805180   ti_sysbios_knl_Task_startup__E
00806440   ti_sysbios_knl_Task_unblockI__E
0081552c   ti_sysbios_timers_timer64_Timer_A_notAvailable__C
00815530   ti_sysbios_timers_timer64_Timer_E_cannotSupport__C
00817428   ti_sysbios_timers_timer64_Timer_Module_State_0_device__A
008176c0   ti_sysbios_timers_timer64_Timer_Module_State_0_gctrl__A
00817700   ti_sysbios_timers_timer64_Timer_Module_State_0_handles__A
00817740   ti_sysbios_timers_timer64_Timer_Module_State_0_intFreqs__A
00815534   ti_sysbios_timers_timer64_Timer_Module__diagsEnabled__C
00815538   ti_sysbios_timers_timer64_Timer_Module__diagsIncluded__C
0081553c   ti_sysbios_timers_timer64_Timer_Module__diagsMask__C
0081560a   ti_sysbios_timers_timer64_Timer_Module__id__C
008173bc   ti_sysbios_timers_timer64_Timer_Module__root__V
0080a8a0   ti_sysbios_timers_timer64_Timer_Module__startupDone__F
0080a8a0   ti_sysbios_timers_timer64_Timer_Module__startupDone__S
008173c4   ti_sysbios_timers_timer64_Timer_Module__state__V
00801ca0   ti_sysbios_timers_timer64_Timer_Module_startup__E
00801ca0   ti_sysbios_timers_timer64_Timer_Module_startup__F
008175e8   ti_sysbios_timers_timer64_Timer_Object__table__V
0080afc0   ti_sysbios_timers_timer64_Timer_TimerSupportProxy_enable__E
00815540   ti_sysbios_timers_timer64_Timer_anyMask__C
00815544   ti_sysbios_timers_timer64_Timer_freqDivisor__C
008059e0   ti_sysbios_timers_timer64_Timer_getFreq__E
00809720   ti_sysbios_timers_timer64_Timer_getPeriod__E
00815548   ti_sysbios_timers_timer64_Timer_numLocalTimers__C
0081554c   ti_sysbios_timers_timer64_Timer_numTimerDevices__C
00804ae0   ti_sysbios_timers_timer64_Timer_setPeriodMicroSecs__E
0081560c   ti_sysbios_timers_timer64_Timer_startupNeeded__C
008053a0   ti_sysbios_timers_timer64_Timer_startup__E
00809fa0   writemsg
00815550   xdc_runtime_Assert_E_assertFailed__C
00808b60   xdc_runtime_Assert_raise__I
00815554   xdc_runtime_Core_A_initializedParams__C
00815558   xdc_runtime_Core_Module__diagsEnabled__C
0081555c   xdc_runtime_Core_Module__diagsIncluded__C
00815560   xdc_runtime_Core_Module__diagsMask__C
0081560e   xdc_runtime_Core_Module__id__C
008097a0   xdc_runtime_Core_assignLabel__I
00809820   xdc_runtime_Core_assignParams__I
008055c0   xdc_runtime_Core_createObject__I
00807920   xdc_runtime_Core_deleteObject__I
00815564   xdc_runtime_Error_E_memory__C
00815568   xdc_runtime_Error_Module__diagsEnabled__C
0081556c   xdc_runtime_Error_Module__diagsIncluded__C
00815570   xdc_runtime_Error_Module__diagsMask__C
00815610   xdc_runtime_Error_Module__loggerDefined__C
00815574   xdc_runtime_Error_Module__loggerFxn8__C
00815578   xdc_runtime_Error_Module__loggerObj__C
008173d8   xdc_runtime_Error_Module__state__V
0080a8e0   xdc_runtime_Error_check__E
0080a8e0   xdc_runtime_Error_check__F
0080a920   xdc_runtime_Error_init__E
0080a920   xdc_runtime_Error_init__F
00815612   xdc_runtime_Error_maxDepth__C
0081557c   xdc_runtime_Error_policy__C
00807ee0   xdc_runtime_Error_print__E
00807ee0   xdc_runtime_Error_print__F
00815580   xdc_runtime_Error_raiseHook__C
00803ce0   xdc_runtime_Error_raiseX__E
00803ce0   xdc_runtime_Error_raiseX__F
0080b2a0   xdc_runtime_Gate_enterSystem__E
0080b2a0   xdc_runtime_Gate_enterSystem__F
0080a960   xdc_runtime_Gate_leaveSystem__E
0080a960   xdc_runtime_Gate_leaveSystem__F
00815584   xdc_runtime_IFilterLogger_Interface__BASE__C
00815588   xdc_runtime_IGateProvider_Interface__BASE__C
0081558c   xdc_runtime_IHeap_Interface__BASE__C
00815590   xdc_runtime_ILogger_Interface__BASE__C
00815594   xdc_runtime_IModule_Interface__BASE__C
00815598   xdc_runtime_Log_L_error__C
0081559c   xdc_runtime_LoggerBuf_E_badLevel__C
0080a9a0   xdc_runtime_LoggerBuf_Handle__label__S
00816630   xdc_runtime_LoggerBuf_Instance_State_0_entryArr__A
0080a9e0   xdc_runtime_LoggerBuf_Instance_finalize__F
008086a0   xdc_runtime_LoggerBuf_Instance_init__F
0080b300   xdc_runtime_LoggerBuf_Module_GateProxy_enter__E
0080b320   xdc_runtime_LoggerBuf_Module_GateProxy_leave__E
0080b040   xdc_runtime_LoggerBuf_Module_GateProxy_query__E
00815090   xdc_runtime_LoggerBuf_Module__FXNS__C
008155a0   xdc_runtime_LoggerBuf_Module__gateObj__C
00815614   xdc_runtime_LoggerBuf_Module__id__C
008173dc   xdc_runtime_LoggerBuf_Module__root__V
008173e4   xdc_runtime_LoggerBuf_Module__state__V
00808c00   xdc_runtime_LoggerBuf_Module_startup__E
00808c00   xdc_runtime_LoggerBuf_Module_startup__F
008152f0   xdc_runtime_LoggerBuf_Object__DESC__C
00815158   xdc_runtime_LoggerBuf_Object__PARAMS__C
008155a4   xdc_runtime_LoggerBuf_Object__count__C
00808760   xdc_runtime_LoggerBuf_Object__create__S
0080aa20   xdc_runtime_LoggerBuf_Object__delete__S
0080aa60   xdc_runtime_LoggerBuf_Object__get__S
008177b0   xdc_runtime_LoggerBuf_Object__table__V
0080afa0   xdc_runtime_LoggerBuf_TimestampProxy_get64__E
0080b340   xdc_runtime_LoggerBuf_disable__E
0080b340   xdc_runtime_LoggerBuf_disable__F
0080b360   xdc_runtime_LoggerBuf_enable__E
0080b360   xdc_runtime_LoggerBuf_enable__F
00815616   xdc_runtime_LoggerBuf_filterByLevel__C
008098a0   xdc_runtime_LoggerBuf_filterOutEvent__I
00807a20   xdc_runtime_LoggerBuf_getFilterLevel__E
00807a20   xdc_runtime_LoggerBuf_getFilterLevel__F
008075e0   xdc_runtime_LoggerBuf_setFilterLevel__E
008075e0   xdc_runtime_LoggerBuf_setFilterLevel__F
008155a8   xdc_runtime_LoggerBuf_statusLogger__C
0080aaa0   xdc_runtime_LoggerBuf_write0__E
0080aaa0   xdc_runtime_LoggerBuf_write0__F
0080aae0   xdc_runtime_LoggerBuf_write1__E
0080aae0   xdc_runtime_LoggerBuf_write1__F
0080ab20   xdc_runtime_LoggerBuf_write2__E
0080ab20   xdc_runtime_LoggerBuf_write2__F
008065e0   xdc_runtime_LoggerBuf_write4__E
008065e0   xdc_runtime_LoggerBuf_write4__F
00804d20   xdc_runtime_LoggerBuf_write8__E
00804d20   xdc_runtime_LoggerBuf_write8__F
0080b040   xdc_runtime_Main_Module_GateProxy_query__E
0080b380   xdc_runtime_Memory_HeapProxy_alloc__E
0080b3a0   xdc_runtime_Memory_HeapProxy_free__E
00815618   xdc_runtime_Memory_Module__id__C
008173ec   xdc_runtime_Memory_Module__state__V
00807fc0   xdc_runtime_Memory_alloc__E
00807fc0   xdc_runtime_Memory_alloc__F
0080a000   xdc_runtime_Memory_calloc__E
0080a000   xdc_runtime_Memory_calloc__F
008155ac   xdc_runtime_Memory_defaultHeapInstance__C
0080ab60   xdc_runtime_Memory_free__E
0080ab60   xdc_runtime_Memory_free__F
008173f0   xdc_runtime_Registry_Module__state__V
0080aba0   xdc_runtime_Registry_findById__E
0080aba0   xdc_runtime_Registry_findById__F
008173f8   xdc_runtime_Startup_Module__state__V
00000001   xdc_runtime_Startup__EXECFXN__C
00000001   xdc_runtime_Startup__RESETFXN__C
008155b0   xdc_runtime_Startup_execImpl__C
00807b20   xdc_runtime_Startup_exec__E
00807b20   xdc_runtime_Startup_exec__F
0080b3c0   xdc_runtime_Startup_exec__I
008153c8   xdc_runtime_Startup_firstFxns__A
008153d0   xdc_runtime_Startup_firstFxns__C
008155b8   xdc_runtime_Startup_lastFxns__A
008153d8   xdc_runtime_Startup_lastFxns__C
008155b4   xdc_runtime_Startup_maxPasses__C
0080b3e0   xdc_runtime_Startup_reset__I
00815310   xdc_runtime_Startup_sfxnRts__A
008155bc   xdc_runtime_Startup_sfxnRts__C
008150d0   xdc_runtime_Startup_sfxnTab__A
008155c0   xdc_runtime_Startup_sfxnTab__C
00803f60   xdc_runtime_Startup_startMods__I
00816830   xdc_runtime_SysMin_Module_State_0_outbuf__A
00817400   xdc_runtime_SysMin_Module__state__V
0080a060   xdc_runtime_SysMin_Module_startup__E
0080a060   xdc_runtime_SysMin_Module_startup__F
00808ca0   xdc_runtime_SysMin_abort__E
00808ca0   xdc_runtime_SysMin_abort__F
008155c4   xdc_runtime_SysMin_bufSize__C
0080a0c0   xdc_runtime_SysMin_exit__E
0080a0c0   xdc_runtime_SysMin_exit__F
0081561a   xdc_runtime_SysMin_flushAtExit__C
00808d40   xdc_runtime_SysMin_flush__E
00808d40   xdc_runtime_SysMin_flush__F
008155c8   xdc_runtime_SysMin_outputFunc__C
0080a120   xdc_runtime_SysMin_output__I
00808de0   xdc_runtime_SysMin_putch__E
00808de0   xdc_runtime_SysMin_putch__F
0080b400   xdc_runtime_SysMin_ready__E
0080b400   xdc_runtime_SysMin_ready__F
0080b420   xdc_runtime_System_Module_GateProxy_enter__E
[...]
0080a8a0   ti_sysbios_timers_timer64_Timer_Module__startupDone__F
0080a8a0   ti_sysbios_timers_timer64_Timer_Module__startupDone__S
0080a8e0   xdc_runtime_Error_check__E
0080a8e0   xdc_runtime_Error_check__F
0080a920   xdc_runtime_Error_init__E
0080a920   xdc_runtime_Error_init__F
0080a960   xdc_runtime_Gate_leaveSystem__E
0080a960   xdc_runtime_Gate_leaveSystem__F
0080a9a0   xdc_runtime_LoggerBuf_Handle__label__S
0080a9e0   xdc_runtime_LoggerBuf_Instance_finalize__F
0080aa20   xdc_runtime_LoggerBuf_Object__delete__S
0080aa60   xdc_runtime_LoggerBuf_Object__get__S
0080aaa0   xdc_runtime_LoggerBuf_write0__E
0080aaa0   xdc_runtime_LoggerBuf_write0__F
0080aae0   xdc_runtime_LoggerBuf_write1__E
0080aae0   xdc_runtime_LoggerBuf_write1__F
0080ab20   xdc_runtime_LoggerBuf_write2__E
0080ab20   xdc_runtime_LoggerBuf_write2__F
0080ab60   xdc_runtime_Memory_free__E
0080ab60   xdc_runtime_Memory_free__F
0080aba0   xdc_runtime_Registry_findById__E
0080aba0   xdc_runtime_Registry_findById__F
0080abe0   xdc_runtime_System_abort__E
0080abe0   xdc_runtime_System_abort__F
0080ac20   xdc_runtime_System_aprintf__E
0080ac60   xdc_runtime_System_printf__E
0080aca0   xdc_runtime_Text_ropeText__E
0080aca0   xdc_runtime_Text_ropeText__F
0080ace0   __cxa_atexit
0080ad00   __cxa_ia64_exit
0080ad20   __xdc__init
0080ad40   _nop
0080ad60   _register_lock
0080ad80   _register_unlock
0080ada0   ti_sysbios_family_c62_TaskSupport_glue
0080adc0   ti_sysbios_family_xxx_Hwi_switchToTaskStack
0080ade0   C$$EXIT
0080ade0   abort
0080ae00   atexit
0080ae20   __TI_decompress_none
0080ae40   __TI_decompress_rle24
0080ae80   ti_sysbios_BIOS_RtsGateProxy_enter__E
0080aea0   ti_sysbios_BIOS_RtsGateProxy_leave__E
0080aec0   ti_sysbios_BIOS_setThreadType__E
0080aee0   ti_sysbios_family_c62_TaskSupport_Module__startupDone__S
0080af00   ti_sysbios_family_c62_TaskSupport_checkStack__E
0080af00   ti_sysbios_knl_Task_SupportProxy_checkStack__E
0080af20   ti_sysbios_family_c64p_Hwi_clearInterrupt__E
0080af20   ti_sysbios_hal_Hwi_HwiProxy_clearInterrupt__E
0080af20   ti_sysbios_hal_Hwi_clearInterrupt__E
0080af40   ti_sysbios_family_c64p_Hwi_startup__E
0080af40   ti_sysbios_hal_Hwi_HwiProxy_startup__E
0080af40   ti_sysbios_hal_Hwi_startup__E
0080af60   ti_sysbios_family_c64p_Hwi_switchFromBootStack__E
0080af60   ti_sysbios_hal_Hwi_HwiProxy_switchFromBootStack__E
0080af60   ti_sysbios_hal_Hwi_switchFromBootStack__E
0080af80   ti_sysbios_family_c64p_TimestampProvider_Module_startup__E
0080af80   ti_sysbios_family_c64p_TimestampProvider_Module_startup__F
0080afa0   ti_sysbios_family_c64p_TimestampProvider_get64__E
0080afa0   xdc_runtime_LoggerBuf_TimestampProxy_get64__E
0080afc0   ti_sysbios_family_c64p_tci6488_TimerSupport_enable__E
0080afc0   ti_sysbios_timers_timer64_Timer_TimerSupportProxy_enable__E
0080afe0   ti_sysbios_gates_GateHwi_Instance_init__F
0080b000   ti_sysbios_gates_GateHwi_enter__E
0080b020   ti_sysbios_gates_GateHwi_leave__E
0080b040   ti_sysbios_gates_GateHwi_query__E
0080b040   ti_sysbios_gates_GateHwi_query__F
0080b040   xdc_runtime_LoggerBuf_Module_GateProxy_query__E
0080b040   xdc_runtime_Main_Module_GateProxy_query__E
0080b040   xdc_runtime_System_Module_GateProxy_query__E
0080b060   ti_sysbios_gates_GateMutex_Instance_finalize__F
0080b080   ti_sysbios_BIOS_RtsGateProxy_query__E
0080b080   ti_sysbios_gates_GateMutex_query__E
0080b080   ti_sysbios_gates_GateMutex_query__F
0080b080   ti_sysbios_heaps_HeapMem_Module_GateProxy_query__E
0080b0a0   ti_sysbios_hal_Hwi_HwiProxy_Module__startupDone__S
0080b0c0   ti_sysbios_hal_Hwi_Module_startup__E
0080b0c0   ti_sysbios_hal_Hwi_Module_startup__F
0080b0e0   ti_sysbios_hal_Timer_Module_startup__E
0080b0e0   ti_sysbios_hal_Timer_Module_startup__F
0080b100   ti_sysbios_hal_Timer_TimerProxy_Module__startupDone__S
0080b120   ti_sysbios_hal_Timer_TimerProxy_getPeriod__E
0080b140   ti_sysbios_heaps_HeapMem_Module_GateProxy_enter__E
0080b160   ti_sysbios_heaps_HeapMem_Module_GateProxy_leave__E
0080b180   ti_sysbios_heaps_HeapMem_isBlocking__E
0080b1a0   ti_sysbios_knl_Clock_Params__init__S
0080b1c0   ti_sysbios_knl_Queue_Instance_init__F
0080b1e0   ti_sysbios_knl_Queue_Object__get__S
0080b200   ti_sysbios_knl_Queue_empty__E
0080b220   ti_sysbios_knl_Semaphore_Instance_finalize__F
0080b240   ti_sysbios_knl_Swi_disable__E
0080b260   ti_sysbios_knl_Task_SupportProxy_Module__startupDone__S
0080b280   ti_sysbios_knl_Task_disable__E
0080b2a0   xdc_runtime_Gate_enterSystem__E
0080b2a0   xdc_runtime_Gate_enterSystem__F
0080b300   xdc_runtime_LoggerBuf_Module_GateProxy_enter__E
0080b320   xdc_runtime_LoggerBuf_Module_GateProxy_leave__E
0080b340   xdc_runtime_LoggerBuf_disable__E
0080b340   xdc_runtime_LoggerBuf_disable__F
0080b360   xdc_runtime_LoggerBuf_enable__E
0080b360   xdc_runtime_LoggerBuf_enable__F
0080b380   xdc_runtime_Memory_HeapProxy_alloc__E
0080b3a0   xdc_runtime_Memory_HeapProxy_free__E
0080b3c0   xdc_runtime_Startup_exec__I
0080b3e0   xdc_runtime_Startup_reset__I
0080b400   xdc_runtime_SysMin_ready__E
0080b400   xdc_runtime_SysMin_ready__F
0080b400   xdc_runtime_System_SupportProxy_ready__E
0080b420   xdc_runtime_System_Module_GateProxy_enter__E
0080b440   xdc_runtime_System_Module_GateProxy_leave__E
0080b460   xdc_runtime_System_Module_startup__E
0080b460   xdc_runtime_System_Module_startup__F
0080b480   xdc_runtime_System_exit__E
0080b480   xdc_runtime_System_exit__F
0080b4a0   xdc_runtime_System_lastFxn__I
0080b4c0   xdc_runtime_System_snprintf_va__E
0080b4c0   xdc_runtime_System_snprintf_va__F
0080b4c0   xdc_runtime_System_vsnprintf__E
0080b4c0   xdc_runtime_System_vsnprintf__F
0080b4e0   xdc_runtime_Text_visitRope__I
0080b500   _stack
00813500   __TI_STACK_END
00813500   xdc_runtime_Text_charTab__A
00814712   ti_sysbios_BIOS_Module__id__C
00814718   ti_sysbios_family_c66_Cache_marvalues__C
00814ee8   xdc_runtime_Text_nodeTab__A
00815090   xdc_runtime_LoggerBuf_Module__FXNS__C
008150cc   ti_sysbios_BIOS_Module__diagsEnabled__C
008150d0   xdc_runtime_Startup_sfxnTab__A
00815130   ti_sysbios_heaps_HeapMem_Module__FXNS__C
00815158   xdc_runtime_LoggerBuf_Object__PARAMS__C
00815180   ti_sysbios_gates_GateHwi_Module__FXNS__C
008151a4   ti_sysbios_gates_GateMutex_Module__FXNS__C
008151c8   ti_sysbios_knl_Clock_Object__PARAMS__C
008151ec   ti_sysbios_knl_Semaphore_Object__PARAMS__C
00815210   ti_sysbios_gates_GateHwi_Object__DESC__C
00815230   ti_sysbios_gates_GateMutex_Object__DESC__C
00815250   ti_sysbios_heaps_HeapMem_Object__DESC__C
00815270   ti_sysbios_heaps_HeapMem_Object__PARAMS__C
00815290   ti_sysbios_knl_Clock_Object__DESC__C
008152b0   ti_sysbios_knl_Queue_Object__DESC__C
008152d0   ti_sysbios_knl_Semaphore_Object__DESC__C
008152f0   xdc_runtime_LoggerBuf_Object__DESC__C
00815310   xdc_runtime_Startup_sfxnRts__A
0081532a   ti_sysbios_family_c64p_Exception_Module__id__C
0081532c   ti_sysbios_gates_GateHwi_Object__PARAMS__C
00815344   ti_sysbios_gates_GateMutex_Object__PARAMS__C
0081535c   ti_sysbios_knl_Queue_Object__PARAMS__C
00815374   ti_sysbios_BIOS_Module__diagsIncluded__C
00815378   ti_sysbios_knl_Task_hooks__A
008153a2   ti_sysbios_family_c64p_Hwi_Module__id__C
008153a4   ti_sysbios_family_c66_Cache_initSize__C
008153b8   ti_sysbios_knl_Idle_funcList__C
008153c0   ti_sysbios_knl_Task_hooks__C
008153c8   xdc_runtime_Startup_firstFxns__A
008153d0   xdc_runtime_Startup_firstFxns__C
008153d8   xdc_runtime_Startup_lastFxns__C
008153e0   ti_sysbios_BIOS_Module__diagsMask__C
008153e4   ti_sysbios_BIOS_installedErrorHook__C
008153e8   ti_sysbios_family_c64p_Exception_E_exceptionMin__C
008153ec   ti_sysbios_family_c64p_Exception_exceptionHook__C
008153f0   ti_sysbios_family_c64p_Exception_externalHook__C
008153f4   ti_sysbios_family_c64p_Exception_internalHook__C
008153f8   ti_sysbios_family_c64p_Exception_nmiHook__C
008153fc   ti_sysbios_family_c64p_Hwi_LD_end__C
00815400   ti_sysbios_family_c64p_Hwi_LM_begin__C
00815404   ti_sysbios_family_c64p_Hwi_Module__diagsEnabled__C
00815408   ti_sysbios_family_c64p_Hwi_Module__diagsIncluded__C
0081540c   ti_sysbios_family_c64p_Hwi_Module__diagsMask__C
00815410   ti_sysbios_family_c64p_Hwi_Module__loggerFxn1__C
00815414   ti_sysbios_family_c64p_Hwi_Module__loggerFxn8__C
00815418   ti_sysbios_family_c64p_Hwi_Module__loggerObj__C
0081541c   ti_sysbios_gates_GateMutex_A_badContext__C
00815420   ti_sysbios_gates_GateMutex_Instance_State_sem__O
00815424   ti_sysbios_gates_GateMutex_Module__diagsEnabled__C
00815428   ti_sysbios_gates_GateMutex_Module__diagsIncluded__C
0081542c   ti_sysbios_gates_GateMutex_Module__diagsMask__C
00815430   ti_sysbios_hal_Hwi_E_stackOverflow__C
00815434   ti_sysbios_heaps_HeapMem_A_align__C
00815438   ti_sysbios_heaps_HeapMem_A_heapSize__C
0081543c   ti_sysbios_heaps_HeapMem_A_invalidFree__C
00815440   ti_sysbios_heaps_HeapMem_A_zeroBlock__C
00815444   ti_sysbios_heaps_HeapMem_E_memory__C
00815448   ti_sysbios_heaps_HeapMem_Module__diagsEnabled__C
0081544c   ti_sysbios_heaps_HeapMem_Module__diagsIncluded__C
00815450   ti_sysbios_heaps_HeapMem_Module__diagsMask__C
00815454   ti_sysbios_heaps_HeapMem_Module__gateObj__C
00815458   ti_sysbios_heaps_HeapMem_Object__count__C
0081545c   ti_sysbios_heaps_HeapMem_reqAlignMask__C
00815460   ti_sysbios_heaps_HeapMem_reqAlign__C
00815464   ti_sysbios_knl_Clock_A_badThreadType__C
00815468   ti_sysbios_knl_Clock_LM_begin__C
0081546c   ti_sysbios_knl_Clock_LM_tick__C
00815470   ti_sysbios_knl_Clock_LW_delayed__C
00815474   ti_sysbios_knl_Clock_Module_State_clockQ__O
00815478   ti_sysbios_knl_Clock_Module__diagsEnabled__C
0081547c   ti_sysbios_knl_Clock_Module__diagsIncluded__C
00815480   ti_sysbios_knl_Clock_Module__diagsMask__C
00815484   ti_sysbios_knl_Clock_Module__loggerFxn1__C
00815488   ti_sysbios_knl_Clock_Module__loggerFxn2__C
0081548c   ti_sysbios_knl_Clock_Module__loggerObj__C
00815490   ti_sysbios_knl_Idle_funcList__A
00815494   ti_sysbios_knl_Semaphore_A_badContext__C
00815498   ti_sysbios_knl_Semaphore_A_noEvents__C
0081549c   ti_sysbios_knl_Semaphore_A_overflow__C
008154a0   ti_sysbios_knl_Semaphore_Instance_State_pendQ__O
008154a4   ti_sysbios_knl_Semaphore_LM_pend__C
008154a8   ti_sysbios_knl_Semaphore_LM_post__C
008154ac   ti_sysbios_knl_Semaphore_Module__diagsEnabled__C
008154b0   ti_sysbios_knl_Semaphore_Module__diagsIncluded__C
008154b4   ti_sysbios_knl_Semaphore_Module__diagsMask__C
008154b8   ti_sysbios_knl_Semaphore_Module__loggerFxn2__C
008154bc   ti_sysbios_knl_Semaphore_Module__loggerFxn4__C
008154c0   ti_sysbios_knl_Semaphore_Module__loggerObj__C
008154c4   ti_sysbios_knl_Swi_LD_end__C
008154c8   ti_sysbios_knl_Swi_LM_begin__C
008154cc   ti_sysbios_knl_Swi_LM_post__C
008154d0   ti_sysbios_knl_Swi_Module__diagsEnabled__C
008154d4   ti_sysbios_knl_Swi_Module__diagsIncluded__C
008154d8   ti_sysbios_knl_Swi_Module__diagsMask__C
008154dc   ti_sysbios_knl_Swi_Module__loggerFxn1__C
008154e0   ti_sysbios_knl_Swi_Module__loggerFxn4__C
008154e4   ti_sysbios_knl_Swi_Module__loggerObj__C
008154e8   ti_sysbios_knl_Swi_Object__count__C
008154ec   ti_sysbios_knl_Task_E_spOutOfBounds__C
008154f0   ti_sysbios_knl_Task_E_stackOverflow__C
008154f4   ti_sysbios_knl_Task_LD_block__C
008154f8   ti_sysbios_knl_Task_LD_exit__C
008154fc   ti_sysbios_knl_Task_LD_ready__C
00815500   ti_sysbios_knl_Task_LM_switch__C
00815504   ti_sysbios_knl_Task_Module_State_inactiveQ__O
00815508   ti_sysbios_knl_Task_Module__diagsEnabled__C
0081550c   ti_sysbios_knl_Task_Module__diagsIncluded__C
00815510   ti_sysbios_knl_Task_Module__diagsMask__C
00815514   ti_sysbios_knl_Task_Module__loggerFxn2__C
00815518   ti_sysbios_knl_Task_Module__loggerFxn4__C
0081551c   ti_sysbios_knl_Task_Module__loggerObj__C
00815520   ti_sysbios_knl_Task_Object__count__C
00815524   ti_sysbios_knl_Task_allBlockedFunc__C
00815528   ti_sysbios_knl_Task_numConstructedTasks__C
0081552c   ti_sysbios_timers_timer64_Timer_A_notAvailable__C
00815530   ti_sysbios_timers_timer64_Timer_E_cannotSupport__C
00815534   ti_sysbios_timers_timer64_Timer_Module__diagsEnabled__C
00815538   ti_sysbios_timers_timer64_Timer_Module__diagsIncluded__C
0081553c   ti_sysbios_timers_timer64_Timer_Module__diagsMask__C
00815540   ti_sysbios_timers_timer64_Timer_anyMask__C
00815544   ti_sysbios_timers_timer64_Timer_freqDivisor__C
00815548   ti_sysbios_timers_timer64_Timer_numLocalTimers__C
0081554c   ti_sysbios_timers_timer64_Timer_numTimerDevices__C
00815550   xdc_runtime_Assert_E_assertFailed__C
00815554   xdc_runtime_Core_A_initializedParams__C
00815558   xdc_runtime_Core_Module__diagsEnabled__C
0081555c   xdc_runtime_Core_Module__diagsIncluded__C
00815560   xdc_runtime_Core_Module__diagsMask__C
00815564   xdc_runtime_Error_E_memory__C
00815568   xdc_runtime_Error_Module__diagsEnabled__C
0081556c   xdc_runtime_Error_Module__diagsIncluded__C
00815570   xdc_runtime_Error_Module__diagsMask__C
00815574   xdc_runtime_Error_Module__loggerFxn8__C
00815578   xdc_runtime_Error_Module__loggerObj__C
0081557c   xdc_runtime_Error_policy__C
00815580   xdc_runtime_Error_raiseHook__C
00815584   xdc_runtime_IFilterLogger_Interface__BASE__C
00815588   xdc_runtime_IGateProvider_Interface__BASE__C
0081558c   xdc_runtime_IHeap_Interface__BASE__C
00815590   xdc_runtime_ILogger_Interface__BASE__C
00815594   xdc_runtime_IModule_Interface__BASE__C
00815598   xdc_runtime_Log_L_error__C
0081559c   xdc_runtime_LoggerBuf_E_badLevel__C
008155a0   xdc_runtime_LoggerBuf_Module__gateObj__C
008155a4   xdc_runtime_LoggerBuf_Object__count__C
008155a8   xdc_runtime_LoggerBuf_statusLogger__C
008155ac   xdc_runtime_Memory_defaultHeapInstance__C
008155b0   xdc_runtime_Startup_execImpl__C
008155b4   xdc_runtime_Startup_maxPasses__C
008155b8   xdc_runtime_Startup_lastFxns__A
008155bc   xdc_runtime_Startup_sfxnRts__C
008155c0   xdc_runtime_Startup_sfxnTab__C
008155c4   xdc_runtime_SysMin_bufSize__C
008155c8   xdc_runtime_SysMin_outputFunc__C
008155cc   xdc_runtime_System_Module__gateObj__C
008155d0   xdc_runtime_System_extendFxn__C
008155d4   xdc_runtime_System_maxAtexitHandlers__C
008155d8   xdc_runtime_Text_charTab__C
008155dc   xdc_runtime_Text_nameEmpty__C
008155e0   xdc_runtime_Text_nameStatic__C
008155e4   xdc_runtime_Text_nameUnknown__C
008155e8   xdc_runtime_Text_nodeTab__C
008155ec   xdc_runtime_Text_visitRopeFxn__C
008155f0   ti_sysbios_family_c64p_Hwi_Module__loggerDefined__C
008155f2   ti_sysbios_gates_GateMutex_Module__id__C
008155f4   ti_sysbios_hal_Hwi_Module__id__C
008155f6   ti_sysbios_heaps_HeapMem_Module__id__C
008155f8   ti_sysbios_knl_Clock_Module__id__C
008155fa   ti_sysbios_knl_Clock_Module__loggerDefined__C
008155fc   ti_sysbios_knl_Semaphore_Module__id__C
008155fe   ti_sysbios_knl_Semaphore_Module__loggerDefined__C
00815600   ti_sysbios_knl_Swi_Module__id__C
00815602   ti_sysbios_knl_Swi_Module__loggerDefined__C
00815604   ti_sysbios_knl_Task_Module__id__C
00815606   ti_sysbios_knl_Task_Module__loggerDefined__C
00815608   ti_sysbios_knl_Task_initStackFlag__C
0081560a   ti_sysbios_timers_timer64_Timer_Module__id__C
0081560c   ti_sysbios_timers_timer64_Timer_startupNeeded__C
0081560e   xdc_runtime_Core_Module__id__C
00815610   xdc_runtime_Error_Module__loggerDefined__C
00815612   xdc_runtime_Error_maxDepth__C
00815614   xdc_runtime_LoggerBuf_Module__id__C
00815616   xdc_runtime_LoggerBuf_filterByLevel__C
00815618   xdc_runtime_Memory_Module__id__C
0081561a   xdc_runtime_SysMin_flushAtExit__C
0081561c   xdc_runtime_Text_charCnt__C
0081561e   xdc_runtime_Text_isLoaded__C
00815620   xdc_runtime_Text_registryModsLastId__C
00815622   xdc_runtime_Text_unnamedModsLastId__C
00815628   ti_sysbios_heaps_HeapMem_Instance_State_0_buf__A
00816628   ti_sysbios_knl_Task_Instance_State_0_hookEnv__A
00816630   xdc_runtime_LoggerBuf_Instance_State_0_entryArr__A
00816830   xdc_runtime_SysMin_Module_State_0_outbuf__A
00816a30   ti_sysbios_knl_Task_Instance_State_0_stack__A
00817238   ti_sysbios_BIOS_Module__state__V
00817254   ti_sysbios_family_c64p_Exception_Module__state__V
00817280   ti_sysbios_family_c64p_Hwi_Module__root__V
00817288   ti_sysbios_family_c64p_Hwi_Module__state__V
008172f0   ti_sysbios_gates_GateHwi_Module__root__V
008172f8   ti_sysbios_gates_GateMutex_Module__root__V
00817300   ti_sysbios_hal_Hwi_Module__root__V
00817308   ti_sysbios_hal_Timer_Module__root__V
00817310   ti_sysbios_heaps_HeapMem_Module__root__V
00817318   ti_sysbios_knl_Clock_Module__root__V
00817320   ti_sysbios_knl_Clock_Module__state__V
0081734c   ti_sysbios_knl_Queue_Module__root__V
00817354   ti_sysbios_knl_Semaphore_Module__root__V
0081735c   ti_sysbios_knl_Swi_Module__root__V
00817364   ti_sysbios_knl_Swi_Module__state__V
00817380   ti_sysbios_knl_Task_Module__root__V
00817388   ti_sysbios_knl_Task_Module__state__V
008173bc   ti_sysbios_timers_timer64_Timer_Module__root__V
008173c4   ti_sysbios_timers_timer64_Timer_Module__state__V
008173d8   xdc_runtime_Error_Module__state__V
008173dc   xdc_runtime_LoggerBuf_Module__root__V
008173e4   xdc_runtime_LoggerBuf_Module__state__V
008173ec   xdc_runtime_Memory_Module__state__V
008173f0   xdc_runtime_Registry_Module__state__V
008173f8   xdc_runtime_Startup_Module__state__V
00817400   xdc_runtime_SysMin_Module__state__V
0081740c   xdc_runtime_System_Module__state__V
00817418   xdc_runtime_Text_Module__state__V
00817420   __xdc__init__addr
00817428   ti_sysbios_timers_timer64_Timer_Module_State_0_device__A
008174e8   ti_sysbios_knl_Swi_Module_State_0_readyQ__A
00817568   ti_sysbios_knl_Task_Module_State_0_readyQ__A
008175e8   ti_sysbios_timers_timer64_Timer_Object__table__V
00817638   TSK_idle
00817638   ti_sysbios_knl_Task_Object__table__V
00817680   ti_sysbios_gates_GateMutex_Object__table__V
008176c0   ti_sysbios_timers_timer64_Timer_Module_State_0_gctrl__A
00817700   ti_sysbios_timers_timer64_Timer_Module_State_0_handles__A
00817740   ti_sysbios_timers_timer64_Timer_Module_State_0_intFreqs__A
00817780   ti_sysbios_knl_Swi_Object__table__V
008177b0   xdc_runtime_LoggerBuf_Object__table__V
008177d8   ti_sysbios_family_c64p_Hwi_Object__table__V
008177f0   ti_sysbios_heaps_HeapMem_Object__table__V
00817808   xdc_runtime_System_Module_State_0_atexitHandlers__A
00817818   _cleanup_ptr
0081781c   _dtors_ptr
00817820   __TI_enable_exit_profile_output
00817824   _lock
00817828   _unlock
00817830   ti_sysbios_hal_Hwi_Object__table__V
00817838   ti_sysbios_hal_Timer_Object__table__V
00817840   ti_sysbios_gates_GateHwi_Object__table__V
00817848   __CIOBUF_
00817968   __TI_STATIC_BASE
00817968   imgCompleted
0081796c   algrithmCompleted
00817970   coreNum
00817c00   ti_sysbios_family_c64p_Hwi0
00817c20   ti_sysbios_family_c64p_Hwi1
00817c40   ti_sysbios_family_c64p_Hwi2
00817c60   ti_sysbios_family_c64p_Hwi3
00817c80   ti_sysbios_family_c64p_Hwi4
00817ca0   ti_sysbios_family_c64p_Hwi5
00817cc0   ti_sysbios_family_c64p_Hwi6
00817ce0   ti_sysbios_family_c64p_Hwi7
00817d00   ti_sysbios_family_c64p_Hwi8
00817d20   ti_sysbios_family_c64p_Hwi9
00817d40   ti_sysbios_family_c64p_Hwi10
00817d60   ti_sysbios_family_c64p_Hwi11
00817d80   ti_sysbios_family_c64p_Hwi12
00817da0   ti_sysbios_family_c64p_Hwi13
00817dc0   ti_sysbios_family_c64p_Hwi14
00817de0   ti_sysbios_family_c64p_Hwi15
008180cc   __TI_Handler_Table_Base
008180d8   __TI_Handler_Table_Limit
008180e8   __TI_CINIT_Base
00818100   __TI_CINIT_Limit
ffffffff   __TI_pprof_out_hndl
ffffffff   __TI_prof_data_size
ffffffff   __TI_prof_data_start
ffffffff   __binit__
ffffffff   __c_args__
ffffffff   binit
UNDEFED    CSL_chipReadReg
UNDEFED    EDMAInit
UNDEFED    IntcInit
UNDEFED    KeyStone_main_PLL_init
UNDEFED    __TI_INITARRAY_Base
UNDEFED    __TI_INITARRAY_Limit
UNDEFED    deblurring_WIT_process

[611 symbols]
