<?xml version="1.0"?>
<link_info>
   <banner>TMS320C6x Linker PC v7.4.12</banner>
   <copyright>Copyright (c) 1996-2014 Texas Instruments Incorporated</copyright>
   <link_time>0x5647394f</link_time>
   <output_file>deblurring_WIT.out</output_file>
   <entry_point>
      <name>_c_int00</name>
      <address>0x80ef20</address>
   </entry_point>
   <input_file_list>
      <input_file id="fl-2">
         <path>.\sample\</path>
         <kind>object</kind>
         <file>main.obj</file>
         <name>main.obj</name>
      </input_file>
      <input_file id="fl-3">
         <path>.\src\</path>
         <kind>object</kind>
         <file>upp_common.obj</file>
         <name>upp_common.obj</name>
      </input_file>
      <input_file id="fl-4">
         <path>.\src\</path>
         <kind>object</kind>
         <file>timer.obj</file>
         <name>timer.obj</name>
      </input_file>
      <input_file id="fl-5">
         <path>.\src\</path>
         <kind>object</kind>
         <file>edmaIntDispatcher.obj</file>
         <name>edmaIntDispatcher.obj</name>
      </input_file>
      <input_file id="fl-6">
         <path>.\src\</path>
         <kind>object</kind>
         <file>algorithm.obj</file>
         <name>algorithm.obj</name>
      </input_file>
      <input_file id="fl-7">
         <path>.\src\</path>
         <kind>object</kind>
         <file>McBSP.obj</file>
         <name>McBSP.obj</name>
      </input_file>
      <input_file id="fl-8">
         <path>.\src\</path>
         <kind>object</kind>
         <file>KeyStone_common.obj</file>
         <name>KeyStone_common.obj</name>
      </input_file>
      <input_file id="fl-9">
         <path>.\src\</path>
         <kind>object</kind>
         <file>Intc_ISR.obj</file>
         <name>Intc_ISR.obj</name>
      </input_file>
      <input_file id="fl-a">
         <path>.\src\</path>
         <kind>object</kind>
         <file>Intc.obj</file>
         <name>Intc.obj</name>
      </input_file>
      <input_file id="fl-b">
         <path>.\src\</path>
         <kind>object</kind>
         <file>Init.obj</file>
         <name>Init.obj</name>
      </input_file>
      <input_file id="fl-c">
         <path>.\src\</path>
         <kind>object</kind>
         <file>Implement_WIT.obj</file>
         <name>Implement_WIT.obj</name>
      </input_file>
      <input_file id="fl-d">
         <path>.\src\</path>
         <kind>object</kind>
         <file>IPC.obj</file>
         <name>IPC.obj</name>
      </input_file>
      <input_file id="fl-e">
         <path>.\src\</path>
         <kind>object</kind>
         <file>EDMA_McBSP.obj</file>
         <name>EDMA_McBSP.obj</name>
      </input_file>
      <input_file id="fl-8c">
         <path>C:\ti\ccsv5\tools\compiler\c6000_7.4.12\lib\</path>
         <kind>archive</kind>
         <file>rts6600_elf.lib</file>
         <name>boot.obj</name>
      </input_file>
      <input_file id="fl-8d">
         <path>C:\ti\ccsv5\tools\compiler\c6000_7.4.12\lib\</path>
         <kind>archive</kind>
         <file>rts6600_elf.lib</file>
         <name>copy_decompress_none.obj</name>
      </input_file>
      <input_file id="fl-8e">
         <path>C:\ti\ccsv5\tools\compiler\c6000_7.4.12\lib\</path>
         <kind>archive</kind>
         <file>rts6600_elf.lib</file>
         <name>copy_decompress_rle.obj</name>
      </input_file>
      <input_file id="fl-8f">
         <path>C:\ti\ccsv5\tools\compiler\c6000_7.4.12\lib\</path>
         <kind>archive</kind>
         <file>rts6600_elf.lib</file>
         <name>copy_zero_init.obj</name>
      </input_file>
      <input_file id="fl-90">
         <path>C:\ti\ccsv5\tools\compiler\c6000_7.4.12\lib\</path>
         <kind>archive</kind>
         <file>rts6600_elf.lib</file>
         <name>divf.obj</name>
      </input_file>
      <input_file id="fl-91">
         <path>C:\ti\ccsv5\tools\compiler\c6000_7.4.12\lib\</path>
         <kind>archive</kind>
         <file>rts6600_elf.lib</file>
         <name>divi.obj</name>
      </input_file>
      <input_file id="fl-92">
         <path>C:\ti\ccsv5\tools\compiler\c6000_7.4.12\lib\</path>
         <kind>archive</kind>
         <file>rts6600_elf.lib</file>
         <name>divu.obj</name>
      </input_file>
      <input_file id="fl-93">
         <path>C:\ti\ccsv5\tools\compiler\c6000_7.4.12\lib\</path>
         <kind>archive</kind>
         <file>rts6600_elf.lib</file>
         <name>exit.obj</name>
      </input_file>
      <input_file id="fl-94">
         <path>C:\ti\ccsv5\tools\compiler\c6000_7.4.12\lib\</path>
         <kind>archive</kind>
         <file>rts6600_elf.lib</file>
         <name>fixfu.obj</name>
      </input_file>
      <input_file id="fl-95">
         <path>C:\ti\ccsv5\tools\compiler\c6000_7.4.12\lib\</path>
         <kind>archive</kind>
         <file>rts6600_elf.lib</file>
         <name>memcpy64.obj</name>
      </input_file>
      <input_file id="fl-96">
         <path>C:\ti\ccsv5\tools\compiler\c6000_7.4.12\lib\</path>
         <kind>archive</kind>
         <file>rts6600_elf.lib</file>
         <name>memory.obj</name>
      </input_file>
      <input_file id="fl-97">
         <path>C:\ti\ccsv5\tools\compiler\c6000_7.4.12\lib\</path>
         <kind>archive</kind>
         <file>rts6600_elf.lib</file>
         <name>memset.obj</name>
      </input_file>
      <input_file id="fl-98">
         <path>C:\ti\ccsv5\tools\compiler\c6000_7.4.12\lib\</path>
         <kind>archive</kind>
         <file>rts6600_elf.lib</file>
         <name>printf.obj</name>
      </input_file>
      <input_file id="fl-99">
         <path>C:\ti\ccsv5\tools\compiler\c6000_7.4.12\lib\</path>
         <kind>archive</kind>
         <file>rts6600_elf.lib</file>
         <name>strasg.obj</name>
      </input_file>
      <input_file id="fl-9a">
         <path>C:\ti\ccsv5\tools\compiler\c6000_7.4.12\lib\</path>
         <kind>archive</kind>
         <file>rts6600_elf.lib</file>
         <name>_lock.obj</name>
      </input_file>
      <input_file id="fl-9b">
         <path>C:\ti\ccsv5\tools\compiler\c6000_7.4.12\lib\</path>
         <kind>archive</kind>
         <file>rts6600_elf.lib</file>
         <name>_printfi.obj</name>
      </input_file>
      <input_file id="fl-9c">
         <path>C:\ti\ccsv5\tools\compiler\c6000_7.4.12\lib\</path>
         <kind>archive</kind>
         <file>rts6600_elf.lib</file>
         <name>args_main.obj</name>
      </input_file>
      <input_file id="fl-9d">
         <path>C:\ti\ccsv5\tools\compiler\c6000_7.4.12\lib\</path>
         <kind>archive</kind>
         <file>rts6600_elf.lib</file>
         <name>atoi.obj</name>
      </input_file>
      <input_file id="fl-9e">
         <path>C:\ti\ccsv5\tools\compiler\c6000_7.4.12\lib\</path>
         <kind>archive</kind>
         <file>rts6600_elf.lib</file>
         <name>autoinit.obj</name>
      </input_file>
      <input_file id="fl-9f">
         <path>C:\ti\ccsv5\tools\compiler\c6000_7.4.12\lib\</path>
         <kind>archive</kind>
         <file>rts6600_elf.lib</file>
         <name>cpp_init.obj</name>
      </input_file>
      <input_file id="fl-a0">
         <path>C:\ti\ccsv5\tools\compiler\c6000_7.4.12\lib\</path>
         <kind>archive</kind>
         <file>rts6600_elf.lib</file>
         <name>cpy_tbl.obj</name>
      </input_file>
      <input_file id="fl-a1">
         <path>C:\ti\ccsv5\tools\compiler\c6000_7.4.12\lib\</path>
         <kind>archive</kind>
         <file>rts6600_elf.lib</file>
         <name>ctype.obj</name>
      </input_file>
      <input_file id="fl-a2">
         <path>C:\ti\ccsv5\tools\compiler\c6000_7.4.12\lib\</path>
         <kind>archive</kind>
         <file>rts6600_elf.lib</file>
         <name>defs.obj</name>
      </input_file>
      <input_file id="fl-a3">
         <path>C:\ti\ccsv5\tools\compiler\c6000_7.4.12\lib\</path>
         <kind>archive</kind>
         <file>rts6600_elf.lib</file>
         <name>divd.obj</name>
      </input_file>
      <input_file id="fl-a4">
         <path>C:\ti\ccsv5\tools\compiler\c6000_7.4.12\lib\</path>
         <kind>archive</kind>
         <file>rts6600_elf.lib</file>
         <name>fputc.obj</name>
      </input_file>
      <input_file id="fl-a5">
         <path>C:\ti\ccsv5\tools\compiler\c6000_7.4.12\lib\</path>
         <kind>archive</kind>
         <file>rts6600_elf.lib</file>
         <name>fputs.obj</name>
      </input_file>
      <input_file id="fl-a6">
         <path>C:\ti\ccsv5\tools\compiler\c6000_7.4.12\lib\</path>
         <kind>archive</kind>
         <file>rts6600_elf.lib</file>
         <name>frcmpyd_div.obj</name>
      </input_file>
      <input_file id="fl-a7">
         <path>C:\ti\ccsv5\tools\compiler\c6000_7.4.12\lib\</path>
         <kind>archive</kind>
         <file>rts6600_elf.lib</file>
         <name>imath40.obj</name>
      </input_file>
      <input_file id="fl-a8">
         <path>C:\ti\ccsv5\tools\compiler\c6000_7.4.12\lib\</path>
         <kind>archive</kind>
         <file>rts6600_elf.lib</file>
         <name>imath64.obj</name>
      </input_file>
      <input_file id="fl-a9">
         <path>C:\ti\ccsv5\tools\compiler\c6000_7.4.12\lib\</path>
         <kind>archive</kind>
         <file>rts6600_elf.lib</file>
         <name>isinf.obj</name>
      </input_file>
      <input_file id="fl-aa">
         <path>C:\ti\ccsv5\tools\compiler\c6000_7.4.12\lib\</path>
         <kind>archive</kind>
         <file>rts6600_elf.lib</file>
         <name>llshift.obj</name>
      </input_file>
      <input_file id="fl-ab">
         <path>C:\ti\ccsv5\tools\compiler\c6000_7.4.12\lib\</path>
         <kind>archive</kind>
         <file>rts6600_elf.lib</file>
         <name>lowlev.obj</name>
      </input_file>
      <input_file id="fl-ac">
         <path>C:\ti\ccsv5\tools\compiler\c6000_7.4.12\lib\</path>
         <kind>archive</kind>
         <file>rts6600_elf.lib</file>
         <name>ltoa.obj</name>
      </input_file>
      <input_file id="fl-ad">
         <path>C:\ti\ccsv5\tools\compiler\c6000_7.4.12\lib\</path>
         <kind>archive</kind>
         <file>rts6600_elf.lib</file>
         <name>memccpy.obj</name>
      </input_file>
      <input_file id="fl-ae">
         <path>C:\ti\ccsv5\tools\compiler\c6000_7.4.12\lib\</path>
         <kind>archive</kind>
         <file>rts6600_elf.lib</file>
         <name>negll.obj</name>
      </input_file>
      <input_file id="fl-af">
         <path>C:\ti\ccsv5\tools\compiler\c6000_7.4.12\lib\</path>
         <kind>archive</kind>
         <file>rts6600_elf.lib</file>
         <name>tls.obj</name>
      </input_file>
      <input_file id="fl-b0">
         <path>C:\ti\ccsv5\tools\compiler\c6000_7.4.12\lib\</path>
         <kind>archive</kind>
         <file>rts6600_elf.lib</file>
         <name>tls_get_tp.obj</name>
      </input_file>
      <input_file id="fl-b1">
         <path>C:\ti\ccsv5\tools\compiler\c6000_7.4.12\lib\</path>
         <kind>archive</kind>
         <file>rts6600_elf.lib</file>
         <name>trgdrv.obj</name>
      </input_file>
      <input_file id="fl-b2">
         <path>C:\ti\ccsv5\tools\compiler\c6000_7.4.12\lib\</path>
         <kind>archive</kind>
         <file>rts6600_elf.lib</file>
         <name>trgmsg.obj</name>
      </input_file>
      <input_file id="fl-b3">
         <path>C:\ti\ccsv5\tools\compiler\c6000_7.4.12\lib\</path>
         <kind>archive</kind>
         <file>rts6600_elf.lib</file>
         <name>_io_perm.obj</name>
      </input_file>
      <input_file id="fl-b4">
         <path>C:\ti\ccsv5\tools\compiler\c6000_7.4.12\lib\</path>
         <kind>archive</kind>
         <file>rts6600_elf.lib</file>
         <name>abs.obj</name>
      </input_file>
      <input_file id="fl-b5">
         <path>C:\ti\ccsv5\tools\compiler\c6000_7.4.12\lib\</path>
         <kind>archive</kind>
         <file>rts6600_elf.lib</file>
         <name>fflush.obj</name>
      </input_file>
      <input_file id="fl-b6">
         <path>C:\ti\ccsv5\tools\compiler\c6000_7.4.12\lib\</path>
         <kind>archive</kind>
         <file>rts6600_elf.lib</file>
         <name>fseek.obj</name>
      </input_file>
      <input_file id="fl-b7">
         <path>C:\ti\ccsv5\tools\compiler\c6000_7.4.12\lib\</path>
         <kind>archive</kind>
         <file>rts6600_elf.lib</file>
         <name>setvbuf.obj</name>
      </input_file>
      <input_file id="fl-b8">
         <path>C:\ti\ccsv5\tools\compiler\c6000_7.4.12\lib\</path>
         <kind>archive</kind>
         <file>rts6600_elf.lib</file>
         <name>fopen.obj</name>
      </input_file>
      <input_file id="fl-b9">
         <path>C:\ti\ccsv5\tools\compiler\c6000_7.4.12\lib\</path>
         <kind>archive</kind>
         <file>rts6600_elf.lib</file>
         <name>fclose.obj</name>
      </input_file>
      <input_file id="fl-ba">
         <path>C:\ti\ccsv5\tools\compiler\c6000_7.4.12\lib\</path>
         <kind>archive</kind>
         <file>rts6600_elf.lib</file>
         <name>remove.obj</name>
      </input_file>
      <input_file id="fl-bb">
         <path>C:\ti\pdk_C6657_1_1_2_6\packages\ti\csl\lib\</path>
         <kind>archive</kind>
         <file>ti.csl.ae66</file>
         <name>csl_gpioGetBaseAddress.oe66</name>
      </input_file>
      <input_file id="fl-bc">
         <path>C:\ti\pdk_C6657_1_1_2_6\packages\ti\csl\lib\</path>
         <kind>archive</kind>
         <file>ti.csl.ae66</file>
         <name>csl_cpIntcGetBaseAddress.oe66</name>
      </input_file>
      <input_file id="fl-bd">
         <path>C:\ti\pdk_C6657_1_1_2_6\packages\ti\csl\lib\</path>
         <kind>archive</kind>
         <file>ti.csl.ae66</file>
         <name>csl_chip.oe66</name>
      </input_file>
      <input_file id="fl-be">
         <path>C:\ti\pdk_C6657_1_1_2_6\packages\ti\csl\lib\</path>
         <kind>archive</kind>
         <file>ti.csl.ae66</file>
         <name>csl_edma3Init.oe66</name>
      </input_file>
      <input_file id="fl-bf">
         <path>C:\ti\pdk_C6657_1_1_2_6\packages\ti\csl\lib\</path>
         <kind>archive</kind>
         <file>ti.csl.ae66</file>
         <name>csl_edma3Open.oe66</name>
      </input_file>
      <input_file id="fl-c0">
         <path>C:\ti\pdk_C6657_1_1_2_6\packages\ti\csl\lib\</path>
         <kind>archive</kind>
         <file>ti.csl.ae66</file>
         <name>csl_edma3HwControl.oe66</name>
      </input_file>
      <input_file id="fl-c1">
         <path>C:\ti\pdk_C6657_1_1_2_6\packages\ti\csl\lib\</path>
         <kind>archive</kind>
         <file>ti.csl.ae66</file>
         <name>csl_edma3GetHwStatus.oe66</name>
      </input_file>
      <input_file id="fl-c2">
         <path>C:\ti\pdk_C6657_1_1_2_6\packages\ti\csl\lib\</path>
         <kind>archive</kind>
         <file>ti.csl.ae66</file>
         <name>csl_edma3ChannelOpen.oe66</name>
      </input_file>
      <input_file id="fl-c3">
         <path>C:\ti\pdk_C6657_1_1_2_6\packages\ti\csl\lib\</path>
         <kind>archive</kind>
         <file>ti.csl.ae66</file>
         <name>csl_edma3HwChannelSetup.oe66</name>
      </input_file>
      <input_file id="fl-c4">
         <path>C:\ti\pdk_C6657_1_1_2_6\packages\ti\csl\lib\</path>
         <kind>archive</kind>
         <file>ti.csl.ae66</file>
         <name>csl_edma3HwChannelControl.oe66</name>
      </input_file>
      <input_file id="fl-c5">
         <path>C:\ti\pdk_C6657_1_1_2_6\packages\ti\csl\lib\</path>
         <kind>archive</kind>
         <file>ti.csl.ae66</file>
         <name>csl_edma3Param.oe66</name>
      </input_file>
      <input_file id="fl-c6">
         <path>C:\ti\pdk_C6657_1_1_2_6\packages\ti\csl\lib\</path>
         <kind>archive</kind>
         <file>ti.csl.ae66</file>
         <name>csl_edma3GetBaseAddress.oe66</name>
      </input_file>
      <input_file id="fl-c7">
         <path>C:\ti\pdk_C6657_1_1_2_6\packages\ti\csl\lib\</path>
         <kind>archive</kind>
         <file>ti.csl.intc.ae66</file>
         <name>_csl_intcIntrEnDisRes.oe66</name>
      </input_file>
      <input_file id="fl-c8">
         <path>C:\ti\pdk_C6657_1_1_2_6\packages\ti\csl\lib\</path>
         <kind>archive</kind>
         <file>ti.csl.intc.ae66</file>
         <name>_csl_intcIsrDispatch.oe66</name>
      </input_file>
      <input_file id="fl-c9">
         <path>C:\ti\pdk_C6657_1_1_2_6\packages\ti\csl\lib\</path>
         <kind>archive</kind>
         <file>ti.csl.intc.ae66</file>
         <name>_csl_intcResource.oe66</name>
      </input_file>
      <input_file id="fl-ca">
         <path>C:\ti\pdk_C6657_1_1_2_6\packages\ti\csl\lib\</path>
         <kind>archive</kind>
         <file>ti.csl.intc.ae66</file>
         <name>csl_intcHwControl.oe66</name>
      </input_file>
      <input_file id="fl-cb">
         <path>C:\ti\pdk_C6657_1_1_2_6\packages\ti\csl\lib\</path>
         <kind>archive</kind>
         <file>ti.csl.intc.ae66</file>
         <name>csl_intcInit.oe66</name>
      </input_file>
      <input_file id="fl-cc">
         <path>C:\ti\pdk_C6657_1_1_2_6\packages\ti\csl\lib\</path>
         <kind>archive</kind>
         <file>ti.csl.intc.ae66</file>
         <name>csl_intcOpen.oe66</name>
      </input_file>
      <input_file id="fl-cd">
         <path>C:\ti\pdk_C6657_1_1_2_6\packages\ti\csl\lib\</path>
         <kind>archive</kind>
         <file>ti.csl.intc.ae66</file>
         <name>csl_intcPlugEventHandler.oe66</name>
      </input_file>
      <input_file id="fl-ce">
         <path>C:\ti\pdk_C6657_1_1_2_6\packages\ti\csl\lib\</path>
         <kind>archive</kind>
         <file>ti.csl.intc.ae66</file>
         <name>_csl_intcCombEventDispatcher.oe66</name>
      </input_file>
      <input_file id="fl-cf">
         <path>C:\ti\pdk_C6657_1_1_2_6\packages\ti\csl\lib\</path>
         <kind>archive</kind>
         <file>ti.csl.intc.ae66</file>
         <name>_csl_intcDispatcher.oe66</name>
      </input_file>
      <input_file id="fl-d0">
         <path>C:\ti\pdk_C6657_1_1_2_6\packages\ti\csl\lib\</path>
         <kind>archive</kind>
         <file>ti.csl.intc.ae66</file>
         <name>_csl_intcNmiDummy.oe66</name>
      </input_file>
      <input_file id="fl-d1">
         <path>C:\ti\pdk_C6657_1_1_2_6\packages\ti\csl\lib\</path>
         <kind>archive</kind>
         <file>ti.csl.intc.ae66</file>
         <name>csl_intcHookIsr.oe66</name>
      </input_file>
   </input_file_list>
   <object_component_list>
      <object_component id="oc-11c">
         <name>.csl_vect</name>
         <load_address>0x818c00</load_address>
         <run_address>0x818c00</run_address>
         <size>0x200</size>
         <input_file_ref idref="fl-c8"/>
      </object_component>
      <object_component id="oc-27">
         <name>.stack</name>
         <uninitialized>true</uninitialized>
         <run_address>0x80f6a0</run_address>
         <size>0x8</size>
         <input_file_ref idref="fl-8c"/>
      </object_component>
      <object_component id="oc-6bb">
         <name>.stack</name>
         <uninitialized>true</uninitialized>
         <run_address>0x80f6a0</run_address>
         <size>0x0</size>
      </object_component>
      <object_component id="oc-230">
         <name>.text</name>
         <load_address>0x800400</load_address>
         <run_address>0x800400</run_address>
         <size>0x2140</size>
         <input_file_ref idref="fl-3"/>
      </object_component>
      <object_component id="oc-13f">
         <name>.text</name>
         <load_address>0x802540</load_address>
         <run_address>0x802540</run_address>
         <size>0x20a0</size>
         <input_file_ref idref="fl-b"/>
      </object_component>
      <object_component id="oc-139">
         <name>.text</name>
         <load_address>0x8045e0</load_address>
         <run_address>0x8045e0</run_address>
         <size>0xf20</size>
         <input_file_ref idref="fl-8"/>
      </object_component>
      <object_component id="oc-145">
         <name>.text</name>
         <load_address>0x805500</load_address>
         <run_address>0x805500</run_address>
         <size>0xac0</size>
         <input_file_ref idref="fl-c"/>
      </object_component>
      <object_component id="oc-1f8">
         <name>.text</name>
         <load_address>0x805fc0</load_address>
         <run_address>0x805fc0</run_address>
         <size>0x820</size>
         <input_file_ref idref="fl-9"/>
      </object_component>
      <object_component id="oc-597">
         <name>.text:__c6xabi_divd</name>
         <load_address>0x8067e0</load_address>
         <run_address>0x8067e0</run_address>
         <size>0x5c0</size>
         <input_file_ref idref="fl-a3"/>
      </object_component>
      <object_component id="oc-534">
         <name>.text:_getarg_diouxp</name>
         <load_address>0x806da0</load_address>
         <run_address>0x806da0</run_address>
         <size>0x5c0</size>
         <input_file_ref idref="fl-9b"/>
      </object_component>
      <object_component id="oc-312">
         <name>.text:csl_section:edma3:CSL_edma3HwChannelControl</name>
         <load_address>0x807360</load_address>
         <run_address>0x807360</run_address>
         <size>0x5a0</size>
         <input_file_ref idref="fl-c4"/>
      </object_component>
      <object_component id="oc-3e4">
         <name>.text:_setfield</name>
         <load_address>0x807900</load_address>
         <run_address>0x807900</run_address>
         <size>0x520</size>
         <input_file_ref idref="fl-9b"/>
      </object_component>
      <object_component id="oc-1c8">
         <name>.text:csl_section:edma3:CSL_edma3HwControl</name>
         <load_address>0x807e20</load_address>
         <run_address>0x807e20</run_address>
         <size>0x4e0</size>
         <input_file_ref idref="fl-c0"/>
      </object_component>
      <object_component id="oc-279">
         <name>.text:_printfi</name>
         <load_address>0x808300</load_address>
         <run_address>0x808300</run_address>
         <size>0x460</size>
         <input_file_ref idref="fl-9b"/>
      </object_component>
      <object_component id="oc-1a9">
         <name>.text:csl_section:intc:CSL_intcHwControl</name>
         <load_address>0x808760</load_address>
         <run_address>0x808760</run_address>
         <size>0x3c0</size>
         <input_file_ref idref="fl-ca"/>
      </object_component>
      <object_component id="oc-3ce">
         <name>.text:fputs</name>
         <load_address>0x808b20</load_address>
         <run_address>0x808b20</run_address>
         <size>0x3a0</size>
         <input_file_ref idref="fl-a5"/>
      </object_component>
      <object_component id="oc-300">
         <name>.text</name>
         <load_address>0x808ec0</load_address>
         <run_address>0x808ec0</run_address>
         <size>0x360</size>
         <input_file_ref idref="fl-d"/>
      </object_component>
      <object_component id="oc-493">
         <name>.text:_pproc_fge</name>
         <load_address>0x809220</load_address>
         <run_address>0x809220</run_address>
         <size>0x320</size>
         <input_file_ref idref="fl-9b"/>
      </object_component>
      <object_component id="oc-3df">
         <name>.text:_pproc_fwp</name>
         <load_address>0x809540</load_address>
         <run_address>0x809540</run_address>
         <size>0x2e0</size>
         <input_file_ref idref="fl-9b"/>
      </object_component>
      <object_component id="oc-1c3">
         <name>.text:csl_section:edma3:CSL_edma3GetHwStatus</name>
         <load_address>0x809820</load_address>
         <run_address>0x809820</run_address>
         <size>0x2e0</size>
         <input_file_ref idref="fl-c1"/>
      </object_component>
      <object_component id="oc-58c">
         <name>.text:fcvt</name>
         <load_address>0x809b00</load_address>
         <run_address>0x809b00</run_address>
         <size>0x2a0</size>
         <input_file_ref idref="fl-9b"/>
      </object_component>
      <object_component id="oc-57c">
         <name>.text:ecvt</name>
         <load_address>0x809da0</load_address>
         <run_address>0x809da0</run_address>
         <size>0x280</size>
         <input_file_ref idref="fl-9b"/>
      </object_component>
      <object_component id="oc-552">
         <name>.text:free</name>
         <load_address>0x80a020</load_address>
         <run_address>0x80a020</run_address>
         <size>0x280</size>
         <input_file_ref idref="fl-96"/>
      </object_component>
      <object_component id="oc-619">
         <name>.text:__c6xabi_divull</name>
         <load_address>0x80a2a0</load_address>
         <run_address>0x80a2a0</run_address>
         <size>0x240</size>
         <input_file_ref idref="fl-a8"/>
      </object_component>
      <object_component id="oc-52e">
         <name>.text:_pconv_e</name>
         <load_address>0x80a4e0</load_address>
         <run_address>0x80a4e0</run_address>
         <size>0x240</size>
         <input_file_ref idref="fl-9b"/>
      </object_component>
      <object_component id="oc-498">
         <name>.text:_pproc_diouxp</name>
         <load_address>0x80a720</load_address>
         <run_address>0x80a720</run_address>
         <size>0x240</size>
         <input_file_ref idref="fl-9b"/>
      </object_component>
      <object_component id="oc-3e9">
         <name>.text:_pproc_str</name>
         <load_address>0x80a960</load_address>
         <run_address>0x80a960</run_address>
         <size>0x220</size>
         <input_file_ref idref="fl-9b"/>
      </object_component>
      <object_component id="oc-2e">
         <name>.text:csl_section:intc:CSL_intcOpen</name>
         <load_address>0x80ab80</load_address>
         <run_address>0x80ab80</run_address>
         <size>0x220</size>
         <input_file_ref idref="fl-cc"/>
      </object_component>
      <object_component id="oc-41">
         <name>.text:csl_section:intc:_CSL_intcEvent0Dispatcher</name>
         <load_address>0x80ada0</load_address>
         <run_address>0x80ada0</run_address>
         <size>0x220</size>
         <input_file_ref idref="fl-ce"/>
      </object_component>
      <object_component id="oc-3c">
         <name>.text:csl_section:intc:_CSL_intcEvent1Dispatcher</name>
         <load_address>0x80afc0</load_address>
         <run_address>0x80afc0</run_address>
         <size>0x220</size>
         <input_file_ref idref="fl-ce"/>
      </object_component>
      <object_component id="oc-37">
         <name>.text:csl_section:intc:_CSL_intcEvent2Dispatcher</name>
         <load_address>0x80b1e0</load_address>
         <run_address>0x80b1e0</run_address>
         <size>0x220</size>
         <input_file_ref idref="fl-ce"/>
      </object_component>
      <object_component id="oc-2d">
         <name>.text:csl_section:intc:_CSL_intcEvent3Dispatcher</name>
         <load_address>0x80b400</load_address>
         <run_address>0x80b400</run_address>
         <size>0x220</size>
         <input_file_ref idref="fl-ce"/>
      </object_component>
      <object_component id="oc-3d4">
         <name>.text:fputc</name>
         <load_address>0x80b620</load_address>
         <run_address>0x80b620</run_address>
         <size>0x220</size>
         <input_file_ref idref="fl-a4"/>
      </object_component>
      <object_component id="oc-524">
         <name>.text:_pconv_g</name>
         <load_address>0x80b840</load_address>
         <run_address>0x80b840</run_address>
         <size>0x200</size>
         <input_file_ref idref="fl-9b"/>
      </object_component>
      <object_component id="oc-4fc">
         <name>.text:setvbuf</name>
         <load_address>0x80ba40</load_address>
         <run_address>0x80ba40</run_address>
         <size>0x200</size>
         <input_file_ref idref="fl-b7"/>
      </object_component>
      <object_component id="oc-46">
         <name>.text:csl_section:intc:_CSL_intcDispatcher</name>
         <load_address>0x80bc40</load_address>
         <run_address>0x80bc40</run_address>
         <size>0x1e0</size>
         <input_file_ref idref="fl-cf"/>
      </object_component>
      <object_component id="oc-586">
         <name>.text:_mcpy</name>
         <load_address>0x80be20</load_address>
         <run_address>0x80be20</run_address>
         <size>0x1c0</size>
         <input_file_ref idref="fl-9b"/>
      </object_component>
      <object_component id="oc-5f1">
         <name>.text:HOSTrename</name>
         <load_address>0x80bfe0</load_address>
         <run_address>0x80bfe0</run_address>
         <size>0x1a0</size>
         <input_file_ref idref="fl-b1"/>
      </object_component>
      <object_component id="oc-614">
         <name>.text:__c6xabi_divul</name>
         <load_address>0x80c180</load_address>
         <run_address>0x80c180</run_address>
         <size>0x1a0</size>
         <input_file_ref idref="fl-a7"/>
      </object_component>
      <object_component id="oc-71">
         <name>.text:__TI_decompress_rle_core</name>
         <load_address>0x80c320</load_address>
         <run_address>0x80c320</run_address>
         <size>0x180</size>
         <input_file_ref idref="fl-8e"/>
      </object_component>
      <object_component id="oc-1b3">
         <name>.text</name>
         <load_address>0x80c4a0</load_address>
         <run_address>0x80c4a0</run_address>
         <size>0x180</size>
         <input_file_ref idref="fl-5"/>
      </object_component>
      <object_component id="oc-557">
         <name>.text:malloc</name>
         <load_address>0x80c620</load_address>
         <run_address>0x80c620</run_address>
         <size>0x180</size>
         <input_file_ref idref="fl-96"/>
      </object_component>
      <object_component id="oc-134">
         <name>.text:CSL_chipReadReg</name>
         <load_address>0x80c7a0</load_address>
         <run_address>0x80c7a0</run_address>
         <size>0x140</size>
         <input_file_ref idref="fl-bd"/>
      </object_component>
      <object_component id="oc-3da">
         <name>.text:_pproc_fflags</name>
         <load_address>0x80c8e0</load_address>
         <run_address>0x80c8e0</run_address>
         <size>0x140</size>
         <input_file_ref idref="fl-9b"/>
      </object_component>
      <object_component id="oc-47">
         <name>.text:csl_section:intc:CSL_intcInit</name>
         <load_address>0x80ca20</load_address>
         <run_address>0x80ca20</run_address>
         <size>0x140</size>
         <input_file_ref idref="fl-cb"/>
      </object_component>
      <object_component id="oc-9f">
         <name>.text:csl_section:intc</name>
         <load_address>0x80cb60</load_address>
         <run_address>0x80cb60</run_address>
         <size>0x140</size>
         <input_file_ref idref="fl-c7"/>
      </object_component>
      <object_component id="oc-666">
         <name>.text:getdevice</name>
         <load_address>0x80cca0</load_address>
         <run_address>0x80cca0</run_address>
         <size>0x140</size>
         <input_file_ref idref="fl-ab"/>
      </object_component>
      <object_component id="oc-5b7">
         <name>.text:_closefile</name>
         <load_address>0x80cde0</load_address>
         <run_address>0x80cde0</run_address>
         <size>0x120</size>
         <input_file_ref idref="fl-b9"/>
      </object_component>
      <object_component id="oc-53e">
         <name>.text:_ltostr</name>
         <load_address>0x80cf00</load_address>
         <run_address>0x80cf00</run_address>
         <size>0x120</size>
         <input_file_ref idref="fl-9b"/>
      </object_component>
      <object_component id="oc-1cd">
         <name>.text:csl_section:edma3:CSL_edma3ChannelOpen</name>
         <load_address>0x80d020</load_address>
         <run_address>0x80d020</run_address>
         <size>0x120</size>
         <input_file_ref idref="fl-c2"/>
      </object_component>
      <object_component id="oc-4f7">
         <name>.text:fseek</name>
         <load_address>0x80d140</load_address>
         <run_address>0x80d140</run_address>
         <size>0x120</size>
         <input_file_ref idref="fl-b6"/>
      </object_component>
      <object_component id="oc-5e7">
         <name>.text:HOSTlseek</name>
         <load_address>0x80d260</load_address>
         <run_address>0x80d260</run_address>
         <size>0x100</size>
         <input_file_ref idref="fl-b1"/>
      </object_component>
      <object_component id="oc-50">
         <name>.text:_auto_init_elf</name>
         <load_address>0x80d360</load_address>
         <run_address>0x80d360</run_address>
         <size>0x100</size>
         <input_file_ref idref="fl-9e"/>
      </object_component>
      <object_component id="oc-474">
         <name>.text:_wrt_ok</name>
         <load_address>0x80d460</load_address>
         <run_address>0x80d460</run_address>
         <size>0x100</size>
         <input_file_ref idref="fl-b3"/>
      </object_component>
      <object_component id="oc-ac">
         <name>.text:copy_in</name>
         <load_address>0x80d560</load_address>
         <run_address>0x80d560</run_address>
         <size>0x100</size>
         <input_file_ref idref="fl-a0"/>
      </object_component>
      <object_component id="oc-5d3">
         <name>.text:HOSTopen</name>
         <load_address>0x80d660</load_address>
         <run_address>0x80d660</run_address>
         <size>0xe0</size>
         <input_file_ref idref="fl-b1"/>
      </object_component>
      <object_component id="oc-5dd">
         <name>.text:HOSTread</name>
         <load_address>0x80d740</load_address>
         <run_address>0x80d740</run_address>
         <size>0xe0</size>
         <input_file_ref idref="fl-b1"/>
      </object_component>
      <object_component id="oc-245">
         <name>.text:__divi</name>
         <load_address>0x80d820</load_address>
         <run_address>0x80d820</run_address>
         <size>0xe0</size>
         <input_file_ref idref="fl-91"/>
      </object_component>
      <object_component id="oc-5a9">
         <name>.text:_div</name>
         <load_address>0x80d900</load_address>
         <run_address>0x80d900</run_address>
         <size>0xe0</size>
         <input_file_ref idref="fl-9b"/>
      </object_component>
      <object_component id="oc-48d">
         <name>.text:atoi</name>
         <load_address>0x80d9e0</load_address>
         <run_address>0x80d9e0</run_address>
         <size>0xe0</size>
         <input_file_ref idref="fl-9d"/>
      </object_component>
      <object_component id="oc-621">
         <name>.text:close</name>
         <load_address>0x80dac0</load_address>
         <run_address>0x80dac0</run_address>
         <size>0xe0</size>
         <input_file_ref idref="fl-ab"/>
      </object_component>
      <object_component id="oc-1d">
         <name>.text:decompress:ZI:__TI_zero_init</name>
         <load_address>0x80dba0</load_address>
         <run_address>0x80dba0</run_address>
         <size>0xe0</size>
         <input_file_ref idref="fl-8f"/>
      </object_component>
      <object_component id="oc-5fa">
         <name>.text:ltoa</name>
         <load_address>0x80dc80</load_address>
         <run_address>0x80dc80</run_address>
         <size>0xe0</size>
         <input_file_ref idref="fl-ac"/>
      </object_component>
      <object_component id="oc-488">
         <name>.text:memset</name>
         <load_address>0x80dd60</load_address>
         <run_address>0x80dd60</run_address>
         <size>0xe0</size>
         <input_file_ref idref="fl-97"/>
      </object_component>
      <object_component id="oc-189">
         <name>.text:printf</name>
         <load_address>0x80de40</load_address>
         <run_address>0x80de40</run_address>
         <size>0xe0</size>
         <input_file_ref idref="fl-98"/>
      </object_component>
      <object_component id="oc-5ec">
         <name>.text:HOSTunlink</name>
         <load_address>0x80df20</load_address>
         <run_address>0x80df20</run_address>
         <size>0xc0</size>
         <input_file_ref idref="fl-b1"/>
      </object_component>
      <object_component id="oc-5e2">
         <name>.text:HOSTwrite</name>
         <load_address>0x80dfe0</load_address>
         <run_address>0x80dfe0</run_address>
         <size>0xc0</size>
         <input_file_ref idref="fl-b1"/>
      </object_component>
      <object_component id="oc-60f">
         <name>.text:__divu</name>
         <load_address>0x80e0a0</load_address>
         <run_address>0x80e0a0</run_address>
         <size>0xc0</size>
         <input_file_ref idref="fl-92"/>
      </object_component>
      <object_component id="oc-479">
         <name>.text:_doflush</name>
         <load_address>0x80e160</load_address>
         <run_address>0x80e160</run_address>
         <size>0xc0</size>
         <input_file_ref idref="fl-b5"/>
      </object_component>
      <object_component id="oc-1dc">
         <name>.text:csl_section:edma3:CSL_edma3HwChannelSetupQue</name>
         <load_address>0x80e220</load_address>
         <run_address>0x80e220</run_address>
         <size>0xc0</size>
         <input_file_ref idref="fl-c3"/>
      </object_component>
      <object_component id="oc-1be">
         <name>.text:csl_section:edma3:CSL_edma3Open</name>
         <load_address>0x80e2e0</load_address>
         <run_address>0x80e2e0</run_address>
         <size>0xc0</size>
         <input_file_ref idref="fl-bf"/>
      </object_component>
      <object_component id="oc-1a4">
         <name>.text:csl_section:intc:CSL_intcPlugEventHandler</name>
         <load_address>0x80e3a0</load_address>
         <run_address>0x80e3a0</run_address>
         <size>0xc0</size>
         <input_file_ref idref="fl-cd"/>
      </object_component>
      <object_component id="oc-5a">
         <name>.text:exit</name>
         <load_address>0x80e460</load_address>
         <run_address>0x80e460</run_address>
         <size>0xc0</size>
         <input_file_ref idref="fl-93"/>
      </object_component>
      <object_component id="oc-b1">
         <name>.text:tls:init:__TI_tls_init</name>
         <load_address>0x80e520</load_address>
         <run_address>0x80e520</run_address>
         <size>0xc0</size>
         <input_file_ref idref="fl-af"/>
      </object_component>
      <object_component id="oc-5d8">
         <name>.text:HOSTclose</name>
         <load_address>0x80e5e0</load_address>
         <run_address>0x80e5e0</run_address>
         <size>0xa0</size>
         <input_file_ref idref="fl-b1"/>
      </object_component>
      <object_component id="oc-54d">
         <name>.text:_cleanup</name>
         <load_address>0x80e680</load_address>
         <run_address>0x80e680</run_address>
         <size>0xa0</size>
         <input_file_ref idref="fl-b8"/>
      </object_component>
      <object_component id="oc-581">
         <name>.text:_ecpy</name>
         <load_address>0x80e720</load_address>
         <run_address>0x80e720</run_address>
         <size>0xa0</size>
         <input_file_ref idref="fl-9b"/>
      </object_component>
      <object_component id="oc-591">
         <name>.text:_fcpy</name>
         <load_address>0x80e7c0</load_address>
         <run_address>0x80e7c0</run_address>
         <size>0xa0</size>
         <input_file_ref idref="fl-9b"/>
      </object_component>
      <object_component id="oc-5cb">
         <name>.text:_minit</name>
         <load_address>0x80e860</load_address>
         <run_address>0x80e860</run_address>
         <size>0xa0</size>
         <input_file_ref idref="fl-96"/>
      </object_component>
      <object_component id="oc-529">
         <name>.text:_pconv_f</name>
         <load_address>0x80e900</load_address>
         <run_address>0x80e900</run_address>
         <size>0xa0</size>
         <input_file_ref idref="fl-9b"/>
      </object_component>
      <object_component id="oc-1d7">
         <name>.text:csl_section:edma3:CSL_edma3HwChannelSetupParam</name>
         <load_address>0x80e9a0</load_address>
         <run_address>0x80e9a0</run_address>
         <size>0xa0</size>
         <input_file_ref idref="fl-c3"/>
      </object_component>
      <object_component id="oc-1e1">
         <name>.text:csl_section:edma3:CSL_edma3ParamSetup</name>
         <load_address>0x80ea40</load_address>
         <run_address>0x80ea40</run_address>
         <size>0xa0</size>
         <input_file_ref idref="fl-c5"/>
      </object_component>
      <object_component id="oc-67f">
         <name>.text:finddevice</name>
         <load_address>0x80eae0</load_address>
         <run_address>0x80eae0</run_address>
         <size>0xa0</size>
         <input_file_ref idref="fl-ab"/>
      </object_component>
      <object_component id="oc-546">
         <name>.text:lseek</name>
         <load_address>0x80eb80</load_address>
         <run_address>0x80eb80</run_address>
         <size>0xa0</size>
         <input_file_ref idref="fl-ab"/>
      </object_component>
      <object_component id="oc-60">
         <name>.text:memcpy</name>
         <load_address>0x80ec20</load_address>
         <run_address>0x80ec20</run_address>
         <size>0xa0</size>
         <input_file_ref idref="fl-95"/>
      </object_component>
      <object_component id="oc-5c5">
         <name>.text:minsert</name>
         <load_address>0x80ecc0</load_address>
         <run_address>0x80ecc0</run_address>
         <size>0xa0</size>
         <input_file_ref idref="fl-96"/>
      </object_component>
      <object_component id="oc-5c0">
         <name>.text:mremove</name>
         <load_address>0x80ed60</load_address>
         <run_address>0x80ed60</run_address>
         <size>0xa0</size>
         <input_file_ref idref="fl-96"/>
      </object_component>
      <object_component id="oc-47e">
         <name>.text:write</name>
         <load_address>0x80ee00</load_address>
         <run_address>0x80ee00</run_address>
         <size>0xa0</size>
         <input_file_ref idref="fl-ab"/>
      </object_component>
      <object_component id="oc-65a">
         <name>.text:__c6xabi_llshl</name>
         <load_address>0x80eea0</load_address>
         <run_address>0x80eea0</run_address>
         <size>0x80</size>
         <input_file_ref idref="fl-aa"/>
      </object_component>
      <object_component id="oc-13">
         <name>.text:_c_int00</name>
         <load_address>0x80ef20</load_address>
         <run_address>0x80ef20</run_address>
         <size>0x80</size>
         <input_file_ref idref="fl-8c"/>
      </object_component>
      <object_component id="oc-1d2">
         <name>.text:csl_section:edma3:CSL_edma3GetParamHandle</name>
         <load_address>0x80efa0</load_address>
         <run_address>0x80efa0</run_address>
         <size>0x80</size>
         <input_file_ref idref="fl-c5"/>
      </object_component>
      <object_component id="oc-63d">
         <name>.text:readmsg</name>
         <load_address>0x80f020</load_address>
         <run_address>0x80f020</run_address>
         <size>0x80</size>
         <input_file_ref idref="fl-b2"/>
      </object_component>
      <object_component id="oc-626">
         <name>.text:unlink</name>
         <load_address>0x80f0a0</load_address>
         <run_address>0x80f0a0</run_address>
         <size>0x80</size>
         <input_file_ref idref="fl-ab"/>
      </object_component>
      <object_component id="oc-b6">
         <name>.text:__TI_cpp_init</name>
         <load_address>0x80f120</load_address>
         <run_address>0x80f120</run_address>
         <size>0x60</size>
         <input_file_ref idref="fl-9f"/>
      </object_component>
      <object_component id="oc-609">
         <name>.text:__c6xabi_frcmpyd_div</name>
         <load_address>0x80f180</load_address>
         <run_address>0x80f180</run_address>
         <size>0x60</size>
         <input_file_ref idref="fl-a6"/>
      </object_component>
      <object_component id="oc-604">
         <name>.text:__c6xabi_llshru</name>
         <load_address>0x80f1e0</load_address>
         <run_address>0x80f1e0</run_address>
         <size>0x60</size>
         <input_file_ref idref="fl-aa"/>
      </object_component>
      <object_component id="oc-65f">
         <name>.text:_subcull</name>
         <load_address>0x80f240</load_address>
         <run_address>0x80f240</run_address>
         <size>0x60</size>
         <input_file_ref idref="fl-a8"/>
      </object_component>
      <object_component id="oc-2d5">
         <name>.text:csl_section:edma:CSL_edma3ccGetModuleBaseAddr</name>
         <load_address>0x80f2a0</load_address>
         <run_address>0x80f2a0</run_address>
         <size>0x60</size>
         <input_file_ref idref="fl-c6"/>
      </object_component>
      <object_component id="oc-49d">
         <name>.text:memccpy</name>
         <load_address>0x80f300</load_address>
         <run_address>0x80f300</run_address>
         <size>0x60</size>
         <input_file_ref idref="fl-ad"/>
      </object_component>
      <object_component id="oc-638">
         <name>.text:writemsg</name>
         <load_address>0x80f360</load_address>
         <run_address>0x80f360</run_address>
         <size>0x60</size>
         <input_file_ref idref="fl-b2"/>
      </object_component>
      <object_component id="oc-1ae">
         <name>.text:CSL_CPINTC_open</name>
         <load_address>0x80f3c0</load_address>
         <run_address>0x80f3c0</run_address>
         <size>0x40</size>
         <input_file_ref idref="fl-bc"/>
      </object_component>
      <object_component id="oc-51f">
         <name>.text:__c6xabi_isinf</name>
         <load_address>0x80f400</load_address>
         <run_address>0x80f400</run_address>
         <size>0x40</size>
         <input_file_ref idref="fl-a9"/>
      </object_component>
      <object_component id="oc-51a">
         <name>.text:__c6xabi_isnan</name>
         <load_address>0x80f440</load_address>
         <run_address>0x80f440</run_address>
         <size>0x40</size>
         <input_file_ref idref="fl-9b"/>
      </object_component>
      <object_component id="oc-240">
         <name>.text:__strasgi_64plus</name>
         <load_address>0x80f480</load_address>
         <run_address>0x80f480</run_address>
         <size>0x40</size>
         <input_file_ref idref="fl-99"/>
      </object_component>
      <object_component id="oc-55">
         <name>.text:_args_main</name>
         <load_address>0x80f4c0</load_address>
         <run_address>0x80f4c0</run_address>
         <size>0x40</size>
         <input_file_ref idref="fl-9c"/>
      </object_component>
      <object_component id="oc-bc">
         <name>.text</name>
         <load_address>0x80f500</load_address>
         <run_address>0x80f500</run_address>
         <size>0x40</size>
         <input_file_ref idref="fl-2"/>
      </object_component>
      <object_component id="oc-1e6">
         <name>.text:CSL_GPIO_open</name>
         <load_address>0x80f540</load_address>
         <run_address>0x80f540</run_address>
         <size>0x20</size>
         <input_file_ref idref="fl-bb"/>
      </object_component>
      <object_component id="oc-539">
         <name>.text:__c6xabi_negll</name>
         <load_address>0x80f560</load_address>
         <run_address>0x80f560</run_address>
         <size>0x20</size>
         <input_file_ref idref="fl-ae"/>
      </object_component>
      <object_component id="oc-3c3">
         <name>.text:_nop</name>
         <load_address>0x80f580</load_address>
         <run_address>0x80f580</run_address>
         <size>0x20</size>
         <input_file_ref idref="fl-9a"/>
      </object_component>
      <object_component id="oc-274">
         <name>.text:_outc</name>
         <load_address>0x80f5a0</load_address>
         <run_address>0x80f5a0</run_address>
         <size>0x20</size>
         <input_file_ref idref="fl-98"/>
      </object_component>
      <object_component id="oc-26f">
         <name>.text:_outs</name>
         <load_address>0x80f5c0</load_address>
         <run_address>0x80f5c0</run_address>
         <size>0x20</size>
         <input_file_ref idref="fl-98"/>
      </object_component>
      <object_component id="oc-cb">
         <name>.text:abort</name>
         <load_address>0x80f5e0</load_address>
         <run_address>0x80f5e0</run_address>
         <size>0x20</size>
         <input_file_ref idref="fl-93"/>
      </object_component>
      <object_component id="oc-1b9">
         <name>.text:csl_section:edma3:CSL_edma3Init</name>
         <load_address>0x80f600</load_address>
         <run_address>0x80f600</run_address>
         <size>0x20</size>
         <input_file_ref idref="fl-be"/>
      </object_component>
      <object_component id="oc-8a">
         <name>.text:csl_section:intc:CSL_intcHookIsr</name>
         <load_address>0x80f620</load_address>
         <run_address>0x80f620</run_address>
         <size>0x20</size>
         <input_file_ref idref="fl-d1"/>
      </object_component>
      <object_component id="oc-9a">
         <name>.text:csl_section:intc</name>
         <load_address>0x80f640</load_address>
         <run_address>0x80f640</run_address>
         <size>0x20</size>
         <input_file_ref idref="fl-d0"/>
      </object_component>
      <object_component id="oc-18">
         <name>.text:decompress:none:__TI_decompress_none</name>
         <load_address>0x80f660</load_address>
         <run_address>0x80f660</run_address>
         <size>0x20</size>
         <input_file_ref idref="fl-8d"/>
      </object_component>
      <object_component id="oc-22">
         <name>.text:decompress:rle24:__TI_decompress_rle24</name>
         <load_address>0x80f680</load_address>
         <run_address>0x80f680</run_address>
         <size>0x20</size>
         <input_file_ref idref="fl-8e"/>
      </object_component>
      <object_component id="oc-1f1">
         <name>.const:.string</name>
         <load_address>0x8187c0</load_address>
         <run_address>0x8187c0</run_address>
         <size>0x118</size>
         <input_file_ref idref="fl-b"/>
      </object_component>
      <object_component id="oc-515">
         <name>.const:.string:_ctypes_</name>
         <load_address>0x8188d8</load_address>
         <run_address>0x8188d8</run_address>
         <size>0x101</size>
         <input_file_ref idref="fl-a1"/>
      </object_component>
      <object_component id="oc-427">
         <name>.const:.string</name>
         <load_address>0x8189dc</load_address>
         <run_address>0x8189dc</run_address>
         <size>0x64</size>
         <input_file_ref idref="fl-d"/>
      </object_component>
      <object_component id="oc-185">
         <name>.const:.string</name>
         <load_address>0x818a40</load_address>
         <run_address>0x818a40</run_address>
         <size>0x58</size>
         <input_file_ref idref="fl-8"/>
      </object_component>
      <object_component id="oc-239">
         <name>.const:.string</name>
         <load_address>0x818a98</load_address>
         <run_address>0x818a98</run_address>
         <size>0x24</size>
         <input_file_ref idref="fl-c"/>
      </object_component>
      <object_component id="oc-4a2">
         <name>.const:.string</name>
         <load_address>0x818abc</load_address>
         <run_address>0x818abc</run_address>
         <size>0x23</size>
         <input_file_ref idref="fl-9b"/>
      </object_component>
      <object_component id="oc-34e">
         <name>.const:$P$T1$2</name>
         <load_address>0x818ae0</load_address>
         <run_address>0x818ae0</run_address>
         <size>0x20</size>
         <input_file_ref idref="fl-3"/>
      </object_component>
      <object_component id="oc-34b">
         <name>.const:$P$T0$1</name>
         <load_address>0x818b00</load_address>
         <run_address>0x818b00</run_address>
         <size>0x10</size>
         <input_file_ref idref="fl-3"/>
      </object_component>
      <object_component id="oc-6b6">
         <name>.cinit..fardata.load</name>
         <load_address>0x825330</load_address>
         <run_address>0x825330</run_address>
         <size>0xe5</size>
      </object_component>
      <object_component id="oc-6b5">
         <name>.cinit..neardata.load</name>
         <load_address>0x825418</load_address>
         <run_address>0x825418</run_address>
         <size>0x69</size>
      </object_component>
      <object_component id="oc-6b2">
         <name>__TI_handler_table</name>
         <load_address>0x825484</load_address>
         <run_address>0x825484</run_address>
         <size>0xc</size>
      </object_component>
      <object_component id="oc-6b4">
         <name>.cinit..bss.load</name>
         <load_address>0x825490</load_address>
         <run_address>0x825490</run_address>
         <size>0x9</size>
      </object_component>
      <object_component id="oc-6b9">
         <name>.cinit..L2_buffers.load</name>
         <load_address>0x82549c</load_address>
         <run_address>0x82549c</run_address>
         <size>0x8</size>
      </object_component>
      <object_component id="oc-6b7">
         <name>.cinit..far.load</name>
         <load_address>0x8254a4</load_address>
         <run_address>0x8254a4</run_address>
         <size>0x8</size>
      </object_component>
      <object_component id="oc-6b8">
         <name>.cinit..testMem.load</name>
         <load_address>0x8254ac</load_address>
         <run_address>0x8254ac</run_address>
         <size>0x8</size>
      </object_component>
      <object_component id="oc-6ba">
         <name>.cinit.C1PL.load</name>
         <load_address>0x8254b4</load_address>
         <run_address>0x8254b4</run_address>
         <size>0x8</size>
      </object_component>
      <object_component id="oc-6b3">
         <name>__TI_cinit_table</name>
         <load_address>0x8254bc</load_address>
         <run_address>0x8254bc</run_address>
         <size>0x38</size>
      </object_component>
      <object_component id="oc-17b">
         <name>.switch:CSL_chipReadReg</name>
         <load_address>0x818e00</load_address>
         <run_address>0x818e00</run_address>
         <size>0x70</size>
         <input_file_ref idref="fl-bd"/>
      </object_component>
      <object_component id="oc-34a">
         <name>.switch:upp_config</name>
         <load_address>0x818e70</load_address>
         <run_address>0x818e70</run_address>
         <size>0x48</size>
         <input_file_ref idref="fl-3"/>
      </object_component>
      <object_component id="oc-2e9">
         <name>.switch:CSL_edma3HwControl</name>
         <load_address>0x818eb8</load_address>
         <run_address>0x818eb8</run_address>
         <size>0x3c</size>
         <input_file_ref idref="fl-c0"/>
      </object_component>
      <object_component id="oc-2e1">
         <name>.switch:CSL_edma3GetHwStatus</name>
         <load_address>0x818ef4</load_address>
         <run_address>0x818ef4</run_address>
         <size>0x20</size>
         <input_file_ref idref="fl-c1"/>
      </object_component>
      <object_component id="oc-2bb">
         <name>.switch:CSL_intcHwControl</name>
         <load_address>0x818f14</load_address>
         <run_address>0x818f14</run_address>
         <size>0x1c</size>
         <input_file_ref idref="fl-ca"/>
      </object_component>
      <object_component id="oc-444">
         <name>.switch:CSL_edma3HwChannelControl</name>
         <load_address>0x818f30</load_address>
         <run_address>0x818f30</run_address>
         <size>0x14</size>
         <input_file_ref idref="fl-c4"/>
      </object_component>
      <object_component id="oc-89">
         <name>.switch:CSL_intcOpen</name>
         <load_address>0x818f44</load_address>
         <run_address>0x818f44</run_address>
         <size>0x10</size>
         <input_file_ref idref="fl-cc"/>
      </object_component>
      <object_component id="oc-83">
         <name>.bss:csl_section:intc:init</name>
         <load_address>0x818bdc</load_address>
         <run_address>0x818bdc</run_address>
         <size>0x8</size>
         <input_file_ref idref="fl-c9"/>
      </object_component>
      <object_component id="oc-86">
         <name>.bss:csl_section:intc:uninit</name>
         <load_address>0x818b78</load_address>
         <run_address>0x818b78</run_address>
         <size>0x4c</size>
         <input_file_ref idref="fl-c9"/>
      </object_component>
      <object_component id="oc-14b">
         <name>.bss</name>
         <load_address>0x818bc4</load_address>
         <run_address>0x818bc4</run_address>
         <size>0x18</size>
         <input_file_ref idref="fl-2"/>
      </object_component>
      <object_component id="oc-1f2">
         <name>.bss</name>
         <load_address>0x818b10</load_address>
         <run_address>0x818b10</run_address>
         <size>0x68</size>
         <input_file_ref idref="fl-b"/>
      </object_component>
      <object_component id="oc-42e">
         <name>.bss</name>
         <load_address>0x818be4</load_address>
         <run_address>0x818be4</run_address>
         <size>0x4</size>
         <input_file_ref idref="fl-d"/>
      </object_component>
      <object_component id="oc-182">
         <name>.neardata</name>
         <load_address>0x819178</load_address>
         <run_address>0x819178</run_address>
         <size>0x50</size>
         <input_file_ref idref="fl-8"/>
      </object_component>
      <object_component id="oc-1f5">
         <name>.neardata</name>
         <load_address>0x8191f4</load_address>
         <run_address>0x8191f4</run_address>
         <size>0x8</size>
         <input_file_ref idref="fl-b"/>
      </object_component>
      <object_component id="oc-23a">
         <name>.neardata</name>
         <load_address>0x8191d8</load_address>
         <run_address>0x8191d8</run_address>
         <size>0xe</size>
         <input_file_ref idref="fl-c"/>
      </object_component>
      <object_component id="oc-30c">
         <name>.neardata</name>
         <load_address>0x8191c8</load_address>
         <run_address>0x8191c8</run_address>
         <size>0x10</size>
         <input_file_ref idref="fl-2"/>
      </object_component>
      <object_component id="oc-428">
         <name>.neardata</name>
         <load_address>0x8191e8</load_address>
         <run_address>0x8191e8</run_address>
         <size>0xc</size>
         <input_file_ref idref="fl-d"/>
      </object_component>
      <object_component id="oc-c8">
         <name>.fardata</name>
         <load_address>0x8187a0</load_address>
         <run_address>0x8187a0</run_address>
         <size>0xc</size>
         <input_file_ref idref="fl-93"/>
      </object_component>
      <object_component id="oc-186">
         <name>.fardata:mem_prot_key</name>
         <load_address>0x818790</load_address>
         <run_address>0x818790</run_address>
         <size>0x10</size>
         <input_file_ref idref="fl-8"/>
      </object_component>
      <object_component id="oc-1ee">
         <name>.fardata:intInfo</name>
         <load_address>0x818750</load_address>
         <run_address>0x818750</run_address>
         <size>0x20</size>
         <input_file_ref idref="fl-b"/>
      </object_component>
      <object_component id="oc-236">
         <name>.fardata</name>
         <load_address>0x8186e0</load_address>
         <run_address>0x8186e0</run_address>
         <size>0x6c</size>
         <input_file_ref idref="fl-3"/>
      </object_component>
      <object_component id="oc-269">
         <name>.fardata</name>
         <load_address>0x8187b8</load_address>
         <run_address>0x8187b8</run_address>
         <size>0x8</size>
         <input_file_ref idref="fl-9a"/>
      </object_component>
      <object_component id="oc-26c">
         <name>.fardata:_ftable</name>
         <load_address>0x8183e8</load_address>
         <run_address>0x8183e8</run_address>
         <size>0x1e0</size>
         <input_file_ref idref="fl-a2"/>
      </object_component>
      <object_component id="oc-42b">
         <name>.fardata:iIPCGRInfo</name>
         <load_address>0x818780</load_address>
         <run_address>0x818780</run_address>
         <size>0x10</size>
         <input_file_ref idref="fl-d"/>
      </object_component>
      <object_component id="oc-431">
         <name>.fardata:iIPCARInfo</name>
         <load_address>0x818770</load_address>
         <run_address>0x818770</run_address>
         <size>0x10</size>
         <input_file_ref idref="fl-d"/>
      </object_component>
      <object_component id="oc-505">
         <name>.fardata:_stream</name>
         <load_address>0x8185c8</load_address>
         <run_address>0x8185c8</run_address>
         <size>0xa0</size>
         <input_file_ref idref="fl-ab"/>
      </object_component>
      <object_component id="oc-562">
         <name>.fardata:_device</name>
         <load_address>0x818668</load_address>
         <run_address>0x818668</run_address>
         <size>0x78</size>
         <input_file_ref idref="fl-ab"/>
      </object_component>
      <object_component id="oc-5b4">
         <name>.fardata</name>
         <load_address>0x81874c</load_address>
         <run_address>0x81874c</run_address>
         <size>0x4</size>
         <input_file_ref idref="fl-a2"/>
      </object_component>
      <object_component id="oc-5bd">
         <name>.fardata</name>
         <load_address>0x8187ac</load_address>
         <run_address>0x8187ac</run_address>
         <size>0xc</size>
         <input_file_ref idref="fl-96"/>
      </object_component>
      <object_component id="oc-1eb">
         <name>.far</name>
         <uninitialized>true</uninitialized>
         <run_address>0x817e38</run_address>
         <size>0x468</size>
         <input_file_ref idref="fl-b"/>
      </object_component>
      <object_component id="oc-30f">
         <name>.far</name>
         <uninitialized>true</uninitialized>
         <run_address>0x8176a0</run_address>
         <size>0x794</size>
         <input_file_ref idref="fl-2"/>
      </object_component>
      <object_component id="oc-62b">
         <name>.far</name>
         <uninitialized>true</uninitialized>
         <run_address>0x8182a0</run_address>
         <size>0x140</size>
         <input_file_ref idref="fl-a2"/>
      </object_component>
      <object_component id="oc-635">
         <name>.far</name>
         <uninitialized>true</uninitialized>
         <run_address>0x8183e0</run_address>
         <size>0x8</size>
         <input_file_ref idref="fl-b1"/>
      </object_component>
      <object_component id="oc-672">
         <name>.cio</name>
         <uninitialized>true</uninitialized>
         <run_address>0x818f58</run_address>
         <size>0x120</size>
         <input_file_ref idref="fl-b2"/>
      </object_component>
      <object_component id="oc-2c4">
         <name>.testMem</name>
         <uninitialized>true</uninitialized>
         <run_address>0x819078</run_address>
         <size>0x100</size>
         <input_file_ref idref="fl-5"/>
      </object_component>
      <object_component id="oc-23d">
         <name>.L2_buffers</name>
         <uninitialized>true</uninitialized>
         <run_address>0xc000000</run_address>
         <size>0x400f0</size>
         <input_file_ref idref="fl-c"/>
      </object_component>
      <object_component id="oc-14">
         <name>.debug_info</name>
         <load_address>0x0</load_address>
         <run_address>0x0</run_address>
         <size>0x111</size>
         <input_file_ref idref="fl-8c"/>
      </object_component>
      <object_component id="oc-19">
         <name>.debug_info</name>
         <load_address>0x111</load_address>
         <run_address>0x111</run_address>
         <size>0x150</size>
         <input_file_ref idref="fl-8d"/>
      </object_component>
      <object_component id="oc-1e">
         <name>.debug_info</name>
         <load_address>0x261</load_address>
         <run_address>0x261</run_address>
         <size>0x191</size>
         <input_file_ref idref="fl-8f"/>
      </object_component>
      <object_component id="oc-23">
         <name>.debug_info</name>
         <load_address>0x3f2</load_address>
         <run_address>0x3f2</run_address>
         <size>0x16d</size>
         <input_file_ref idref="fl-8e"/>
      </object_component>
      <object_component id="oc-28">
         <name>.debug_info</name>
         <load_address>0x55f</load_address>
         <run_address>0x55f</run_address>
         <size>0xa8</size>
         <input_file_ref idref="fl-8c"/>
      </object_component>
      <object_component id="oc-2b">
         <name>.debug_info</name>
         <load_address>0x607</load_address>
         <run_address>0x607</run_address>
         <size>0xb4</size>
         <input_file_ref idref="fl-96"/>
      </object_component>
      <object_component id="oc-2f">
         <name>.debug_info</name>
         <load_address>0x6bb</load_address>
         <run_address>0x6bb</run_address>
         <size>0x1f0</size>
         <input_file_ref idref="fl-cc"/>
      </object_component>
      <object_component id="oc-33">
         <name>.debug_info</name>
         <load_address>0x8ab</load_address>
         <run_address>0x8ab</run_address>
         <size>0x36a</size>
         <input_file_ref idref="fl-ce"/>
      </object_component>
      <object_component id="oc-38">
         <name>.debug_info</name>
         <load_address>0xc15</load_address>
         <run_address>0xc15</run_address>
         <size>0x36a</size>
         <input_file_ref idref="fl-ce"/>
      </object_component>
      <object_component id="oc-3d">
         <name>.debug_info</name>
         <load_address>0xf7f</load_address>
         <run_address>0xf7f</run_address>
         <size>0x36c</size>
         <input_file_ref idref="fl-ce"/>
      </object_component>
      <object_component id="oc-42">
         <name>.debug_info</name>
         <load_address>0x12eb</load_address>
         <run_address>0x12eb</run_address>
         <size>0x36c</size>
         <input_file_ref idref="fl-ce"/>
      </object_component>
      <object_component id="oc-48">
         <name>.debug_info</name>
         <load_address>0x1657</load_address>
         <run_address>0x1657</run_address>
         <size>0x2dd</size>
         <input_file_ref idref="fl-cb"/>
      </object_component>
      <object_component id="oc-4c">
         <name>.debug_info</name>
         <load_address>0x1934</load_address>
         <run_address>0x1934</run_address>
         <size>0x164</size>
         <input_file_ref idref="fl-cf"/>
      </object_component>
      <object_component id="oc-51">
         <name>.debug_info</name>
         <load_address>0x1a98</load_address>
         <run_address>0x1a98</run_address>
         <size>0x191</size>
         <input_file_ref idref="fl-9e"/>
      </object_component>
      <object_component id="oc-56">
         <name>.debug_info</name>
         <load_address>0x1c29</load_address>
         <run_address>0x1c29</run_address>
         <size>0xf7</size>
         <input_file_ref idref="fl-9c"/>
      </object_component>
      <object_component id="oc-5b">
         <name>.debug_info</name>
         <load_address>0x1d20</load_address>
         <run_address>0x1d20</run_address>
         <size>0x10d</size>
         <input_file_ref idref="fl-93"/>
      </object_component>
      <object_component id="oc-61">
         <name>.debug_info</name>
         <load_address>0x1e2d</load_address>
         <run_address>0x1e2d</run_address>
         <size>0xd7</size>
         <input_file_ref idref="fl-95"/>
      </object_component>
      <object_component id="oc-66">
         <name>.debug_info</name>
         <load_address>0x1f04</load_address>
         <run_address>0x1f04</run_address>
         <size>0x53</size>
         <input_file_ref idref="fl-8d"/>
      </object_component>
      <object_component id="oc-6c">
         <name>.debug_info</name>
         <load_address>0x1f57</load_address>
         <run_address>0x1f57</run_address>
         <size>0x53</size>
         <input_file_ref idref="fl-8f"/>
      </object_component>
      <object_component id="oc-72">
         <name>.debug_info</name>
         <load_address>0x1faa</load_address>
         <run_address>0x1faa</run_address>
         <size>0x2f3</size>
         <input_file_ref idref="fl-8e"/>
      </object_component>
      <object_component id="oc-77">
         <name>.debug_info</name>
         <load_address>0x229d</load_address>
         <run_address>0x229d</run_address>
         <size>0x1d8</size>
         <input_file_ref idref="fl-8e"/>
      </object_component>
      <object_component id="oc-78">
         <name>.debug_info</name>
         <load_address>0x2475</load_address>
         <run_address>0x2475</run_address>
         <size>0x46</size>
         <input_file_ref idref="fl-8e"/>
      </object_component>
      <object_component id="oc-7f">
         <name>.debug_info</name>
         <load_address>0x24bb</load_address>
         <run_address>0x24bb</run_address>
         <size>0x10b</size>
         <input_file_ref idref="fl-8c"/>
      </object_component>
      <object_component id="oc-82">
         <name>.debug_info</name>
         <load_address>0x25c6</load_address>
         <run_address>0x25c6</run_address>
         <size>0x16b</size>
         <input_file_ref idref="fl-96"/>
      </object_component>
      <object_component id="oc-84">
         <name>.debug_info</name>
         <load_address>0x2731</load_address>
         <run_address>0x2731</run_address>
         <size>0x13e</size>
         <input_file_ref idref="fl-c9"/>
      </object_component>
      <object_component id="oc-87">
         <name>.debug_info</name>
         <load_address>0x286f</load_address>
         <run_address>0x286f</run_address>
         <size>0x181</size>
         <input_file_ref idref="fl-c9"/>
      </object_component>
      <object_component id="oc-8b">
         <name>.debug_info</name>
         <load_address>0x29f0</load_address>
         <run_address>0x29f0</run_address>
         <size>0x175</size>
         <input_file_ref idref="fl-d1"/>
      </object_component>
      <object_component id="oc-90">
         <name>.debug_info</name>
         <load_address>0x2b65</load_address>
         <run_address>0x2b65</run_address>
         <size>0x357</size>
         <input_file_ref idref="fl-cc"/>
      </object_component>
      <object_component id="oc-95">
         <name>.debug_info</name>
         <load_address>0x2ebc</load_address>
         <run_address>0x2ebc</run_address>
         <size>0x2e9</size>
         <input_file_ref idref="fl-cc"/>
      </object_component>
      <object_component id="oc-9b">
         <name>.debug_info</name>
         <load_address>0x31a5</load_address>
         <run_address>0x31a5</run_address>
         <size>0x107</size>
         <input_file_ref idref="fl-d0"/>
      </object_component>
      <object_component id="oc-a0">
         <name>.debug_info</name>
         <load_address>0x32ac</load_address>
         <run_address>0x32ac</run_address>
         <size>0x110</size>
         <input_file_ref idref="fl-c7"/>
      </object_component>
      <object_component id="oc-a5">
         <name>.debug_info</name>
         <load_address>0x33bc</load_address>
         <run_address>0x33bc</run_address>
         <size>0x11a</size>
         <input_file_ref idref="fl-bb"/>
      </object_component>
      <object_component id="oc-aa">
         <name>.debug_info</name>
         <load_address>0x34d6</load_address>
         <run_address>0x34d6</run_address>
         <size>0x321</size>
         <input_file_ref idref="fl-cb"/>
      </object_component>
      <object_component id="oc-ad">
         <name>.debug_info</name>
         <load_address>0x37f7</load_address>
         <run_address>0x37f7</run_address>
         <size>0x18f</size>
         <input_file_ref idref="fl-a0"/>
      </object_component>
      <object_component id="oc-b2">
         <name>.debug_info</name>
         <load_address>0x3986</load_address>
         <run_address>0x3986</run_address>
         <size>0x165</size>
         <input_file_ref idref="fl-af"/>
      </object_component>
      <object_component id="oc-b7">
         <name>.debug_info</name>
         <load_address>0x3aeb</load_address>
         <run_address>0x3aeb</run_address>
         <size>0x160</size>
         <input_file_ref idref="fl-9f"/>
      </object_component>
      <object_component id="oc-bd">
         <name>.debug_info</name>
         <load_address>0x3c4b</load_address>
         <run_address>0x3c4b</run_address>
         <size>0x1ca</size>
         <input_file_ref idref="fl-2"/>
      </object_component>
      <object_component id="oc-c3">
         <name>.debug_info</name>
         <load_address>0x3e15</load_address>
         <run_address>0x3e15</run_address>
         <size>0x94</size>
         <input_file_ref idref="fl-8c"/>
      </object_component>
      <object_component id="oc-c9">
         <name>.debug_info</name>
         <load_address>0x3ea9</load_address>
         <run_address>0x3ea9</run_address>
         <size>0x128</size>
         <input_file_ref idref="fl-93"/>
      </object_component>
      <object_component id="oc-cc">
         <name>.debug_info</name>
         <load_address>0x3fd1</load_address>
         <run_address>0x3fd1</run_address>
         <size>0x11f</size>
         <input_file_ref idref="fl-93"/>
      </object_component>
      <object_component id="oc-d1">
         <name>.debug_info</name>
         <load_address>0x40f0</load_address>
         <run_address>0x40f0</run_address>
         <size>0x8d</size>
         <input_file_ref idref="fl-8d"/>
      </object_component>
      <object_component id="oc-d7">
         <name>.debug_info</name>
         <load_address>0x417d</load_address>
         <run_address>0x417d</run_address>
         <size>0x46</size>
         <input_file_ref idref="fl-8d"/>
      </object_component>
      <object_component id="oc-dc">
         <name>.debug_info</name>
         <load_address>0x41c3</load_address>
         <run_address>0x41c3</run_address>
         <size>0xe6</size>
         <input_file_ref idref="fl-8d"/>
      </object_component>
      <object_component id="oc-dd">
         <name>.debug_info</name>
         <load_address>0x42a9</load_address>
         <run_address>0x42a9</run_address>
         <size>0x2c</size>
         <input_file_ref idref="fl-8e"/>
      </object_component>
      <object_component id="oc-e2">
         <name>.debug_info</name>
         <load_address>0x42d5</load_address>
         <run_address>0x42d5</run_address>
         <size>0x1ce</size>
         <input_file_ref idref="fl-8f"/>
      </object_component>
      <object_component id="oc-e8">
         <name>.debug_info</name>
         <load_address>0x44a3</load_address>
         <run_address>0x44a3</run_address>
         <size>0x1d9</size>
         <input_file_ref idref="fl-8c"/>
      </object_component>
      <object_component id="oc-ef">
         <name>.debug_info</name>
         <load_address>0x467c</load_address>
         <run_address>0x467c</run_address>
         <size>0x110</size>
         <input_file_ref idref="fl-93"/>
      </object_component>
      <object_component id="oc-f4">
         <name>.debug_info</name>
         <load_address>0x478c</load_address>
         <run_address>0x478c</run_address>
         <size>0x70</size>
         <input_file_ref idref="fl-96"/>
      </object_component>
      <object_component id="oc-fb">
         <name>.debug_info</name>
         <load_address>0x47fc</load_address>
         <run_address>0x47fc</run_address>
         <size>0x190</size>
         <input_file_ref idref="fl-c9"/>
      </object_component>
      <object_component id="oc-fe">
         <name>.debug_info</name>
         <load_address>0x498c</load_address>
         <run_address>0x498c</run_address>
         <size>0x18e</size>
         <input_file_ref idref="fl-c9"/>
      </object_component>
      <object_component id="oc-103">
         <name>.debug_info</name>
         <load_address>0x4b1a</load_address>
         <run_address>0x4b1a</run_address>
         <size>0x34c</size>
         <input_file_ref idref="fl-bb"/>
      </object_component>
      <object_component id="oc-109">
         <name>.debug_info</name>
         <load_address>0x4e66</load_address>
         <run_address>0x4e66</run_address>
         <size>0x357</size>
         <input_file_ref idref="fl-d1"/>
      </object_component>
      <object_component id="oc-10e">
         <name>.debug_info</name>
         <load_address>0x51bd</load_address>
         <run_address>0x51bd</run_address>
         <size>0x1b8</size>
         <input_file_ref idref="fl-d1"/>
      </object_component>
      <object_component id="oc-111">
         <name>.debug_info</name>
         <load_address>0x5375</load_address>
         <run_address>0x5375</run_address>
         <size>0x1f7</size>
         <input_file_ref idref="fl-cc"/>
      </object_component>
      <object_component id="oc-116">
         <name>.debug_info</name>
         <load_address>0x556c</load_address>
         <run_address>0x556c</run_address>
         <size>0x94</size>
         <input_file_ref idref="fl-bb"/>
      </object_component>
      <object_component id="oc-11d">
         <name>.debug_info</name>
         <load_address>0x5600</load_address>
         <run_address>0x5600</run_address>
         <size>0x10d</size>
         <input_file_ref idref="fl-c8"/>
      </object_component>
      <object_component id="oc-122">
         <name>.debug_info</name>
         <load_address>0x570d</load_address>
         <run_address>0x570d</run_address>
         <size>0x123</size>
         <input_file_ref idref="fl-bb"/>
      </object_component>
      <object_component id="oc-125">
         <name>.debug_info</name>
         <load_address>0x5830</load_address>
         <run_address>0x5830</run_address>
         <size>0x357</size>
         <input_file_ref idref="fl-c9"/>
      </object_component>
      <object_component id="oc-12a">
         <name>.debug_info</name>
         <load_address>0x5b87</load_address>
         <run_address>0x5b87</run_address>
         <size>0x1f7</size>
         <input_file_ref idref="fl-c9"/>
      </object_component>
      <object_component id="oc-130">
         <name>.debug_info</name>
         <load_address>0x5d7e</load_address>
         <run_address>0x5d7e</run_address>
         <size>0x141</size>
[...]
         <name>__TI_decompress_none</name>
         <value>0x80f660</value>
         <object_component_ref idref="oc-18"/>
      </symbol>
      <symbol id="sm-76c">
         <name>__TI_decompress_rle24</name>
         <value>0x80f680</value>
         <object_component_ref idref="oc-22"/>
      </symbol>
      <symbol id="sm-77d">
         <name>__TI_zero_init</name>
         <value>0x80dba0</value>
         <object_component_ref idref="oc-1d"/>
      </symbol>
      <symbol id="sm-787">
         <name>__c6xabi_divi</name>
         <value>0x80d820</value>
         <object_component_ref idref="oc-245"/>
      </symbol>
      <symbol id="sm-788">
         <name>__divi</name>
         <value>0x80d820</value>
         <object_component_ref idref="oc-245"/>
      </symbol>
      <symbol id="sm-791">
         <name>__c6xabi_divu</name>
         <value>0x80e0a0</value>
         <object_component_ref idref="oc-60f"/>
      </symbol>
      <symbol id="sm-792">
         <name>__divu</name>
         <value>0x80e0a0</value>
         <object_component_ref idref="oc-60f"/>
      </symbol>
      <symbol id="sm-7b4">
         <name>C$$EXIT</name>
         <value>0x80f5e0</value>
         <object_component_ref idref="oc-cb"/>
      </symbol>
      <symbol id="sm-7b5">
         <name>_dtors_ptr</name>
         <value>0x8187a4</value>
         <object_component_ref idref="oc-c8"/>
      </symbol>
      <symbol id="sm-7b6">
         <name>abort</name>
         <value>0x80f5e0</value>
         <object_component_ref idref="oc-cb"/>
      </symbol>
      <symbol id="sm-7b7">
         <name>_cleanup_ptr</name>
         <value>0x8187a0</value>
         <object_component_ref idref="oc-c8"/>
      </symbol>
      <symbol id="sm-7b8">
         <name>exit</name>
         <value>0x80e460</value>
         <object_component_ref idref="oc-5a"/>
      </symbol>
      <symbol id="sm-7b9">
         <name>__TI_enable_exit_profile_output</name>
         <value>0x8187a8</value>
         <object_component_ref idref="oc-c8"/>
      </symbol>
      <symbol id="sm-7c2">
         <name>memcpy</name>
         <value>0x80ec20</value>
         <object_component_ref idref="oc-60"/>
      </symbol>
      <symbol id="sm-819">
         <name>_sys_memory</name>
         <value>0x819200</value>
         <object_component_ref idref="oc-2a"/>
      </symbol>
      <symbol id="sm-81a">
         <name>free</name>
         <value>0x80a020</value>
         <object_component_ref idref="oc-552"/>
      </symbol>
      <symbol id="sm-81b">
         <name>malloc</name>
         <value>0x80c620</value>
         <object_component_ref idref="oc-557"/>
      </symbol>
      <symbol id="sm-81c">
         <name>_minit</name>
         <value>0x80e860</value>
         <object_component_ref idref="oc-5cb"/>
      </symbol>
      <symbol id="sm-828">
         <name>memset</name>
         <value>0x80dd60</value>
         <object_component_ref idref="oc-488"/>
      </symbol>
      <symbol id="sm-850">
         <name>printf</name>
         <value>0x80de40</value>
         <object_component_ref idref="oc-189"/>
      </symbol>
      <symbol id="sm-858">
         <name>__c6xabi_strasgi_64plus</name>
         <value>0x80f480</value>
         <object_component_ref idref="oc-240"/>
      </symbol>
      <symbol id="sm-859">
         <name>__strasgi_64plus</name>
         <value>0x80f480</value>
         <object_component_ref idref="oc-240"/>
      </symbol>
      <symbol id="sm-869">
         <name>_nop</name>
         <value>0x80f580</value>
         <object_component_ref idref="oc-3c3"/>
      </symbol>
      <symbol id="sm-86a">
         <name>_lock</name>
         <value>0x8187b8</value>
         <object_component_ref idref="oc-269"/>
      </symbol>
      <symbol id="sm-86b">
         <name>_unlock</name>
         <value>0x8187bc</value>
         <object_component_ref idref="oc-269"/>
      </symbol>
      <symbol id="sm-9c3">
         <name>_printfi</name>
         <value>0x808300</value>
         <object_component_ref idref="oc-279"/>
      </symbol>
      <symbol id="sm-9cb">
         <name>_args_main</name>
         <value>0x80f4c0</value>
         <object_component_ref idref="oc-55"/>
      </symbol>
      <symbol id="sm-9da">
         <name>atoi</name>
         <value>0x80d9e0</value>
         <object_component_ref idref="oc-48d"/>
      </symbol>
      <symbol id="sm-9e7">
         <name>_auto_init_elf</name>
         <value>0x80d360</value>
         <object_component_ref idref="oc-50"/>
      </symbol>
      <symbol id="sm-9f2">
         <name>__TI_cpp_init</name>
         <value>0x80f120</value>
         <object_component_ref idref="oc-b6"/>
      </symbol>
      <symbol id="sm-a08">
         <name>copy_in</name>
         <value>0x80d560</value>
         <object_component_ref idref="oc-ac"/>
      </symbol>
      <symbol id="sm-a12">
         <name>_ctypes_</name>
         <value>0x8188d8</value>
         <object_component_ref idref="oc-515"/>
      </symbol>
      <symbol id="sm-a26">
         <name>_tmpnams</name>
         <value>0x8182a0</value>
         <object_component_ref idref="oc-62b"/>
      </symbol>
      <symbol id="sm-a27">
         <name>_ftable</name>
         <value>0x8183e8</value>
         <object_component_ref idref="oc-26c"/>
      </symbol>
      <symbol id="sm-a28">
         <name>_ft_end</name>
         <value>0x81874c</value>
         <object_component_ref idref="oc-5b4"/>
      </symbol>
      <symbol id="sm-a3c">
         <name>__c6xabi_divd</name>
         <value>0x8067e0</value>
         <object_component_ref idref="oc-597"/>
      </symbol>
      <symbol id="sm-a5d">
         <name>fputc</name>
         <value>0x80b620</value>
         <object_component_ref idref="oc-3d4"/>
      </symbol>
      <symbol id="sm-a82">
         <name>fputs</name>
         <value>0x808b20</value>
         <object_component_ref idref="oc-3ce"/>
      </symbol>
      <symbol id="sm-a8a">
         <name>__c6xabi_frcmpyd_div</name>
         <value>0x80f180</value>
         <object_component_ref idref="oc-609"/>
      </symbol>
      <symbol id="sm-a94">
         <name>__c6xabi_divul</name>
         <value>0x80c180</value>
         <object_component_ref idref="oc-614"/>
      </symbol>
      <symbol id="sm-aa9">
         <name>_subcull</name>
         <value>0x80f240</value>
         <object_component_ref idref="oc-65f"/>
      </symbol>
      <symbol id="sm-aaa">
         <name>__c6xabi_divull</name>
         <value>0x80a2a0</value>
         <object_component_ref idref="oc-619"/>
      </symbol>
      <symbol id="sm-ab2">
         <name>__c6xabi_isinf</name>
         <value>0x80f400</value>
         <object_component_ref idref="oc-51f"/>
      </symbol>
      <symbol id="sm-aca">
         <name>__c6xabi_llshru</name>
         <value>0x80f1e0</value>
         <object_component_ref idref="oc-604"/>
      </symbol>
      <symbol id="sm-acb">
         <name>__c6xabi_llshl</name>
         <value>0x80eea0</value>
         <object_component_ref idref="oc-65a"/>
      </symbol>
      <symbol id="sm-b27">
         <name>lseek</name>
         <value>0x80eb80</value>
         <object_component_ref idref="oc-546"/>
      </symbol>
      <symbol id="sm-b28">
         <name>write</name>
         <value>0x80ee00</value>
         <object_component_ref idref="oc-47e"/>
      </symbol>
      <symbol id="sm-b29">
         <name>close</name>
         <value>0x80dac0</value>
         <object_component_ref idref="oc-621"/>
      </symbol>
      <symbol id="sm-b2a">
         <name>unlink</name>
         <value>0x80f0a0</value>
         <object_component_ref idref="oc-626"/>
      </symbol>
      <symbol id="sm-b35">
         <name>ltoa</name>
         <value>0x80dc80</value>
         <object_component_ref idref="oc-5fa"/>
      </symbol>
      <symbol id="sm-b43">
         <name>memccpy</name>
         <value>0x80f300</value>
         <object_component_ref idref="oc-49d"/>
      </symbol>
      <symbol id="sm-b50">
         <name>__c6xabi_negll</name>
         <value>0x80f560</value>
         <object_component_ref idref="oc-539"/>
      </symbol>
      <symbol id="sm-b5e">
         <name>__TI_tls_init</name>
         <value>0x80e520</value>
         <object_component_ref idref="oc-b1"/>
      </symbol>
      <symbol id="sm-ba4">
         <name>HOSTrename</name>
         <value>0x80bfe0</value>
         <object_component_ref idref="oc-5f1"/>
      </symbol>
      <symbol id="sm-ba5">
         <name>HOSTclose</name>
         <value>0x80e5e0</value>
         <object_component_ref idref="oc-5d8"/>
      </symbol>
      <symbol id="sm-ba6">
         <name>HOSTunlink</name>
         <value>0x80df20</value>
         <object_component_ref idref="oc-5ec"/>
      </symbol>
      <symbol id="sm-ba7">
         <name>HOSTlseek</name>
         <value>0x80d260</value>
         <object_component_ref idref="oc-5e7"/>
      </symbol>
      <symbol id="sm-ba8">
         <name>HOSTopen</name>
         <value>0x80d660</value>
         <object_component_ref idref="oc-5d3"/>
      </symbol>
      <symbol id="sm-ba9">
         <name>HOSTwrite</name>
         <value>0x80dfe0</value>
         <object_component_ref idref="oc-5e2"/>
      </symbol>
      <symbol id="sm-baa">
         <name>HOSTread</name>
         <value>0x80d740</value>
         <object_component_ref idref="oc-5dd"/>
      </symbol>
      <symbol id="sm-bc2">
         <name>writemsg</name>
         <value>0x80f360</value>
         <object_component_ref idref="oc-638"/>
      </symbol>
      <symbol id="sm-bc3">
         <name>C$$IO$$</name>
         <value>0x80f3b8</value>
         <object_component_ref idref="oc-638"/>
      </symbol>
      <symbol id="sm-bc4">
         <name>__CIOBUF_</name>
         <value>0x818f58</value>
         <object_component_ref idref="oc-672"/>
      </symbol>
      <symbol id="sm-bc5">
         <name>readmsg</name>
         <value>0x80f020</value>
         <object_component_ref idref="oc-63d"/>
      </symbol>
      <symbol id="sm-bd5">
         <name>_wrt_ok</name>
         <value>0x80d460</value>
         <object_component_ref idref="oc-474"/>
      </symbol>
      <symbol id="sm-be4">
         <name>_doflush</name>
         <value>0x80e160</value>
         <object_component_ref idref="oc-479"/>
      </symbol>
      <symbol id="sm-bf6">
         <name>fseek</name>
         <value>0x80d140</value>
         <object_component_ref idref="oc-4f7"/>
      </symbol>
      <symbol id="sm-c0e">
         <name>setvbuf</name>
         <value>0x80ba40</value>
         <object_component_ref idref="oc-4fc"/>
      </symbol>
      <symbol id="sm-c1a">
         <name>_cleanup</name>
         <value>0x80e680</value>
         <object_component_ref idref="oc-54d"/>
      </symbol>
      <symbol id="sm-c2d">
         <name>_closefile</name>
         <value>0x80cde0</value>
         <object_component_ref idref="oc-5b7"/>
      </symbol>
      <symbol id="sm-c66">
         <name>CSL_GPIO_open</name>
         <value>0x80f540</value>
         <object_component_ref idref="oc-1e6"/>
      </symbol>
      <symbol id="sm-c7d">
         <name>CSL_CPINTC_open</name>
         <value>0x80f3c0</value>
         <object_component_ref idref="oc-1ae"/>
      </symbol>
      <symbol id="sm-ca6">
         <name>CSL_chipReadReg</name>
         <value>0x80c7a0</value>
         <object_component_ref idref="oc-134"/>
      </symbol>
      <symbol id="sm-cbb">
         <name>CSL_edma3Init</name>
         <value>0x80f600</value>
         <object_component_ref idref="oc-1b9"/>
      </symbol>
      <symbol id="sm-cd3">
         <name>CSL_edma3Open</name>
         <value>0x80e2e0</value>
         <object_component_ref idref="oc-1be"/>
      </symbol>
      <symbol id="sm-cf2">
         <name>CSL_edma3HwControl</name>
         <value>0x807e20</value>
         <object_component_ref idref="oc-1c8"/>
      </symbol>
      <symbol id="sm-d0a">
         <name>CSL_edma3GetHwStatus</name>
         <value>0x809820</value>
         <object_component_ref idref="oc-1c3"/>
      </symbol>
      <symbol id="sm-d1a">
         <name>CSL_edma3ChannelOpen</name>
         <value>0x80d020</value>
         <object_component_ref idref="oc-1cd"/>
      </symbol>
      <symbol id="sm-d2c">
         <name>CSL_edma3HwChannelSetupParam</name>
         <value>0x80e9a0</value>
         <object_component_ref idref="oc-1d7"/>
      </symbol>
      <symbol id="sm-d2d">
         <name>CSL_edma3HwChannelSetupQue</name>
         <value>0x80e220</value>
         <object_component_ref idref="oc-1dc"/>
      </symbol>
      <symbol id="sm-d4b">
         <name>CSL_edma3HwChannelControl</name>
         <value>0x807360</value>
         <object_component_ref idref="oc-312"/>
      </symbol>
      <symbol id="sm-d6b">
         <name>CSL_edma3GetParamHandle</name>
         <value>0x80efa0</value>
         <object_component_ref idref="oc-1d2"/>
      </symbol>
      <symbol id="sm-d6c">
         <name>CSL_edma3ParamSetup</name>
         <value>0x80ea40</value>
         <object_component_ref idref="oc-1e1"/>
      </symbol>
      <symbol id="sm-d83">
         <name>CSL_edma3ccGetModuleBaseAddr</name>
         <value>0x80f2a0</value>
         <object_component_ref idref="oc-2d5"/>
      </symbol>
      <symbol id="sm-d8b">
         <name>CSL_intcGlobalDisable</name>
         <value>0x80cc18</value>
         <object_component_ref idref="oc-9f"/>
      </symbol>
      <symbol id="sm-d8c">
         <name>CSL_intcGlobalRestore</name>
         <value>0x80cc38</value>
         <object_component_ref idref="oc-9f"/>
      </symbol>
      <symbol id="sm-d8d">
         <name>CSL_intcGlobalExcepEnable</name>
         <value>0x80cc64</value>
         <object_component_ref idref="oc-9f"/>
      </symbol>
      <symbol id="sm-d8e">
         <name>CSL_intcInterruptDisable</name>
         <value>0x80cb90</value>
         <object_component_ref idref="oc-9f"/>
      </symbol>
      <symbol id="sm-d8f">
         <name>CSL_intcGlobalExcepClear</name>
         <value>0x80cc8c</value>
         <object_component_ref idref="oc-9f"/>
      </symbol>
      <symbol id="sm-d90">
         <name>CSL_intcInterruptRestore</name>
         <value>0x80cbcc</value>
         <object_component_ref idref="oc-9f"/>
      </symbol>
      <symbol id="sm-d91">
         <name>CSL_intcInterruptClear</name>
         <value>0x80cbb0</value>
         <object_component_ref idref="oc-9f"/>
      </symbol>
      <symbol id="sm-d92">
         <name>CSL_intcGlobalEnable</name>
         <value>0x80cbf8</value>
         <object_component_ref idref="oc-9f"/>
      </symbol>
      <symbol id="sm-d93">
         <name>CSL_intcGlobalExtExcepEnable</name>
         <value>0x80cc78</value>
         <object_component_ref idref="oc-9f"/>
      </symbol>
      <symbol id="sm-d94">
         <name>CSL_intcGlobalNmiEnable</name>
         <value>0x80cc50</value>
         <object_component_ref idref="oc-9f"/>
      </symbol>
      <symbol id="sm-d95">
         <name>_CSL_intcIvpSet</name>
         <value>0x80cb60</value>
         <object_component_ref idref="oc-9f"/>
      </symbol>
      <symbol id="sm-d96">
         <name>CSL_intcInterruptSet</name>
         <value>0x80cbc0</value>
         <object_component_ref idref="oc-9f"/>
      </symbol>
      <symbol id="sm-d97">
         <name>CSL_intcInterruptEnable</name>
         <value>0x80cb70</value>
         <object_component_ref idref="oc-9f"/>
      </symbol>
      <symbol id="sm-d98">
         <name>CSL_intcQueryInterruptStatus</name>
         <value>0x80cbe4</value>
         <object_component_ref idref="oc-9f"/>
      </symbol>
      <symbol id="sm-da0">
         <name>_CSL_intcVectorTable</name>
         <value>0x818c00</value>
         <object_component_ref idref="oc-11c"/>
      </symbol>
      <symbol id="sm-dbe">
         <name>_CSL_intcEventOffsetMap</name>
         <value>0x818be0</value>
         <object_component_ref idref="oc-83"/>
      </symbol>
      <symbol id="sm-dbf">
         <name>_CSL_intcNumEvents</name>
         <value>0x818bbc</value>
         <object_component_ref idref="oc-86"/>
      </symbol>
      <symbol id="sm-dc0">
         <name>_CSL_intcEventHandlerRecord</name>
         <value>0x818bc0</value>
         <object_component_ref idref="oc-86"/>
      </symbol>
      <symbol id="sm-dc1">
         <name>_CSL_intcAllocMask</name>
         <value>0x818bdc</value>
         <object_component_ref idref="oc-83"/>
      </symbol>
      <symbol id="sm-dc2">
         <name>_CSL_intcCpuIntrTable</name>
         <value>0x818b78</value>
         <object_component_ref idref="oc-86"/>
      </symbol>
      <symbol id="sm-de5">
         <name>CSL_intcHwControl</name>
         <value>0x808760</value>
         <object_component_ref idref="oc-1a9"/>
      </symbol>
      <symbol id="sm-df1">
         <name>CSL_intcInit</name>
         <value>0x80ca20</value>
         <object_component_ref idref="oc-47"/>
      </symbol>
      <symbol id="sm-e0f">
         <name>CSL_intcOpen</name>
         <value>0x80ab80</value>
         <object_component_ref idref="oc-2e"/>
      </symbol>
      <symbol id="sm-e1d">
         <name>CSL_intcPlugEventHandler</name>
         <value>0x80e3a0</value>
         <object_component_ref idref="oc-1a4"/>
      </symbol>
      <symbol id="sm-e4f">
         <name>_CSL_intcEvent1Dispatcher</name>
         <value>0x80afc0</value>
         <object_component_ref idref="oc-3c"/>
      </symbol>
      <symbol id="sm-e50">
         <name>_CSL_intcEvent0Dispatcher</name>
         <value>0x80ada0</value>
         <object_component_ref idref="oc-41"/>
      </symbol>
      <symbol id="sm-e51">
         <name>_CSL_intcEvent3Dispatcher</name>
         <value>0x80b400</value>
         <object_component_ref idref="oc-2d"/>
      </symbol>
      <symbol id="sm-e52">
         <name>_CSL_intcEvent2Dispatcher</name>
         <value>0x80b1e0</value>
         <object_component_ref idref="oc-37"/>
      </symbol>
      <symbol id="sm-e5c">
         <name>_CSL_intcDispatcher</name>
         <value>0x80bc40</value>
         <object_component_ref idref="oc-46"/>
      </symbol>
      <symbol id="sm-e64">
         <name>_CSL_intcNmiDummy</name>
         <value>0x80f640</value>
         <object_component_ref idref="oc-9a"/>
      </symbol>
      <symbol id="sm-e74">
         <name>CSL_intcHookIsr</name>
         <value>0x80f620</value>
         <object_component_ref idref="oc-8a"/>
      </symbol>
      <symbol id="sm-e75">
         <name>__TI_STATIC_BASE</name>
         <value>0x818b10</value>
      </symbol>
      <symbol id="sm-e76">
         <name>CSL_UPP_UPPCR_EN_TOKEN</name>
         <value>0x0</value>
      </symbol>
      <symbol id="sm-e77">
         <name>__TI_args_main</name>
         <value>0x1</value>
      </symbol>
      <symbol id="sm-e78">
         <name>__TI_INITARRAY_Base</name>
         <value>0x0</value>
      </symbol>
      <symbol id="sm-e79">
         <name>__TI_INITARRAY_Limit</name>
         <value>0x0</value>
      </symbol>
      <symbol id="sm-e7a">
         <name>__TI_TLS_INIT_Base</name>
         <value>0x0</value>
      </symbol>
      <symbol id="sm-e7b">
         <name>__TI_TLS_INIT_Limit</name>
         <value>0x0</value>
      </symbol>
      <symbol id="sm-e7e">
         <name>remove</name>
         <value>0x80f0a0</value>
      </symbol>
   </symbol_table>
</link_info>
