******************************************************************************
               TMS320C6x Linker PC v7.4.12                     
******************************************************************************
>> Linked Tue Oct 27 10:57:44 2015

OUTPUT FILE NAME:   <SYS_BIOS_semphore.out>
ENTRY POINT SYMBOL: "_c_int00"  address: 0080afc0


MEMORY CONFIGURATION

         name            origin    length      used     unused   attr    fill
----------------------  --------  ---------  --------  --------  ----  --------
  L2SRAM                00800000   00100000  00018412  000e7bee  RW X
  MSMCSRAM              0c000000   00100000  00000000  00100000  RW X
  DDR3                  80000000   20000000  00000000  20000000  RWIX


SEGMENT ALLOCATION MAP

run origin  load origin   length   init length attrs members
----------  ----------- ---------- ----------- ----- -------
00800000    00800000    0000ede0   0000ede0    r-x
  00800000    00800000    0000ede0   0000ede0    r-x .text
0080ede0    0080ede0    00005030   00000000    rw-
  0080ede0    0080ede0    00005030   00000000    rw- .far
00813e10    00813e10    0000243e   0000243e    r--
  00813e10    00813e10    0000243e   0000243e    r-- .const
00816250    00816250    00001000   00000000    rw-
  00816250    00816250    00001000   00000000    rw- .stack
00817250    00817250    0000073c   0000073c    rw-
  00817250    00817250    0000073c   0000073c    rw- .fardata
00817990    00817990    00000120   00000000    rw-
  00817990    00817990    00000120   00000000    rw- .cio
00817c00    00817c00    00000968   00000968    r-x
  00817c00    00817c00    00000200   00000200    r-x .vecs
  00817e00    00817e00    00000768   00000768    r-- .cinit


SECTION ALLOCATION MAP

 output                                  attributes/
section   page    origin      length       input sections
--------  ----  ----------  ----------   ----------------
.init_array 
*          0    00800000    00000000     UNINITIALIZED

xdc.meta   0    00800000    000000f0     COPY SECTION
                  00800000    000000f0     app_pe66.oe66 (xdc.meta)

.text      0    00800000    0000ede0     
                  00800000    000008a0     ti.sysbios.family.c64p.ae66 : Exception.oe66 (.text:ti_sysbios_family_c64p_Exception_handler__I)
                  008008a0    000008a0     ti.targets.rts6000.ae66 : System.oe66 (.text:xdc_runtime_System_doPrint__I)
                  00801140    00000740     ti.sysbios.heaps.ae66 : HeapMem.oe66 (.text:ti_sysbios_heaps_HeapMem_free__E)
                  00801880    000006c0     ti.sysbios.knl.ae66 : Task.oe66 (.text:ti_sysbios_knl_Task_Instance_init__F)
                  00801f40    00000660     ti.sysbios.heaps.ae66 : HeapMem.oe66 (.text:ti_sysbios_heaps_HeapMem_alloc__E)
                  008025a0    00000660     ti.sysbios.knl.ae66 : Task.oe66 (.text:ti_sysbios_knl_Task_Instance_finalize__F)
                  00802c00    000004e0     ti.sysbios.timers.timer64.ae66 : Timer.oe66 (.text:ti_sysbios_timers_timer64_Timer_Module_startup__F)
                  008030e0    000004c0     ti.sysbios.family.c64p.ae66 : Hwi.oe66 (.text:ti_sysbios_family_c64p_Hwi_dispatchC__I)
                  008035a0    00000480     ti.sysbios.knl.ae66 : Semaphore.oe66 (.text:ti_sysbios_knl_Semaphore_pend__E)
                  00803a20    00000420                         : Clock.oe66 (.text:ti_sysbios_knl_Clock_Instance_init__F)
                  00803e40    000003e0                         : Swi.oe66 (.text:ti_sysbios_knl_Swi_run__I)
                  00804220    00000340     ti.sysbios.timers.timer64.ae66 : Timer.oe66 (.text:deviceConfig)
                  00804560    00000320     ti.sysbios.knl.ae66 : Semaphore.oe66 (.text:ti_sysbios_knl_Semaphore_post__E)
                  00804880    00000320                         : Task.oe66 (.text:ti_sysbios_knl_Task_sleep__E)
                  00804ba0    000002c0                         : Clock.oe66 (.text:ti_sysbios_knl_Clock_workFunc__E)
                  00804e60    000002a0                         : Semaphore.oe66 (.text:ti_sysbios_knl_Semaphore_Instance_init__F)
                  00805100    000002a0                         : Task.oe66 (.text:ti_sysbios_knl_Task_schedule__I)
                  008053a0    000002a0                         : Task.oe66 (.text:ti_sysbios_knl_Task_startup__E)
                  00805640    00000280     ti.targets.rts6000.ae66 : Error.oe66 (.text:xdc_runtime_Error_raiseX__F)
                  008058c0    00000260     ti.sysbios.timers.timer64.ae66 : Timer.oe66 (.text:ti_sysbios_timers_timer64_Timer_start__E)
                  00805b20    00000260     ti.targets.rts6000.ae66 : Startup.oe66 (.text:xdc_runtime_Startup_startMods__I)
                  00805d80    00000260     app_pe66.oe66 (.text:xdc_runtime_System_printfExtend__I)
                  00805fe0    00000240     rts6600_elf.lib : imath64.obj (.text:__c6xabi_divull)
                  00806220    00000240     ti.sysbios.heaps.ae66 : HeapMem.oe66 (.text:ti_sysbios_heaps_HeapMem_Instance_init__F)
                  00806460    00000240     ti.targets.rts6000.ae66 : LoggerBuf.oe66 (.text:xdc_runtime_LoggerBuf_write8__F)
                  008066a0    00000220     ti.sysbios.timers.timer64.ae66 : Timer.oe66 (.text:ti_sysbios_timers_timer64_Timer_setPeriodMicroSecs__E)
                  008068c0    00000220     ti.targets.rts6000.ae66 : Core-mem.oe66 (.text:xdc_runtime_Core_createObject__I)
                  00806ae0    00000200     ti.sysbios.family.c64p.ae66 : Hwi_disp_always.oe66 (.text:_ti_sysbios_family_c64p_Hwi_dispatchAlways)
                  00806ce0    00000200     ti.sysbios.knl.ae66 : Swi.oe66 (.text:ti_sysbios_knl_Swi_post__E)
                  00806ee0    00000200                         : Swi.oe66 (.text:ti_sysbios_knl_Swi_schedule__I)
                  008070e0    00000200                         : Task.oe66 (.text:ti_sysbios_knl_Task_exit__E)
                  008072e0    000001e0                         : Task.oe66 (.text:ti_sysbios_knl_Task_postInit__I)
                  008074c0    000001e0                         : Task.oe66 (.text:ti_sysbios_knl_Task_unblockI__E)
                  008076a0    000001c0     ti.sysbios.family.c64p.ae66 : Hwi.oe66 (.text:ti_sysbios_family_c64p_Hwi_Module_startup__F)
                  00807860    000001c0     ti.sysbios.gates.ae66 : GateMutex.oe66 (.text:ti_sysbios_gates_GateMutex_enter__E)
                  00807a20    000001c0     ti.targets.rts6000.ae66 : Text.oe66 (.text:xdc_runtime_Text_putSite__F)
                  00807be0    000001a0     ti.sysbios.knl.ae66 : Clock.oe66 (.text:ti_sysbios_knl_Clock_Instance_finalize__F)
                  00807d80    000001a0     ti.targets.rts6000.ae66 : LoggerBuf.oe66 (.text:xdc_runtime_LoggerBuf_write4__F)
                  00807f20    00000180     rts6600_elf.lib : copy_decompress_rle.obj (.text:__TI_decompress_rle_core)
                  008080a0    00000180     ti.sysbios.timers.timer64.ae66 : Timer.oe66 (.text:getNextAvailableTimerId)
                  00808220    00000180     ti.sysbios.family.c64p.ae66 : Exception_asm.oe66 (.text)
                  008083a0    00000180                                 : Exception.oe66 (.text:ti_sysbios_family_c64p_Exception_externalHandler__I)
                  00808520    00000180                                 : Exception.oe66 (.text:ti_sysbios_family_c64p_Exception_internalHandler__I)
                  008086a0    00000180     ti.sysbios.knl.ae66 : Task.oe66 (.text:ti_sysbios_knl_Task_Module_startup__F)
                  00808820    00000180                         : Task.oe66 (.text:ti_sysbios_knl_Task_blockI__E)
                  008089a0    00000180                         : Task.oe66 (.text:ti_sysbios_knl_Task_checkStacks__E)
                  00808b20    00000180     ti.sysbios.timers.timer64.ae66 : Timer.oe66 (.text:ti_sysbios_timers_timer64_Timer_getFreq__E)
                  00808ca0    00000160     ti.sysbios.knl.ae66 : Swi.oe66 (.text:ti_sysbios_knl_Swi_Module_startup__F)
                  00808e00    00000140     boot.ae66 : autoinit.oe66 (.text:_auto_init_elf)
                  00808f40    00000140     ti.sysbios.timers.timer64.ae66 : Timer.oe66 (.text:initDevice)
                  00809080    00000140     ti.targets.rts6000.ae66 : Text.oe66 (.text:xdc_runtime_Text_putLab__F)
                  008091c0    00000120     ti.sysbios.family.c64p.ae66 : Exception.oe66 (.text:decodeMpfsr)
                  008092e0    00000120     ti.sysbios.knl.ae66 : Clock.oe66 (.text:ti_sysbios_knl_Clock_startI__E)
                  00809400    00000120                         : Swi.oe66 (.text:ti_sysbios_knl_Swi_restoreHwi__E)
                  00809520    00000120     ti.targets.rts6000.ae66 : LoggerBuf.oe66 (.text:xdc_runtime_LoggerBuf_setFilterLevel__F)
                  00809640    00000120                             : Text.oe66 (.text:xdc_runtime_Text_putMod__F)
                  00809760    00000100     ti.sysbios.ae66 : BIOS.oe66 (.text:rtsUnlock)
                  00809860    00000100     ti.targets.rts6000.ae66 : Core-mem.oe66 (.text:xdc_runtime_Core_deleteObject__I)
                  00809960    00000100                             : LoggerBuf.oe66 (.text:xdc_runtime_LoggerBuf_getFilterLevel__F)
                  00809a60    00000100                             : Startup.oe66 (.text:xdc_runtime_Startup_exec__F)
                  00809b60    00000100                             : Text.oe66 (.text:xdc_runtime_Text_visitRope2__I)
                  00809c60    000000e0     rts6600_elf.lib : copy_zero_init.obj (.text:decompress:ZI:__TI_zero_init)
                  00809d40    000000e0     main.obj (.text)
                  00809e20    000000e0     rts6600_elf.lib : memset.obj (.text:memset)
                  00809f00    000000e0     ti.sysbios.family.c64p.ae66 : Hwi.oe66 (.text:postInit)
                  00809fe0    000000e0                                 : Exception.oe66 (.text:ti_sysbios_family_c64p_Exception_Module_startup__F)
                  0080a0c0    000000e0     ti.sysbios.heaps.ae66 : HeapMem.oe66 (.text:ti_sysbios_heaps_HeapMem_getStats__E)
                  0080a1a0    000000e0     ti.sysbios.knl.ae66 : Clock.oe66 (.text:ti_sysbios_knl_Clock_logTick__E)
                  0080a280    000000e0                         : Clock.oe66 (.text:ti_sysbios_knl_Clock_start__E)
                  0080a360    000000e0                         : Swi.oe66 (.text:ti_sysbios_knl_Swi_postInit__I)
                  0080a440    000000e0     ti.sysbios.timers.timer64.ae66 : Timer.oe66 (.text:ti_sysbios_timers_timer64_Timer_stop__E)
                  0080a520    000000e0     ti.targets.rts6000.ae66 : Error.oe66 (.text:xdc_runtime_Error_print__F)
                  0080a600    000000e0                             : Memory.oe66 (.text:xdc_runtime_Memory_alloc__F)
                  0080a6e0    000000c0     rts6600_elf.lib : trgdrv.obj (.text:HOSTwrite)
                  0080a7a0    000000c0                     : dtor_list.obj (.text:_Z11__TI_atexitPFYvPvES_S_)
                  0080a860    000000c0                     : dtor_list.obj (.text:__cxa_finalize)
                  0080a920    000000c0                     : divu.obj (.text:__divu)
                  0080a9e0    000000c0                     : exit.obj (.text:exit)
                  0080aaa0    000000c0     ti.sysbios.family.c64p.ae66 : Hwi.oe66 (.text:ti_sysbios_family_c64p_Hwi_eventMap__E)
                  0080ab60    000000c0     ti.sysbios.knl.ae66 : Clock.oe66 (.text:ti_sysbios_knl_Clock_getTicks__E)
                  0080ac20    000000c0     app_pe66.oe66 (.text:ti_sysbios_knl_Task_Object__create__S)
                  0080ace0    000000c0     ti.targets.rts6000.ae66 : LoggerBuf.oe66 (.text:xdc_runtime_LoggerBuf_Instance_init__F)
                  0080ada0    000000c0     app_pe66.oe66 (.text:xdc_runtime_LoggerBuf_Object__create__S)
                  0080ae60    000000c0     ti.targets.rts6000.ae66 : System.oe66 (.text:xdc_runtime_System_formatNum__I)
                  0080af20    000000a0     rts6600_elf.lib : remu.obj (.text:__remu)
                  0080afc0    000000a0     boot.ae66 : boot.oe66 (.text:_c_int00)
                  0080b060    000000a0     rts6600_elf.lib : memcpy64.obj (.text:memcpy)
                  0080b100    000000a0     ti.sysbios.family.c62.ae66 : TaskSupport.oe66 (.text:ti_sysbios_family_c62_TaskSupport_start__E)
                  0080b1a0    000000a0     ti.sysbios.family.c66.ae66 : Cache.oe66 (.text:ti_sysbios_family_c66_Cache_setSize__E)
                  0080b240    000000a0     ti.sysbios.knl.ae66 : Idle.oe66 (.text:ti_sysbios_knl_Idle_run__E)
                  0080b2e0    000000a0                         : Swi.oe66 (.text:ti_sysbios_knl_Swi_restore__E)
                  0080b380    000000a0     ti.sysbios.timers.timer64.ae66 : Timer.oe66 (.text:ti_sysbios_timers_timer64_Timer_getCount__E)
                  0080b420    000000a0                                    : Timer.oe66 (.text:ti_sysbios_timers_timer64_Timer_getPeriod__E)
                  0080b4c0    000000a0                                    : Timer.oe66 (.text:ti_sysbios_timers_timer64_Timer_startup__E)
                  0080b560    000000a0     ti.targets.rts6000.ae66 : Assert.oe66 (.text:xdc_runtime_Assert_raise__I)
                  0080b600    000000a0                             : LoggerBuf.oe66 (.text:xdc_runtime_LoggerBuf_Module_startup__F)
                  0080b6a0    000000a0                             : SysMin.oe66 (.text:xdc_runtime_SysMin_abort__F)
                  0080b740    000000a0                             : SysMin.oe66 (.text:xdc_runtime_SysMin_flush__F)
                  0080b7e0    000000a0                             : SysMin.oe66 (.text:xdc_runtime_SysMin_putch__F)
                  0080b880    000000a0                             : Text.oe66 (.text:xdc_runtime_Text_xprintf__I)
                  0080b920    00000080     rts6600_elf.lib : llshift.obj (.text:__c6xabi_llshl)
                  0080b9a0    00000080     ti.sysbios.family.c62.ae66 : TaskSupport_asm.oe66 (.text:_ti_sysbios_family_c62_TaskSupport_swap__E)
                  0080ba20    00000080     ti.sysbios.family.c66.ae66 : Cache.oe66 (.text:all)
                  0080baa0    00000080     app_pe66.oe66 (.text:malloc)
                  0080bb20    00000080     rts6600_elf.lib : trgmsg.obj (.text:readmsg)
                  0080bba0    00000080     ti.sysbios.family.c64p.ae66 : Hwi.oe66 (.text:ti_sysbios_family_c64p_Hwi_getEventId__E)
                  0080bc20    00000080     ti.sysbios.family.c66.ae66 : Cache.oe66 (.text:ti_sysbios_family_c66_Cache_Module_startup__F)
                  0080bca0    00000080                                : Cache.oe66 (.text:ti_sysbios_family_c66_Cache_setMar__E)
                  0080bd20    00000080     app_pe66.oe66 (.text:ti_sysbios_gates_GateHwi_Object__create__S)
                  0080bda0    00000080     app_pe66.oe66 (.text:ti_sysbios_gates_GateMutex_Object__create__S)
                  0080be20    00000080     ti.sysbios.hal.ae66 : Hwi_stack.oe66 (.text:ti_sysbios_hal_Hwi_checkStack:ti_sysbios_hal_Hwi_checkStack)
                  0080bea0    00000080     app_pe66.oe66 (.text:ti_sysbios_heaps_HeapMem_Object__create__S)
                  0080bf20    00000080     ti.sysbios.heaps.ae66 : HeapMem.oe66 (.text:ti_sysbios_heaps_HeapMem_init__I)
                  0080bfa0    00000080     app_pe66.oe66 (.text:ti_sysbios_knl_Clock_Object__create__S)
                  0080c020    00000080     app_pe66.oe66 (.text:ti_sysbios_knl_Clock_doTick__I)
                  0080c0a0    00000080     app_pe66.oe66 (.text:ti_sysbios_knl_Queue_Object__create__S)
                  0080c120    00000080     ti.sysbios.knl.ae66 : Semaphore.oe66 (.text:ti_sysbios_knl_Semaphore_Instance_finalize__F)
                  0080c1a0    00000080     app_pe66.oe66 (.text:ti_sysbios_knl_Semaphore_Object__create__S)
                  0080c220    00000080     ti.sysbios.knl.ae66 : Task.oe66 (.text:ti_sysbios_knl_Task_restore__E)
                  0080c2a0    00000080     ti.targets.rts6000.ae66 : Core-label.oe66 (.text:xdc_runtime_Core_assignLabel__I)
                  0080c320    00000080                             : Core-params.oe66 (.text:xdc_runtime_Core_assignParams__I)
                  0080c3a0    00000080                             : LoggerBuf.oe66 (.text:xdc_runtime_LoggerBuf_filterOutEvent__I)
                  0080c420    00000080                             : System.oe66 (.text:xdc_runtime_System_atexit__F)
                  0080c4a0    00000080                             : System.oe66 (.text:xdc_runtime_System_putchar__I)
                  0080c520    00000080                             : System.oe66 (.text:xdc_runtime_System_rtsExit__I)
                  0080c5a0    00000080                             : Text.oe66 (.text:xdc_runtime_Text_printVisFxn__I)
                  0080c620    00000060     rts6600_elf.lib : llshift.obj (.text:__c6xabi_llshru)
                  0080c680    00000060                     : imath64.obj (.text:_subcull)
                  0080c6e0    00000060     ti.sysbios.knl.ae66 : Task.oe66 (.text:processVitalTaskFlag)
                  0080c740    00000060     ti.sysbios.ae66 : BIOS.oe66 (.text:rtsLock)
                  0080c7a0    00000060                     : BIOS.oe66 (.text:ti_sysbios_BIOS_errorRaiseHook__I)
                  0080c800    00000060     app_pe66.oe66 (.text:ti_sysbios_BIOS_exitFunc__I)
                  0080c860    00000060     ti.sysbios.family.c64p.ae66 : Exception.oe66 (.text:ti_sysbios_family_c64p_Exception_nmiHandler__I)
                  0080c8c0    00000060                                 : Hwi.oe66 (.text:ti_sysbios_family_c64p_Hwi_disableIER__E)
                  0080c920    00000060                                 : Hwi.oe66 (.text:ti_sysbios_family_c64p_Hwi_enableIER__E)
                  0080c980    00000060     ti.sysbios.knl.ae66 : Clock.oe66 (.text:ti_sysbios_knl_Clock_Module_startup__F)
                  0080c9e0    00000060                         : Clock.oe66 (.text:ti_sysbios_knl_Clock_setupTimerToSkipTicks__E)
                  0080ca40    00000060                         : Queue.oe66 (.text:ti_sysbios_knl_Queue_enqueue__E)
                  0080caa0    00000060                         : Queue.oe66 (.text:ti_sysbios_knl_Queue_put__E)
                  0080cb00    00000060                         : Semaphore.oe66 (.text:ti_sysbios_knl_Semaphore_pendTimeout__I)
                  0080cb60    00000060                         : Task.oe66 (.text:ti_sysbios_knl_Task_enter__I)
                  0080cbc0    00000060                         : Task.oe66 (.text:ti_sysbios_knl_Task_restoreHwi__E)
                  0080cc20    00000060                         : Task.oe66 (.text:ti_sysbios_knl_Task_sleepTimeout__I)
                  0080cc80    00000060     rts6600_elf.lib : trgmsg.obj (.text:writemsg)
                  0080cce0    00000060     ti.targets.rts6000.ae66 : Memory.oe66 (.text:xdc_runtime_Memory_calloc__F)
                  0080cd40    00000060                             : SysMin.oe66 (.text:xdc_runtime_SysMin_Module_startup__F)
                  0080cda0    00000060                             : SysMin.oe66 (.text:xdc_runtime_SysMin_exit__F)
                  0080ce00    00000060     app_pe66.oe66 (.text:xdc_runtime_SysMin_output__I)
                  0080ce60    00000060     ti.targets.rts6000.ae66 : System.oe66 (.text:xdc_runtime_System_avprintf__F)
                  0080cec0    00000060                             : System.oe66 (.text:xdc_runtime_System_vprintf__F)
                  0080cf20    00000060                             : Text.oe66 (.text:xdc_runtime_Text_cordText__F)
                  0080cf80    00000040     rts6600_elf.lib : args_main.obj (.text:_args_main)
                  0080cfc0    00000040     ti.sysbios.family.c62.ae66 : TaskSupport_asm.oe66 (.text:_ti_sysbios_family_c62_TaskSupport_buildTaskStack)
                  0080d000    00000040     ti.sysbios.family.c64p.ae66 : Hwi_asm_switch.oe66 (.text:_ti_sysbios_family_xxx_Hwi_switchToIsrStack)
                  0080d040    00000040     ti.sysbios.timers.timer64.ae66 : Timer.oe66 (.text:checkOverflow)
                  0080d080    00000040     app_pe66.oe66 (.text:free)
                  0080d0c0    00000040     ti.sysbios.timers.timer64.ae66 : Timer.oe66 (.text:postInit)
                  0080d100    00000040     ti.sysbios.ae66 : BIOS.oe66 (.text:ti_sysbios_BIOS_exit__E)
                  0080d140    00000040                     : BIOS.oe66 (.text:ti_sysbios_BIOS_registerRTSLock__I)
                  0080d180    00000040                     : BIOS.oe66 (.text:ti_sysbios_BIOS_removeRTSLock__I)
                  0080d1c0    00000040                     : BIOS.oe66 (.text:ti_sysbios_BIOS_setThreadType__E)
                  0080d200    00000040     app_pe66.oe66 (.text:ti_sysbios_BIOS_startFunc__I)
                  0080d240    00000040     ti.sysbios.ae66 : BIOS.oe66 (.text:ti_sysbios_BIOS_start__E)
                  0080d280    00000040     ti.sysbios.family.c62.ae66 : TaskSupport.oe66 (.text:ti_sysbios_family_c62_TaskSupport_checkStack__E)
                  0080d2c0    00000040     ti.sysbios.family.c64p.ae66 : Exception.oe66 (.text:ti_sysbios_family_c64p_Exception_evtEvtClear__E)
                  0080d300    00000040                                 : Exception.oe66 (.text:ti_sysbios_family_c64p_Exception_evtExpMaskEnable__E)
                  0080d340    00000040     app_pe66.oe66 (.text:ti_sysbios_family_c64p_Hwi_Module__startupDone__F)
                  0080d380    00000040     ti.sysbios.family.c64p.ae66 : Hwi.oe66 (.text:ti_sysbios_family_c64p_Hwi_clearInterrupt__E)
                  0080d3c0    00000040                                 : Hwi.oe66 (.text:ti_sysbios_family_c64p_Hwi_disableInterrupt__E)
                  0080d400    00000040                                 : Hwi.oe66 (.text:ti_sysbios_family_c64p_Hwi_enableInterrupt__E)
                  0080d440    00000040                                 : Hwi.oe66 (.text:ti_sysbios_family_c64p_Hwi_getIsrStackAddress__I)
                  0080d480    00000040                                 : TimestampProvider.oe66 (.text:ti_sysbios_family_c64p_TimestampProvider_get64__E)
                  0080d4c0    00000040     app_pe66.oe66 (.text:ti_sysbios_gates_GateHwi_Handle__label__S)
                  0080d500    00000040     app_pe66.oe66 (.text:ti_sysbios_gates_GateHwi_Object__delete__S)
                  0080d540    00000040     app_pe66.oe66 (.text:ti_sysbios_gates_GateMutex_Handle__label__S)
                  0080d580    00000040     ti.sysbios.gates.ae66 : GateMutex.oe66 (.text:ti_sysbios_gates_GateMutex_Instance_finalize__F)
                  0080d5c0    00000040                           : GateMutex.oe66 (.text:ti_sysbios_gates_GateMutex_Instance_init__F)
                  0080d600    00000040     app_pe66.oe66 (.text:ti_sysbios_gates_GateMutex_Object__delete__S)
                  0080d640    00000040     ti.sysbios.gates.ae66 : GateMutex.oe66 (.text:ti_sysbios_gates_GateMutex_leave__E)
                  0080d680    00000040     ti.sysbios.hal.ae66 : Hwi.oe66 (.text:ti_sysbios_hal_Hwi_Module_startup__F)
                  0080d6c0    00000040                         : Hwi_stack.oe66 (.text:ti_sysbios_hal_Hwi_initStack:ti_sysbios_hal_Hwi_initStack)
                  0080d700    00000040     app_pe66.oe66 (.text:ti_sysbios_hal_Timer_Module__startupDone__F)
                  0080d740    00000040     ti.sysbios.hal.ae66 : Timer.oe66 (.text:ti_sysbios_hal_Timer_Module_startup__F)
                  0080d780    00000040     app_pe66.oe66 (.text:ti_sysbios_heaps_HeapMem_Handle__label__S)
                  0080d7c0    00000040     app_pe66.oe66 (.text:ti_sysbios_heaps_HeapMem_Object__delete__S)
                  0080d800    00000040     app_pe66.oe66 (.text:ti_sysbios_heaps_HeapMem_Object__get__S)
                  0080d840    00000040     ti.sysbios.heaps.ae66 : HeapMem.oe66 (.text:ti_sysbios_heaps_HeapMem_restore__E)
                  0080d880    00000040     app_pe66.oe66 (.text:ti_sysbios_knl_Clock_Object__destruct__S)
                  0080d8c0    00000040     ti.sysbios.knl.ae66 : Semaphore.oe66 (.text:ti_sysbios_knl_Clock_Params_init)
                  0080d900    00000040                         : Task.oe66 (.text:ti_sysbios_knl_Clock_Params_init)
                  0080d940    00000040                         : Semaphore.oe66 (.text:ti_sysbios_knl_Clock_construct)
                  0080d980    00000040                         : Task.oe66 (.text:ti_sysbios_knl_Clock_construct)
                  0080d9c0    00000040     app_pe66.oe66 (.text:ti_sysbios_knl_Queue_Object__destruct__S)
                  0080da00    00000040     ti.sysbios.knl.ae66 : Semaphore.oe66 (.text:ti_sysbios_knl_Queue_construct)
                  0080da40    00000040                         : Queue.oe66 (.text:ti_sysbios_knl_Queue_dequeue__E)
                  0080da80    00000040                         : Queue.oe66 (.text:ti_sysbios_knl_Queue_remove__E)
                  0080dac0    00000040     app_pe66.oe66 (.text:ti_sysbios_knl_Semaphore_Object__destruct__S)
                  0080db00    00000040     ti.sysbios.gates.ae66 : GateMutex.oe66 (.text:ti_sysbios_knl_Semaphore_construct)
                  0080db40    00000040     app_pe66.oe66 (.text:ti_sysbios_knl_Swi_Object__get__S)
                  0080db80    00000040     ti.sysbios.knl.ae66 : Swi.oe66 (.text:ti_sysbios_knl_Swi_disable__E)
                  0080dbc0    00000040     app_pe66.oe66 (.text:ti_sysbios_knl_Task_Object__get__S)
                  0080dc00    00000040     ti.sysbios.knl.ae66 : Task.oe66 (.text:ti_sysbios_knl_Task_allBlockedFunction__I)
                  0080dc40    00000040                         : Task.oe66 (.text:ti_sysbios_knl_Task_disable__E)
                  0080dc80    00000040                         : Task.oe66 (.text:ti_sysbios_knl_Task_unblock__E)
                  0080dcc0    00000040     app_pe66.oe66 (.text:ti_sysbios_timers_timer64_Timer_Module__startupDone__F)
                  0080dd00    00000040     ti.targets.rts6000.ae66 : Error.oe66 (.text:xdc_runtime_Error_check__F)
                  0080dd40    00000040                             : Error.oe66 (.text:xdc_runtime_Error_init__F)
                  0080dd80    00000040                             : Gate.oe66 (.text:xdc_runtime_Gate_leaveSystem__F)
                  0080ddc0    00000040     app_pe66.oe66 (.text:xdc_runtime_LoggerBuf_Handle__label__S)
                  0080de00    00000040     ti.targets.rts6000.ae66 : LoggerBuf.oe66 (.text:xdc_runtime_LoggerBuf_Instance_finalize__F)
                  0080de40    00000040     app_pe66.oe66 (.text:xdc_runtime_LoggerBuf_Object__delete__S)
                  0080de80    00000040     app_pe66.oe66 (.text:xdc_runtime_LoggerBuf_Object__get__S)
                  0080dec0    00000040     ti.targets.rts6000.ae66 : LoggerBuf.oe66 (.text:xdc_runtime_LoggerBuf_write0__F)
                  0080df00    00000040                             : LoggerBuf.oe66 (.text:xdc_runtime_LoggerBuf_write1__F)
                  0080df40    00000040                             : LoggerBuf.oe66 (.text:xdc_runtime_LoggerBuf_write2__F)
                  0080df80    00000040                             : Memory.oe66 (.text:xdc_runtime_Memory_free__F)
                  0080dfc0    00000040                             : Registry.oe66 (.text:xdc_runtime_Registry_findById__F)
                  0080e000    00000040                             : System.oe66 (.text:xdc_runtime_System_abort__F)
                  0080e040    00000040     app_pe66.oe66 (.text:xdc_runtime_System_aprintf__E)
                  0080e080    00000040     app_pe66.oe66 (.text:xdc_runtime_System_printf__E)
                  0080e0c0    00000040     ti.targets.rts6000.ae66 : Text.oe66 (.text:xdc_runtime_Text_ropeText__F)
                  0080e100    00000020     rts6600_elf.lib : dtor_list.obj (.text:__cxa_atexit)
                  0080e120    00000020                     : dtor_list.obj (.text:__cxa_ia64_exit)
                  0080e140    00000020     ti.targets.rts6000.ae66 : xdc_noinit.oe66 (.text:__xdc__init)
                  0080e160    00000020     rts6600_elf.lib : _lock.obj (.text:_nop)
                  0080e180    00000020                     : _lock.obj (.text:_register_lock)
                  0080e1a0    00000020                     : _lock.obj (.text:_register_unlock)
                  0080e1c0    00000020     ti.sysbios.family.c62.ae66 : TaskSupport_asm.oe66 (.text:_ti_sysbios_family_c62_TaskSupport_glue)
                  0080e1e0    00000020     ti.sysbios.family.c64p.ae66 : Hwi_asm_switch.oe66 (.text:_ti_sysbios_family_xxx_Hwi_switchToTaskStack)
                  0080e200    00000020     rts6600_elf.lib : exit.obj (.text:abort)
                  0080e220    00000020                     : dtor_list.obj (.text:atexit)
                  0080e240    00000020                     : copy_decompress_none.obj (.text:decompress:none:__TI_decompress_none)
                  0080e260    00000020                     : copy_decompress_rle.obj (.text:decompress:rle24:__TI_decompress_rle24)
                  0080e280    00000020     ti.sysbios.ae66 : BIOS.oe66 (.text:nullFunc)
                  0080e2a0    00000020     app_pe66.oe66 (.text:ti_sysbios_BIOS_RtsGateProxy_enter__E)
                  0080e2c0    00000020     app_pe66.oe66 (.text:ti_sysbios_BIOS_RtsGateProxy_leave__E)
                  0080e2e0    00000020     ti.sysbios.ae66 : BIOS.oe66 (.text:ti_sysbios_BIOS_getCpuFreq__E)
                  0080e300    00000020                     : BIOS.oe66 (.text:ti_sysbios_BIOS_getThreadType__E)
                  0080e320    00000020     app_pe66.oe66 (.text:ti_sysbios_family_c62_TaskSupport_Module__startupDone__S)
                  0080e340    00000020     ti.sysbios.family.c62.ae66 : TaskSupport.oe66 (.text:ti_sysbios_family_c62_TaskSupport_getStackAlignment__E)
                  0080e360    00000020     ti.sysbios.family.c64p.ae66 : Hwi_startup.oe66 (.text:ti_sysbios_family_c64p_Hwi_startup__E)
                  0080e380    00000020                                 : Hwi.oe66 (.text:ti_sysbios_family_c64p_Hwi_switchFromBootStack__E)
                  0080e3a0    00000020                                 : TimestampProvider.oe66 (.text:ti_sysbios_family_c64p_TimestampProvider_Module_startup__F)
                  0080e3c0    00000020     ti.sysbios.family.c64p.tci6488.ae66 : TimerSupport.oe66 (.text:ti_sysbios_family_c64p_tci6488_TimerSupport_enable__E)
                  0080e3e0    00000020     ti.sysbios.family.c66.ae66 : Cache.oe66 (.text:ti_sysbios_family_c66_Cache_wbInvAll__E)
                  0080e400    00000020     ti.sysbios.gates.ae66 : GateHwi.oe66 (.text:ti_sysbios_gates_GateHwi_Instance_init__F)
                  0080e420    00000020                           : GateHwi.oe66 (.text:ti_sysbios_gates_GateHwi_enter__E)
                  0080e440    00000020                           : GateHwi.oe66 (.text:ti_sysbios_gates_GateHwi_leave__E)
                  0080e460    00000020                           : GateHwi.oe66 (.text:ti_sysbios_gates_GateHwi_query__F)
                  0080e480    00000020                           : GateMutex.oe66 (.text:ti_sysbios_gates_GateMutex_Instance_State_sem)
                  0080e4a0    00000020                           : GateMutex.oe66 (.text:ti_sysbios_gates_GateMutex_query__F)
                  0080e4c0    00000020     app_pe66.oe66 (.text:ti_sysbios_hal_Hwi_HwiProxy_Module__startupDone__S)
                  0080e4e0    00000020     ti.sysbios.hal.ae66 : Hwi.oe66 (.text:ti_sysbios_hal_Hwi_clearInterrupt__E)
                  0080e500    00000020                         : Hwi.oe66 (.text:ti_sysbios_hal_Hwi_disableInterrupt__E)
                  0080e520    00000020                         : Hwi.oe66 (.text:ti_sysbios_hal_Hwi_enableInterrupt__E)
                  0080e540    00000020                         : Hwi_startup.oe66 (.text:ti_sysbios_hal_Hwi_startup__E)
                  0080e560    00000020                         : Hwi.oe66 (.text:ti_sysbios_hal_Hwi_switchFromBootStack__E)
                  0080e580    00000020     app_pe66.oe66 (.text:ti_sysbios_hal_Timer_TimerProxy_Module__startupDone__S)
                  0080e5a0    00000020     app_pe66.oe66 (.text:ti_sysbios_hal_Timer_TimerProxy_getExpiredCounts__E)
                  0080e5c0    00000020     app_pe66.oe66 (.text:ti_sysbios_hal_Timer_TimerProxy_getPeriod__E)
                  0080e5e0    00000020     app_pe66.oe66 (.text:ti_sysbios_hal_Timer_TimerProxy_setNextTick__E)
                  0080e600    00000020     ti.sysbios.hal.ae66 : Timer.oe66 (.text:ti_sysbios_hal_Timer_getExpiredCounts__E)
                  0080e620    00000020                         : Timer.oe66 (.text:ti_sysbios_hal_Timer_getPeriod__E)
                  0080e640    00000020                         : Timer.oe66 (.text:ti_sysbios_hal_Timer_setNextTick__E)
                  0080e660    00000020                         : Timer.oe66 (.text:ti_sysbios_hal_Timer_startup__E)
                  0080e680    00000020     app_pe66.oe66 (.text:ti_sysbios_heaps_HeapMem_Module_GateProxy_enter__E)
                  0080e6a0    00000020     app_pe66.oe66 (.text:ti_sysbios_heaps_HeapMem_Module_GateProxy_leave__E)
                  0080e6c0    00000020     ti.sysbios.heaps.ae66 : HeapMem.oe66 (.text:ti_sysbios_heaps_HeapMem_Object_get)
                  0080e6e0    00000020                           : HeapMem.oe66 (.text:ti_sysbios_heaps_HeapMem_isBlocking__E)
                  0080e700    00000020     ti.sysbios.knl.ae66 : Clock.oe66 (.text:ti_sysbios_knl_Clock_Module_State_clockQ)
                  0080e720    00000020     app_pe66.oe66 (.text:ti_sysbios_knl_Clock_Params__init__S)
                  0080e740    00000020     ti.sysbios.knl.ae66 : Semaphore.oe66 (.text:ti_sysbios_knl_Clock_destruct)
                  0080e760    00000020                         : Task.oe66 (.text:ti_sysbios_knl_Clock_destruct)
                  0080e780    00000020                         : Semaphore.oe66 (.text:ti_sysbios_knl_Clock_handle)
                  0080e7a0    00000020                         : Task.oe66 (.text:ti_sysbios_knl_Clock_handle)
                  0080e7c0    00000020                         : Semaphore.oe66 (.text:ti_sysbios_knl_Clock_struct)
                  0080e7e0    00000020                         : Task.oe66 (.text:ti_sysbios_knl_Clock_struct)
                  0080e800    00000020                         : Idle.oe66 (.text:ti_sysbios_knl_Idle_loop__E)
                  0080e820    00000020                         : Queue.oe66 (.text:ti_sysbios_knl_Queue_Instance_init__F)
                  0080e840    00000020     app_pe66.oe66 (.text:ti_sysbios_knl_Queue_Object__get__S)
                  0080e860    00000020     ti.sysbios.knl.ae66 : Task.oe66 (.text:ti_sysbios_knl_Queue_Object_get)
                  0080e880    00000020                         : Semaphore.oe66 (.text:ti_sysbios_knl_Queue_destruct)
                  0080e8a0    00000020                         : Queue.oe66 (.text:ti_sysbios_knl_Queue_elemClear__E)
                  0080e8c0    00000020                         : Queue.oe66 (.text:ti_sysbios_knl_Queue_empty__E)
                  0080e8e0    00000020                         : Queue.oe66 (.text:ti_sysbios_knl_Queue_head__E)
                  0080e900    00000020                         : Queue.oe66 (.text:ti_sysbios_knl_Queue_next__E)
                  0080e920    00000020                         : Semaphore.oe66 (.text:ti_sysbios_knl_Queue_struct)
                  0080e940    00000020                         : Semaphore.oe66 (.text:ti_sysbios_knl_Semaphore_Instance_State_pendQ)
                  0080e960    00000020     ti.sysbios.gates.ae66 : GateMutex.oe66 (.text:ti_sysbios_knl_Semaphore_destruct)
                  0080e980    00000020                           : GateMutex.oe66 (.text:ti_sysbios_knl_Semaphore_struct)
                  0080e9a0    00000020     ti.sysbios.knl.ae66 : Swi.oe66 (.text:ti_sysbios_knl_Swi_Object_get)
                  0080e9c0    00000020                         : Swi.oe66 (.text:ti_sysbios_knl_Swi_enabled__E)
                  0080e9e0    00000020                         : Swi.oe66 (.text:ti_sysbios_knl_Swi_startup__E)
                  0080ea00    00000020                         : Task.oe66 (.text:ti_sysbios_knl_Task_Module_State_inactiveQ)
                  0080ea20    00000020                         : Task.oe66 (.text:ti_sysbios_knl_Task_Module_State_terminatedQ)
                  0080ea40    00000020     app_pe66.oe66 (.text:ti_sysbios_knl_Task_Object__first__S)
                  0080ea60    00000020     app_pe66.oe66 (.text:ti_sysbios_knl_Task_Object__next__S)
                  0080ea80    00000020     ti.sysbios.knl.ae66 : Task.oe66 (.text:ti_sysbios_knl_Task_Object_first)
                  0080eaa0    00000020                         : Task.oe66 (.text:ti_sysbios_knl_Task_Object_get)
                  0080eac0    00000020                         : Task.oe66 (.text:ti_sysbios_knl_Task_Object_next)
                  0080eae0    00000020     app_pe66.oe66 (.text:ti_sysbios_knl_Task_SupportProxy_Module__startupDone__S)
                  0080eb00    00000020     ti.sysbios.knl.ae66 : Task.oe66 (.text:ti_sysbios_knl_Task_handle)
                  0080eb20    00000020                         : Task.oe66 (.text:ti_sysbios_knl_Task_self__E)
                  0080eb40    00000020     ti.sysbios.timers.timer64.ae66 : Timer.oe66 (.text:ti_sysbios_timers_timer64_Timer_getExpiredCounts__E)
                  0080eb60    00000020                                    : Timer.oe66 (.text:ti_sysbios_timers_timer64_Timer_setNextTick__E)
                  0080eb80    00000020     ti.targets.rts6000.ae66 : Gate.oe66 (.text:xdc_runtime_Gate_enterSystem__F)
                  0080eba0    00000020     app_pe66.oe66 (.text:xdc_runtime_IHeap_alloc)
                  0080ebc0    00000020     app_pe66.oe66 (.text:xdc_runtime_IHeap_free)
                  0080ebe0    00000020     app_pe66.oe66 (.text:xdc_runtime_LoggerBuf_Module_GateProxy_enter__E)
                  0080ec00    00000020     app_pe66.oe66 (.text:xdc_runtime_LoggerBuf_Module_GateProxy_leave__E)
                  0080ec20    00000020     ti.targets.rts6000.ae66 : LoggerBuf.oe66 (.text:xdc_runtime_LoggerBuf_disable__F)
                  0080ec40    00000020                             : LoggerBuf.oe66 (.text:xdc_runtime_LoggerBuf_enable__F)
                  0080ec60    00000020     app_pe66.oe66 (.text:xdc_runtime_Memory_HeapProxy_alloc__E)
                  0080ec80    00000020     app_pe66.oe66 (.text:xdc_runtime_Memory_HeapProxy_free__E)
                  0080eca0    00000020     app_pe66.oe66 (.text:xdc_runtime_Startup_exec__I)
                  0080ecc0    00000020     app_pe66.oe66 (.text:xdc_runtime_Startup_reset__I)
                  0080ece0    00000020     ti.targets.rts6000.ae66 : SysMin.oe66 (.text:xdc_runtime_SysMin_ready__F)
                  0080ed00    00000020     app_pe66.oe66 (.text:xdc_runtime_System_Module_GateProxy_enter__E)
                  0080ed20    00000020     app_pe66.oe66 (.text:xdc_runtime_System_Module_GateProxy_leave__E)
                  0080ed40    00000020     ti.targets.rts6000.ae66 : System.oe66 (.text:xdc_runtime_System_Module_startup__F)
                  0080ed60    00000020                             : System.oe66 (.text:xdc_runtime_System_exit__F)
                  0080ed80    00000020                             : System.oe66 (.text:xdc_runtime_System_lastFxn__I)
                  0080eda0    00000020                             : System.oe66 (.text:xdc_runtime_System_vsnprintf__F)
                  0080edc0    00000020     app_pe66.oe66 (.text:xdc_runtime_Text_visitRope__I)

.far       0    0080ede0    00005030     UNINITIALIZED
                  0080ede0    00002828     app_pe66.oe66 (.far)
                  00811608    00002800     app_pe66.oe66 (.far:taskStackSection)
                  00813e08    00000008     rts6600_elf.lib : trgdrv.obj (.far)

.const     0    00813e10    0000243e     
                  00813e10    00001211     app_pe66.oe66 (.const:xdc_runtime_Text_charTab__A)
                  00815021    00000001     --HOLE-- [fill = 0]
                  00815022    00000002     app_pe66.oe66 (.const:ti_sysbios_BIOS_Module__id__C)
                  00815024    000005b8     ti.sysbios.family.c64p.ae66 : Exception.oe66 (.const:.string)
                  008155dc    00000004     ti.targets.rts6000.ae66 : Assert.oe66 (.const:.string)
                  008155e0    00000400     app_pe66.oe66 (.const:ti_sysbios_family_c66_Cache_marvalues__C)
                  008159e0    000000c8     app_pe66.oe66 (.const:xdc_runtime_Text_nodeTab__A)
                  00815aa8    00000058     ti.targets.rts6000.ae66 : Error.oe66 (.const:.string)
                  00815b00    0000004c     main.obj (.const:.string)
                  00815b4c    00000048     app_pe66.oe66 (.const:.string)
                  00815b94    00000040     ti.targets.rts6000.ae66 : Text.oe66 (.const:.string)
                  00815bd4    0000003c     app_pe66.oe66 (.const:xdc_runtime_LoggerBuf_Module__FXNS__C)
                  00815c10    00000038     app_pe66.oe66 (.const:ti_sysbios_knl_Task_Object__PARAMS__C)
                  00815c48    00000034     app_pe66.oe66 (.const:xdc_runtime_Startup_sfxnTab__A)
                  00815c7c    0000002c     ti.targets.rts6000.ae66 : Startup.oe66 (.const:.string)
                  00815ca8    00000028     app_pe66.oe66 (.const:ti_sysbios_heaps_HeapMem_Module__FXNS__C)
                  00815cd0    00000028     app_pe66.oe66 (.const:xdc_runtime_LoggerBuf_Object__PARAMS__C)
                  00815cf8    00000024     app_pe66.oe66 (.const:ti_sysbios_gates_GateHwi_Module__FXNS__C)
                  00815d1c    00000024     app_pe66.oe66 (.const:ti_sysbios_gates_GateMutex_Module__FXNS__C)
                  00815d40    00000024     app_pe66.oe66 (.const:ti_sysbios_knl_Clock_Object__PARAMS__C)
                  00815d64    00000024     app_pe66.oe66 (.const:ti_sysbios_knl_Semaphore_Object__PARAMS__C)
                  00815d88    00000020     app_pe66.oe66 (.const:ti_sysbios_gates_GateHwi_Object__DESC__C)
                  00815da8    00000020     app_pe66.oe66 (.const:ti_sysbios_gates_GateMutex_Object__DESC__C)
                  00815dc8    00000020     app_pe66.oe66 (.const:ti_sysbios_heaps_HeapMem_Object__DESC__C)
                  00815de8    00000020     app_pe66.oe66 (.const:ti_sysbios_heaps_HeapMem_Object__PARAMS__C)
                  00815e08    00000020     app_pe66.oe66 (.const:ti_sysbios_knl_Clock_Object__DESC__C)
                  00815e28    00000020     app_pe66.oe66 (.const:ti_sysbios_knl_Queue_Object__DESC__C)
                  00815e48    00000020     app_pe66.oe66 (.const:ti_sysbios_knl_Semaphore_Object__DESC__C)
                  00815e68    00000020     app_pe66.oe66 (.const:ti_sysbios_knl_Task_Object__DESC__C)
                  00815e88    00000020     app_pe66.oe66 (.const:xdc_runtime_LoggerBuf_Object__DESC__C)
                  00815ea8    0000001a     app_pe66.oe66 (.const:xdc_runtime_Startup_sfxnRts__A)
                  00815ec2    00000002     app_pe66.oe66 (.const:ti_sysbios_BIOS_clockEnabled__C)
                  00815ec4    00000018     app_pe66.oe66 (.const:ti_sysbios_gates_GateHwi_Object__PARAMS__C)
                  00815edc    00000018     app_pe66.oe66 (.const:ti_sysbios_gates_GateMutex_Object__PARAMS__C)
                  00815ef4    00000018     app_pe66.oe66 (.const:ti_sysbios_knl_Queue_Object__PARAMS__C)
                  00815f0c    00000004     app_pe66.oe66 (.const:ti_sysbios_BIOS_Module__diagsEnabled__C)
                  00815f10    00000018     app_pe66.oe66 (.const:ti_sysbios_knl_Task_hooks__A)
                  00815f28    00000008     ti.targets.rts6000.ae66 : System.oe66 (.const:.string)
                  00815f30    00000011                             : System.oe66 (.const:digtohex)
                  00815f41    00000001     --HOLE-- [fill = 0]
                  00815f42    00000002     app_pe66.oe66 (.const:ti_sysbios_BIOS_swiEnabled__C)
                  00815f44    0000000c     app_pe66.oe66 (.const:ti_sysbios_family_c66_Cache_initSize__C)
                  00815f50    00000008     app_pe66.oe66 (.const:ti_sysbios_family_c64p_Hwi_hooks__C)
                  00815f58    00000008     app_pe66.oe66 (.const:ti_sysbios_knl_Idle_funcList__C)
                  00815f60    00000008     app_pe66.oe66 (.const:ti_sysbios_knl_Swi_hooks__C)
                  00815f68    00000008     app_pe66.oe66 (.const:ti_sysbios_knl_Task_hooks__C)
                  00815f70    00000008     app_pe66.oe66 (.const:xdc_runtime_Startup_firstFxns__A)
                  00815f78    00000008     app_pe66.oe66 (.const:xdc_runtime_Startup_firstFxns__C)
                  00815f80    00000008     app_pe66.oe66 (.const:xdc_runtime_Startup_lastFxns__C)
                  00815f88    00000004     app_pe66.oe66 (.const:ti_sysbios_BIOS_Module__diagsIncluded__C)
                  00815f8c    00000004     app_pe66.oe66 (.const:ti_sysbios_BIOS_Module__diagsMask__C)
                  00815f90    00000004     app_pe66.oe66 (.const:ti_sysbios_BIOS_installedErrorHook__C)
                  00815f94    00000004     app_pe66.oe66 (.const:ti_sysbios_family_c62_TaskSupport_stackAlignment__C)
                  00815f98    00000004     app_pe66.oe66 (.const:ti_sysbios_family_c64p_Exception_E_exceptionMax__C)
                  00815f9c    00000004     app_pe66.oe66 (.const:ti_sysbios_family_c64p_Exception_E_exceptionMin__C)
                  00815fa0    00000004     app_pe66.oe66 (.const:ti_sysbios_family_c64p_Exception_exceptionHook__C)
                  00815fa4    00000004     app_pe66.oe66 (.const:ti_sysbios_family_c64p_Exception_externalHook__C)
                  00815fa8    00000004     app_pe66.oe66 (.const:ti_sysbios_family_c64p_Exception_internalHook__C)
                  00815fac    00000004     app_pe66.oe66 (.const:ti_sysbios_family_c64p_Exception_nmiHook__C)
                  00815fb0    00000004     app_pe66.oe66 (.const:ti_sysbios_family_c64p_Hwi_LD_end__C)
                  00815fb4    00000004     app_pe66.oe66 (.const:ti_sysbios_family_c64p_Hwi_LM_begin__C)
                  00815fb8    00000004     app_pe66.oe66 (.const:ti_sysbios_family_c64p_Hwi_Module__diagsEnabled__C)
                  00815fbc    00000004     app_pe66.oe66 (.const:ti_sysbios_family_c64p_Hwi_Module__diagsIncluded__C)
                  00815fc0    00000004     app_pe66.oe66 (.const:ti_sysbios_family_c64p_Hwi_Module__diagsMask__C)
                  00815fc4    00000004     app_pe66.oe66 (.const:ti_sysbios_family_c64p_Hwi_Module__loggerFxn1__C)
                  00815fc8    00000004     app_pe66.oe66 (.const:ti_sysbios_family_c64p_Hwi_Module__loggerFxn8__C)
                  00815fcc    00000004     app_pe66.oe66 (.const:ti_sysbios_family_c64p_Hwi_Module__loggerObj__C)
                  00815fd0    00000004     app_pe66.oe66 (.const:ti_sysbios_family_c64p_Hwi_swiDisable__C)
                  00815fd4    00000004     app_pe66.oe66 (.const:ti_sysbios_family_c64p_Hwi_swiRestoreHwi__C)
                  00815fd8    00000004     app_pe66.oe66 (.const:ti_sysbios_family_c64p_Hwi_taskDisable__C)
                  00815fdc    00000004     app_pe66.oe66 (.const:ti_sysbios_family_c64p_Hwi_taskRestoreHwi__C)
                  00815fe0    00000004     app_pe66.oe66 (.const:ti_sysbios_gates_GateMutex_A_badContext__C)
                  00815fe4    00000004     app_pe66.oe66 (.const:ti_sysbios_gates_GateMutex_Instance_State_sem__O)
                  00815fe8    00000004     app_pe66.oe66 (.const:ti_sysbios_gates_GateMutex_Module__diagsEnabled__C)
                  00815fec    00000004     app_pe66.oe66 (.const:ti_sysbios_gates_GateMutex_Module__diagsIncluded__C)
                  00815ff0    00000004     app_pe66.oe66 (.const:ti_sysbios_gates_GateMutex_Module__diagsMask__C)
                  00815ff4    00000004     app_pe66.oe66 (.const:ti_sysbios_hal_Hwi_E_stackOverflow__C)
                  00815ff8    00000004     app_pe66.oe66 (.const:ti_sysbios_heaps_HeapMem_A_align__C)
                  00815ffc    00000004     app_pe66.oe66 (.const:ti_sysbios_heaps_HeapMem_A_heapSize__C)
                  00816000    00000004     app_pe66.oe66 (.const:ti_sysbios_heaps_HeapMem_A_invalidFree__C)
                  00816004    00000004     app_pe66.oe66 (.const:ti_sysbios_heaps_HeapMem_A_zeroBlock__C)
                  00816008    00000004     app_pe66.oe66 (.const:ti_sysbios_heaps_HeapMem_E_memory__C)
                  0081600c    00000004     app_pe66.oe66 (.const:ti_sysbios_heaps_HeapMem_Module__diagsEnabled__C)
                  00816010    00000004     app_pe66.oe66 (.const:ti_sysbios_heaps_HeapMem_Module__diagsIncluded__C)
                  00816014    00000004     app_pe66.oe66 (.const:ti_sysbios_heaps_HeapMem_Module__diagsMask__C)
                  00816018    00000004     app_pe66.oe66 (.const:ti_sysbios_heaps_HeapMem_Module__gateObj__C)
                  0081601c    00000004     app_pe66.oe66 (.const:ti_sysbios_heaps_HeapMem_Object__count__C)
                  00816020    00000004     app_pe66.oe66 (.const:ti_sysbios_heaps_HeapMem_reqAlignMask__C)
                  00816024    00000004     app_pe66.oe66 (.const:ti_sysbios_heaps_HeapMem_reqAlign__C)
                  00816028    00000004     app_pe66.oe66 (.const:ti_sysbios_knl_Clock_A_badThreadType__C)
                  0081602c    00000004     app_pe66.oe66 (.const:ti_sysbios_knl_Clock_A_clockDisabled__C)
                  00816030    00000004     app_pe66.oe66 (.const:ti_sysbios_knl_Clock_LM_begin__C)
                  00816034    00000004     app_pe66.oe66 (.const:ti_sysbios_knl_Clock_LM_tick__C)
                  00816038    00000004     app_pe66.oe66 (.const:ti_sysbios_knl_Clock_LW_delayed__C)
                  0081603c    00000004     app_pe66.oe66 (.const:ti_sysbios_knl_Clock_Module_State_clockQ__O)
                  00816040    00000004     app_pe66.oe66 (.const:ti_sysbios_knl_Clock_Module__diagsEnabled__C)
                  00816044    00000004     app_pe66.oe66 (.const:ti_sysbios_knl_Clock_Module__diagsIncluded__C)
                  00816048    00000004     app_pe66.oe66 (.const:ti_sysbios_knl_Clock_Module__diagsMask__C)
                  0081604c    00000004     app_pe66.oe66 (.const:ti_sysbios_knl_Clock_Module__loggerFxn1__C)
                  00816050    00000004     app_pe66.oe66 (.const:ti_sysbios_knl_Clock_Module__loggerFxn2__C)
                  00816054    00000004     app_pe66.oe66 (.const:ti_sysbios_knl_Clock_Module__loggerObj__C)
                  00816058    00000004     app_pe66.oe66 (.const:ti_sysbios_knl_Clock_tickMode__C)
                  0081605c    00000004     app_pe66.oe66 (.const:ti_sysbios_knl_Clock_tickSource__C)
                  00816060    00000004     app_pe66.oe66 (.const:ti_sysbios_knl_Idle_funcList__A)
                  00816064    00000004     app_pe66.oe66 (.const:ti_sysbios_knl_Semaphore_A_badContext__C)
                  00816068    00000004     app_pe66.oe66 (.const:ti_sysbios_knl_Semaphore_A_noEvents__C)
                  0081606c    00000004     app_pe66.oe66 (.const:ti_sysbios_knl_Semaphore_A_overflow__C)
                  00816070    00000004     app_pe66.oe66 (.const:ti_sysbios_knl_Semaphore_Instance_State_pendQ__O)
                  00816074    00000004     app_pe66.oe66 (.const:ti_sysbios_knl_Semaphore_LM_pend__C)
                  00816078    00000004     app_pe66.oe66 (.const:ti_sysbios_knl_Semaphore_LM_post__C)
                  0081607c    00000004     app_pe66.oe66 (.const:ti_sysbios_knl_Semaphore_Module__diagsEnabled__C)
                  00816080    00000004     app_pe66.oe66 (.const:ti_sysbios_knl_Semaphore_Module__diagsIncluded__C)
                  00816084    00000004     app_pe66.oe66 (.const:ti_sysbios_knl_Semaphore_Module__diagsMask__C)
                  00816088    00000004     app_pe66.oe66 (.const:ti_sysbios_knl_Semaphore_Module__loggerFxn2__C)
                  0081608c    00000004     app_pe66.oe66 (.const:ti_sysbios_knl_Semaphore_Module__loggerFxn4__C)
                  00816090    00000004     app_pe66.oe66 (.const:ti_sysbios_knl_Semaphore_Module__loggerObj__C)
                  00816094    00000004     app_pe66.oe66 (.const:ti_sysbios_knl_Semaphore_eventPost__C)
                  00816098    00000004     app_pe66.oe66 (.const:ti_sysbios_knl_Semaphore_eventSync__C)
                  0081609c    00000004     app_pe66.oe66 (.const:ti_sysbios_knl_Swi_LD_end__C)
                  008160a0    00000004     app_pe66.oe66 (.const:ti_sysbios_knl_Swi_LM_begin__C)
                  008160a4    00000004     app_pe66.oe66 (.const:ti_sysbios_knl_Swi_LM_post__C)
                  008160a8    00000004     app_pe66.oe66 (.const:ti_sysbios_knl_Swi_Module__diagsEnabled__C)
                  008160ac    00000004     app_pe66.oe66 (.const:ti_sysbios_knl_Swi_Module__diagsIncluded__C)
                  008160b0    00000004     app_pe66.oe66 (.const:ti_sysbios_knl_Swi_Module__diagsMask__C)
                  008160b4    00000004     app_pe66.oe66 (.const:ti_sysbios_knl_Swi_Module__loggerFxn1__C)
                  008160b8    00000004     app_pe66.oe66 (.const:ti_sysbios_knl_Swi_Module__loggerFxn4__C)
                  008160bc    00000004     app_pe66.oe66 (.const:ti_sysbios_knl_Swi_Module__loggerObj__C)
                  008160c0    00000004     app_pe66.oe66 (.const:ti_sysbios_knl_Swi_Object__count__C)
                  008160c4    00000004     app_pe66.oe66 (.const:ti_sysbios_knl_Swi_numConstructedSwis__C)
                  008160c8    00000004     app_pe66.oe66 (.const:ti_sysbios_knl_Swi_taskDisable__C)
                  008160cc    00000004     app_pe66.oe66 (.const:ti_sysbios_knl_Swi_taskRestore__C)
                  008160d0    00000004     app_pe66.oe66 (.const:ti_sysbios_knl_Task_A_badPriority__C)
                  008160d4    00000004     app_pe66.oe66 (.const:ti_sysbios_knl_Task_A_badTaskState__C)
                  008160d8    00000004     app_pe66.oe66 (.const:ti_sysbios_knl_Task_A_badThreadType__C)
                  008160dc    00000004     app_pe66.oe66 (.const:ti_sysbios_knl_Task_A_badTimeout__C)
                  008160e0    00000004     app_pe66.oe66 (.const:ti_sysbios_knl_Task_A_noPendElem__C)
                  008160e4    00000004     app_pe66.oe66 (.const:ti_sysbios_knl_Task_A_taskDisabled__C)
                  008160e8    00000004     app_pe66.oe66 (.const:ti_sysbios_knl_Task_E_spOutOfBounds__C)
                  008160ec    00000004     app_pe66.oe66 (.const:ti_sysbios_knl_Task_E_stackOverflow__C)
                  008160f0    00000004     app_pe66.oe66 (.const:ti_sysbios_knl_Task_LD_block__C)
                  008160f4    00000004     app_pe66.oe66 (.const:ti_sysbios_knl_Task_LD_exit__C)
                  008160f8    00000004     app_pe66.oe66 (.const:ti_sysbios_knl_Task_LD_ready__C)
                  008160fc    00000004     app_pe66.oe66 (.const:ti_sysbios_knl_Task_LM_sleep__C)
                  00816100    00000004     app_pe66.oe66 (.const:ti_sysbios_knl_Task_LM_switch__C)
                  00816104    00000004     app_pe66.oe66 (.const:ti_sysbios_knl_Task_Module_State_inactiveQ__O)
                  00816108    00000004     app_pe66.oe66 (.const:ti_sysbios_knl_Task_Module_State_terminatedQ__O)
                  0081610c    00000004     app_pe66.oe66 (.const:ti_sysbios_knl_Task_Module__diagsEnabled__C)
                  00816110    00000004     app_pe66.oe66 (.const:ti_sysbios_knl_Task_Module__diagsIncluded__C)
                  00816114    00000004     app_pe66.oe66 (.const:ti_sysbios_knl_Task_Module__diagsMask__C)
                  00816118    00000004     app_pe66.oe66 (.const:ti_sysbios_knl_Task_Module__loggerFxn2__C)
                  0081611c    00000004     app_pe66.oe66 (.const:ti_sysbios_knl_Task_Module__loggerFxn4__C)
                  00816120    00000004     app_pe66.oe66 (.const:ti_sysbios_knl_Task_Module__loggerObj__C)
                  00816124    00000004     app_pe66.oe66 (.const:ti_sysbios_knl_Task_Object__count__C)
                  00816128    00000004     app_pe66.oe66 (.const:ti_sysbios_knl_Task_Object__heap__C)
                  0081612c    00000004     app_pe66.oe66 (.const:ti_sysbios_knl_Task_allBlockedFunc__C)
                  00816130    00000004     app_pe66.oe66 (.const:ti_sysbios_knl_Task_defaultStackHeap__C)
                  00816134    00000004     app_pe66.oe66 (.const:ti_sysbios_knl_Task_defaultStackSize__C)
                  00816138    00000004     app_pe66.oe66 (.const:ti_sysbios_knl_Task_numConstructedTasks__C)
                  0081613c    00000004     app_pe66.oe66 (.const:ti_sysbios_knl_Task_numPriorities__C)
                  00816140    00000004     app_pe66.oe66 (.const:ti_sysbios_timers_timer64_Timer_A_notAvailable__C)
                  00816144    00000004     app_pe66.oe66 (.const:ti_sysbios_timers_timer64_Timer_E_cannotSupport__C)
                  00816148    00000004     app_pe66.oe66 (.const:ti_sysbios_timers_timer64_Timer_Module__diagsEnabled__C)
                  0081614c    00000004     app_pe66.oe66 (.const:ti_sysbios_timers_timer64_Timer_Module__diagsIncluded__C)
                  00816150    00000004     app_pe66.oe66 (.const:ti_sysbios_timers_timer64_Timer_Module__diagsMask__C)
                  00816154    00000004     app_pe66.oe66 (.const:ti_sysbios_timers_timer64_Timer_anyMask__C)
                  00816158    00000004     app_pe66.oe66 (.const:ti_sysbios_timers_timer64_Timer_freqDivisor__C)
                  0081615c    00000004     app_pe66.oe66 (.const:ti_sysbios_timers_timer64_Timer_numLocalTimers__C)
                  00816160    00000004     app_pe66.oe66 (.const:ti_sysbios_timers_timer64_Timer_numTimerDevices__C)
                  00816164    00000004     app_pe66.oe66 (.const:xdc_runtime_Assert_E_assertFailed__C)
                  00816168    00000004     app_pe66.oe66 (.const:xdc_runtime_Core_A_initializedParams__C)
                  0081616c    00000004     app_pe66.oe66 (.const:xdc_runtime_Core_Module__diagsEnabled__C)
                  00816170    00000004     app_pe66.oe66 (.const:xdc_runtime_Core_Module__diagsIncluded__C)
                  00816174    00000004     app_pe66.oe66 (.const:xdc_runtime_Core_Module__diagsMask__C)
                  00816178    00000004     app_pe66.oe66 (.const:xdc_runtime_Error_E_memory__C)
                  0081617c    00000004     app_pe66.oe66 (.const:xdc_runtime_Error_Module__diagsEnabled__C)
                  00816180    00000004     app_pe66.oe66 (.const:xdc_runtime_Error_Module__diagsIncluded__C)
                  00816184    00000004     app_pe66.oe66 (.const:xdc_runtime_Error_Module__diagsMask__C)
                  00816188    00000004     app_pe66.oe66 (.const:xdc_runtime_Error_Module__loggerFxn8__C)
                  0081618c    00000004     app_pe66.oe66 (.const:xdc_runtime_Error_Module__loggerObj__C)
                  00816190    00000004     app_pe66.oe66 (.const:xdc_runtime_Error_policy__C)
                  00816194    00000004     app_pe66.oe66 (.const:xdc_runtime_Error_raiseHook__C)
                  00816198    00000004     app_pe66.oe66 (.const:xdc_runtime_IFilterLogger_Interface__BASE__C)
                  0081619c    00000004     app_pe66.oe66 (.const:xdc_runtime_IGateProvider_Interface__BASE__C)
                  008161a0    00000004     app_pe66.oe66 (.const:xdc_runtime_IHeap_Interface__BASE__C)
                  008161a4    00000004     app_pe66.oe66 (.const:xdc_runtime_ILogger_Interface__BASE__C)
                  008161a8    00000004     app_pe66.oe66 (.const:xdc_runtime_IModule_Interface__BASE__C)
                  008161ac    00000004     app_pe66.oe66 (.const:xdc_runtime_Log_L_error__C)
                  008161b0    00000004     app_pe66.oe66 (.const:xdc_runtime_LoggerBuf_E_badLevel__C)
                  008161b4    00000004     app_pe66.oe66 (.const:xdc_runtime_LoggerBuf_Module__gateObj__C)
                  008161b8    00000004     app_pe66.oe66 (.const:xdc_runtime_LoggerBuf_Object__count__C)
                  008161bc    00000004     app_pe66.oe66 (.const:xdc_runtime_LoggerBuf_statusLogger__C)
                  008161c0    00000004     app_pe66.oe66 (.const:xdc_runtime_Memory_defaultHeapInstance__C)
                  008161c4    00000004     app_pe66.oe66 (.const:xdc_runtime_Startup_execImpl__C)
                  008161c8    00000004     app_pe66.oe66 (.const:xdc_runtime_Startup_lastFxns__A)
                  008161cc    00000004     app_pe66.oe66 (.const:xdc_runtime_Startup_maxPasses__C)
                  008161d0    00000004     app_pe66.oe66 (.const:xdc_runtime_Startup_sfxnRts__C)
                  008161d4    00000004     app_pe66.oe66 (.const:xdc_runtime_Startup_sfxnTab__C)
                  008161d8    00000004     app_pe66.oe66 (.const:xdc_runtime_SysMin_bufSize__C)
                  008161dc    00000004     app_pe66.oe66 (.const:xdc_runtime_SysMin_outputFunc__C)
                  008161e0    00000004     app_pe66.oe66 (.const:xdc_runtime_System_Module__gateObj__C)
                  008161e4    00000004     app_pe66.oe66 (.const:xdc_runtime_System_extendFxn__C)
                  008161e8    00000004     app_pe66.oe66 (.const:xdc_runtime_System_maxAtexitHandlers__C)
                  008161ec    00000004     app_pe66.oe66 (.const:xdc_runtime_Text_charTab__C)
                  008161f0    00000004     app_pe66.oe66 (.const:xdc_runtime_Text_nameEmpty__C)
                  008161f4    00000004     app_pe66.oe66 (.const:xdc_runtime_Text_nameStatic__C)
                  008161f8    00000004     app_pe66.oe66 (.const:xdc_runtime_Text_nameUnknown__C)
                  008161fc    00000004     app_pe66.oe66 (.const:xdc_runtime_Text_nodeTab__C)
                  00816200    00000004     app_pe66.oe66 (.const:xdc_runtime_Text_visitRopeFxn__C)
                  00816204    00000002     app_pe66.oe66 (.const:ti_sysbios_BIOS_taskEnabled__C)
                  00816206    00000002     app_pe66.oe66 (.const:ti_sysbios_family_c64p_Exception_Module__id__C)
                  00816208    00000002     app_pe66.oe66 (.const:ti_sysbios_family_c64p_Exception_enableExternalMPC__C)
                  0081620a    00000002     app_pe66.oe66 (.const:ti_sysbios_family_c64p_Exception_enablePrint__C)
                  0081620c    00000002     app_pe66.oe66 (.const:ti_sysbios_family_c64p_Hwi_Module__id__C)
                  0081620e    00000002     app_pe66.oe66 (.const:ti_sysbios_family_c64p_Hwi_Module__loggerDefined__C)
                  00816210    00000002     app_pe66.oe66 (.const:ti_sysbios_family_c64p_Hwi_dispatcherAutoNestingSupport__C)
                  00816212    00000002     app_pe66.oe66 (.const:ti_sysbios_family_c64p_Hwi_dispatcherIrpTrackingSupport__C)
                  00816214    00000002     app_pe66.oe66 (.const:ti_sysbios_family_c64p_Hwi_dispatcherSwiSupport__C)
                  00816216    00000002     app_pe66.oe66 (.const:ti_sysbios_family_c64p_Hwi_dispatcherTaskSupport__C)
                  00816218    00000002     app_pe66.oe66 (.const:ti_sysbios_gates_GateMutex_Module__id__C)
                  0081621a    00000002     app_pe66.oe66 (.const:ti_sysbios_hal_Hwi_Module__id__C)
                  0081621c    00000002     app_pe66.oe66 (.const:ti_sysbios_heaps_HeapMem_Module__id__C)
                  0081621e    00000002     app_pe66.oe66 (.const:ti_sysbios_knl_Clock_Module__id__C)
                  00816220    00000002     app_pe66.oe66 (.const:ti_sysbios_knl_Clock_Module__loggerDefined__C)
                  00816222    00000002     app_pe66.oe66 (.const:ti_sysbios_knl_Semaphore_Module__id__C)
                  00816224    00000002     app_pe66.oe66 (.const:ti_sysbios_knl_Semaphore_Module__loggerDefined__C)
                  00816226    00000002     app_pe66.oe66 (.const:ti_sysbios_knl_Semaphore_supportsEvents__C)
                  00816228    00000002     app_pe66.oe66 (.const:ti_sysbios_knl_Swi_Module__id__C)
                  0081622a    00000002     app_pe66.oe66 (.const:ti_sysbios_knl_Swi_Module__loggerDefined__C)
                  0081622c    00000002     app_pe66.oe66 (.const:ti_sysbios_knl_Task_Module__id__C)
                  0081622e    00000002     app_pe66.oe66 (.const:ti_sysbios_knl_Task_Module__loggerDefined__C)
                  00816230    00000002     app_pe66.oe66 (.const:ti_sysbios_knl_Task_deleteTerminatedTasks__C)
                  00816232    00000002     app_pe66.oe66 (.const:ti_sysbios_knl_Task_initStackFlag__C)
                  00816234    00000002     app_pe66.oe66 (.const:ti_sysbios_timers_timer64_Timer_Module__id__C)
                  00816236    00000002     app_pe66.oe66 (.const:ti_sysbios_timers_timer64_Timer_startupNeeded__C)
                  00816238    00000002     app_pe66.oe66 (.const:xdc_runtime_Core_Module__id__C)
                  0081623a    00000002     app_pe66.oe66 (.const:xdc_runtime_Error_Module__loggerDefined__C)
                  0081623c    00000002     app_pe66.oe66 (.const:xdc_runtime_Error_maxDepth__C)
                  0081623e    00000002     app_pe66.oe66 (.const:xdc_runtime_LoggerBuf_Module__id__C)
                  00816240    00000002     app_pe66.oe66 (.const:xdc_runtime_LoggerBuf_filterByLevel__C)
                  00816242    00000002     app_pe66.oe66 (.const:xdc_runtime_Memory_Module__id__C)
                  00816244    00000002     app_pe66.oe66 (.const:xdc_runtime_SysMin_flushAtExit__C)
                  00816246    00000002     app_pe66.oe66 (.const:xdc_runtime_Text_charCnt__C)
                  00816248    00000002     app_pe66.oe66 (.const:xdc_runtime_Text_isLoaded__C)
                  0081624a    00000002     app_pe66.oe66 (.const:xdc_runtime_Text_registryModsLastId__C)
                  0081624c    00000002     app_pe66.oe66 (.const:xdc_runtime_Text_unnamedModsLastId__C)

.stack     0    00816250    00001000     UNINITIALIZED
                  00816250    00000008     boot.ae66 : boot.oe66 (.stack)
                  00816258    00000ff8     --HOLE--

.fardata   0    00817250    0000073c     
                  00817250    000001ec     app_pe66.oe66 (.fardata)
                  0081743c    00000004     rts6600_elf.lib : dtor_list.obj (.fardata)
                  00817440    00000154     app_pe66.oe66 (.fardata:ti_sysbios_knl_Task_Object__table__V)
                  00817594    00000004     --HOLE--
                  00817598    000000c0     app_pe66.oe66 (.fardata:ti_sysbios_timers_timer64_Timer_Module_State_0_device__A)
                  00817658    00000080     app_pe66.oe66 (.fardata:ti_sysbios_knl_Swi_Module_State_0_readyQ__A)
                  008176d8    00000080     app_pe66.oe66 (.fardata:ti_sysbios_knl_Task_Module_State_0_readyQ__A)
                  00817758    0000004c     app_pe66.oe66 (.fardata:ti_sysbios_timers_timer64_Timer_Object__table__V)
                  008177a4    00000004     --HOLE--
                  008177a8    00000040     app_pe66.oe66 (.fardata:ti_sysbios_gates_GateMutex_Object__table__V)
                  008177e8    00000040     app_pe66.oe66 (.fardata:ti_sysbios_timers_timer64_Timer_Module_State_0_gctrl__A)
                  00817828    00000040     app_pe66.oe66 (.fardata:ti_sysbios_timers_timer64_Timer_Module_State_0_handles__A)
                  00817868    00000040     app_pe66.oe66 (.fardata:ti_sysbios_timers_timer64_Timer_Module_State_0_intFreqs__A)
                  008178a8    00000030     app_pe66.oe66 (.fardata:ti_sysbios_knl_Swi_Object__table__V)
                  008178d8    00000024     app_pe66.oe66 (.fardata:xdc_runtime_LoggerBuf_Object__table__V)
                  008178fc    00000004     --HOLE--
                  00817900    00000020     app_pe66.oe66 (.fardata:xdc_runtime_System_Module_State_0_atexitHandlers__A)
                  00817920    00000018     app_pe66.oe66 (.fardata:ti_sysbios_family_c64p_Hwi_Object__table__V)
                  00817938    00000014     app_pe66.oe66 (.fardata:ti_sysbios_heaps_HeapMem_Object__table__V)
                  0081794c    00000004     --HOLE--
                  00817950    00000010     app_pe66.oe66 (.fardata:ti_sysbios_knl_Queue_Object__table__V)
                  00817960    0000000c     rts6600_elf.lib : exit.obj (.fardata)
                  0081796c    00000008                     : _lock.obj (.fardata)
                  00817974    00000004     --HOLE--
                  00817978    00000008     app_pe66.oe66 (.fardata:ti_sysbios_hal_Hwi_Object__table__V)
                  00817980    00000008     app_pe66.oe66 (.fardata:ti_sysbios_hal_Timer_Object__table__V)
                  00817988    00000004     app_pe66.oe66 (.fardata:ti_sysbios_gates_GateHwi_Object__table__V)

.cio       0    00817990    00000120     UNINITIALIZED
                  00817990    00000120     rts6600_elf.lib : trgmsg.obj (.cio)

.vecs      0    00817c00    00000200     
                  00817c00    00000200     app_pe66.oe66 (.vecs)

.cinit     0    00817e00    00000768     
                  00817e00    00000744     (.cinit..fardata.load) [load image]
                  00818544    0000000c     (__TI_handler_table)
                  00818550    00000008     (.cinit..far.load) [load image, compression = zero_init]
                  00818558    00000010     (__TI_cinit_table)


LINKER GENERATED COPY TABLES

__TI_cinit_table @ 00818558 records: 2, size/record: 8, table size: 16
	.fardata: load addr=00817e00, load size=00000744 bytes, run addr=00817250, run size=0000073c bytes, compression=copy
	.far: load addr=00818550, load size=00000008 bytes, run addr=0080ede0, run size=00005030 bytes, compression=zero_init


LINKER GENERATED HANDLER TABLE

__TI_handler_table @ 00818544 records: 3, size/record: 4, table size: 12
	index: 0, handler: __TI_decompress_rle24
	index: 1, handler: __TI_decompress_none
	index: 2, handler: __TI_zero_init


GLOBAL SYMBOLS: SORTED ALPHABETICALLY BY Name 

address    name
--------   ----
0080e200   C$$EXIT
0080ccd8   C$$IO$$
0080a6e0   HOSTwrite
00817550   TSK_idle
00800000   __ASM__
00817990   __CIOBUF_
00800060   __ISA__
00800078   __PLAT__
008000a0   __TARG__
00818558   __TI_CINIT_Base
00818568   __TI_CINIT_Limit
00818544   __TI_Handler_Table_Base
00818550   __TI_Handler_Table_Limit
UNDEFED    __TI_INITARRAY_Base
UNDEFED    __TI_INITARRAY_Limit
00817250   __TI_STACK_END
00001000   __TI_STACK_SIZE
00000000   __TI_STATIC_BASE
00000001   __TI_args_main
0080e240   __TI_decompress_none
0080e260   __TI_decompress_rle24
00817968   __TI_enable_exit_profile_output
ffffffff   __TI_pprof_out_hndl
ffffffff   __TI_prof_data_size
ffffffff   __TI_prof_data_start
00809c60   __TI_zero_init
008000c8   __TRDR__
ffffffff   __binit__
0080a920   __c6xabi_divu
00805fe0   __c6xabi_divull
0080b920   __c6xabi_llshl
0080c620   __c6xabi_llshru
0080af20   __c6xabi_remu
ffffffff   __c_args__
0080e100   __cxa_atexit
0080a860   __cxa_finalize
0080e120   __cxa_ia64_exit
0080a920   __divu
0080af20   __remu
0080e140   __xdc__init
00817438   __xdc__init__addr
0080cf80   _args_main
00000000   _argsize
00808e00   _auto_init_elf
0080afc0   _c_int00
00817960   _cleanup_ptr
00817964   _dtors_ptr
0081796c   _lock
0080e160   _nop
0080e180   _register_lock
0080e1a0   _register_unlock
00816250   _stack
0080c680   _subcull
00817970   _unlock
0080e200   abort
0080e220   atexit
ffffffff   binit
0080a9e0   exit
0080d080   free
00809dac   main
0080baa0   malloc
0080b060   memcpy
00809e20   memset
UNDEFED    reader
0080bb20   readmsg
00809d70   taskFxn
00815f0c   ti_sysbios_BIOS_Module__diagsEnabled__C
00815f88   ti_sysbios_BIOS_Module__diagsIncluded__C
00815f8c   ti_sysbios_BIOS_Module__diagsMask__C
00815022   ti_sysbios_BIOS_Module__id__C
00817250   ti_sysbios_BIOS_Module__state__V
0080e2a0   ti_sysbios_BIOS_RtsGateProxy_enter__E
0080e2c0   ti_sysbios_BIOS_RtsGateProxy_leave__E
0080e4a0   ti_sysbios_BIOS_RtsGateProxy_query__E
00815ec2   ti_sysbios_BIOS_clockEnabled__C
0080c7a0   ti_sysbios_BIOS_errorRaiseHook__I
0080c800   ti_sysbios_BIOS_exitFunc__I
0080d100   ti_sysbios_BIOS_exit__E
0080e2e0   ti_sysbios_BIOS_getCpuFreq__E
0080e300   ti_sysbios_BIOS_getThreadType__E
00815f90   ti_sysbios_BIOS_installedErrorHook__C
0080d140   ti_sysbios_BIOS_registerRTSLock__I
0080d180   ti_sysbios_BIOS_removeRTSLock__I
0080d1c0   ti_sysbios_BIOS_setThreadType__E
0080d200   ti_sysbios_BIOS_startFunc__I
0080d240   ti_sysbios_BIOS_start__E
00815f42   ti_sysbios_BIOS_swiEnabled__C
00816204   ti_sysbios_BIOS_taskEnabled__C
0080e320   ti_sysbios_family_c62_TaskSupport_Module__startupDone__S
0080cfc0   ti_sysbios_family_c62_TaskSupport_buildTaskStack
0080d280   ti_sysbios_family_c62_TaskSupport_checkStack__E
0080e340   ti_sysbios_family_c62_TaskSupport_getStackAlignment__E
0080e1c0   ti_sysbios_family_c62_TaskSupport_glue
00815f94   ti_sysbios_family_c62_TaskSupport_stackAlignment__C
0080b100   ti_sysbios_family_c62_TaskSupport_start__E
0080b9a0   ti_sysbios_family_c62_TaskSupport_swap__E
00815f98   ti_sysbios_family_c64p_Exception_E_exceptionMax__C
00815f9c   ti_sysbios_family_c64p_Exception_E_exceptionMin__C
00816206   ti_sysbios_family_c64p_Exception_Module__id__C
0081726c   ti_sysbios_family_c64p_Exception_Module__state__V
00809fe0   ti_sysbios_family_c64p_Exception_Module_startup__E
00809fe0   ti_sysbios_family_c64p_Exception_Module_startup__F
00808220   ti_sysbios_family_c64p_Exception_dispatch__E
00816208   ti_sysbios_family_c64p_Exception_enableExternalMPC__C
0081620a   ti_sysbios_family_c64p_Exception_enablePrint__C
0080d2c0   ti_sysbios_family_c64p_Exception_evtEvtClear__E
0080d300   ti_sysbios_family_c64p_Exception_evtExpMaskEnable__E
00815fa0   ti_sysbios_family_c64p_Exception_exceptionHook__C
008083a0   ti_sysbios_family_c64p_Exception_externalHandler__I
00815fa4   ti_sysbios_family_c64p_Exception_externalHook__C
00800000   ti_sysbios_family_c64p_Exception_handler__I
00808520   ti_sysbios_family_c64p_Exception_internalHandler__I
00815fa8   ti_sysbios_family_c64p_Exception_internalHook__C
0080c860   ti_sysbios_family_c64p_Exception_nmiHandler__I
00815fac   ti_sysbios_family_c64p_Exception_nmiHook__C
00817c00   ti_sysbios_family_c64p_Hwi0
00817c20   ti_sysbios_family_c64p_Hwi1
00817d40   ti_sysbios_family_c64p_Hwi10
00817d60   ti_sysbios_family_c64p_Hwi11
00817d80   ti_sysbios_family_c64p_Hwi12
00817da0   ti_sysbios_family_c64p_Hwi13
00817dc0   ti_sysbios_family_c64p_Hwi14
00817de0   ti_sysbios_family_c64p_Hwi15
00817c40   ti_sysbios_family_c64p_Hwi2
00817c60   ti_sysbios_family_c64p_Hwi3
00817c80   ti_sysbios_family_c64p_Hwi4
00817ca0   ti_sysbios_family_c64p_Hwi5
00817cc0   ti_sysbios_family_c64p_Hwi6
00817ce0   ti_sysbios_family_c64p_Hwi7
00817d00   ti_sysbios_family_c64p_Hwi8
00817d20   ti_sysbios_family_c64p_Hwi9
00815fb0   ti_sysbios_family_c64p_Hwi_LD_end__C
00815fb4   ti_sysbios_family_c64p_Hwi_LM_begin__C
00815fb8   ti_sysbios_family_c64p_Hwi_Module__diagsEnabled__C
00815fbc   ti_sysbios_family_c64p_Hwi_Module__diagsIncluded__C
00815fc0   ti_sysbios_family_c64p_Hwi_Module__diagsMask__C
0081620c   ti_sysbios_family_c64p_Hwi_Module__id__C
0081620e   ti_sysbios_family_c64p_Hwi_Module__loggerDefined__C
00815fc4   ti_sysbios_family_c64p_Hwi_Module__loggerFxn1__C
00815fc8   ti_sysbios_family_c64p_Hwi_Module__loggerFxn8__C
00815fcc   ti_sysbios_family_c64p_Hwi_Module__loggerObj__C
00817298   ti_sysbios_family_c64p_Hwi_Module__root__V
0080d340   ti_sysbios_family_c64p_Hwi_Module__startupDone__F
0080d340   ti_sysbios_family_c64p_Hwi_Module__startupDone__S
008172a0   ti_sysbios_family_c64p_Hwi_Module__state__V
008076a0   ti_sysbios_family_c64p_Hwi_Module_startup__E
008076a0   ti_sysbios_family_c64p_Hwi_Module_startup__F
00817920   ti_sysbios_family_c64p_Hwi_Object__table__V
0080d380   ti_sysbios_family_c64p_Hwi_clearInterrupt__E
0080c8c0   ti_sysbios_family_c64p_Hwi_disableIER__E
0080d3c0   ti_sysbios_family_c64p_Hwi_disableInterrupt__E
00806ae0   ti_sysbios_family_c64p_Hwi_dispatchAlways
008030e0   ti_sysbios_family_c64p_Hwi_dispatchC__I
00816210   ti_sysbios_family_c64p_Hwi_dispatcherAutoNestingSupport__C
00816212   ti_sysbios_family_c64p_Hwi_dispatcherIrpTrackingSupport__C
00816214   ti_sysbios_family_c64p_Hwi_dispatcherSwiSupport__C
00816216   ti_sysbios_family_c64p_Hwi_dispatcherTaskSupport__C
0080c920   ti_sysbios_family_c64p_Hwi_enableIER__E
0080d400   ti_sysbios_family_c64p_Hwi_enableInterrupt__E
0080aaa0   ti_sysbios_family_c64p_Hwi_eventMap__E
0080bba0   ti_sysbios_family_c64p_Hwi_getEventId__E
0080d440   ti_sysbios_family_c64p_Hwi_getIsrStackAddress__I
00815f50   ti_sysbios_family_c64p_Hwi_hooks__C
0080e360   ti_sysbios_family_c64p_Hwi_startup__E
00815fd0   ti_sysbios_family_c64p_Hwi_swiDisable__C
00815fd4   ti_sysbios_family_c64p_Hwi_swiRestoreHwi__C
0080e380   ti_sysbios_family_c64p_Hwi_switchFromBootStack__E
00815fd8   ti_sysbios_family_c64p_Hwi_taskDisable__C
00815fdc   ti_sysbios_family_c64p_Hwi_taskRestoreHwi__C
0080e3a0   ti_sysbios_family_c64p_TimestampProvider_Module_startup__E
0080e3a0   ti_sysbios_family_c64p_TimestampProvider_Module_startup__F
0080d480   ti_sysbios_family_c64p_TimestampProvider_get64__E
0080e3c0   ti_sysbios_family_c64p_tci6488_TimerSupport_enable__E
0080bc20   ti_sysbios_family_c66_Cache_Module_startup__E
0080bc20   ti_sysbios_family_c66_Cache_Module_startup__F
00815f44   ti_sysbios_family_c66_Cache_initSize__C
008155e0   ti_sysbios_family_c66_Cache_marvalues__C
0080bca0   ti_sysbios_family_c66_Cache_setMar__E
0080b1a0   ti_sysbios_family_c66_Cache_setSize__E
0080e3e0   ti_sysbios_family_c66_Cache_wbInvAll__E
0080d000   ti_sysbios_family_xxx_Hwi_switchToIsrStack
0080e1e0   ti_sysbios_family_xxx_Hwi_switchToTaskStack
0080d4c0   ti_sysbios_gates_GateHwi_Handle__label__S
0080e400   ti_sysbios_gates_GateHwi_Instance_init__F
00815cf8   ti_sysbios_gates_GateHwi_Module__FXNS__C
00817308   ti_sysbios_gates_GateHwi_Module__root__V
00815d88   ti_sysbios_gates_GateHwi_Object__DESC__C
00815ec4   ti_sysbios_gates_GateHwi_Object__PARAMS__C
0080bd20   ti_sysbios_gates_GateHwi_Object__create__S
0080d500   ti_sysbios_gates_GateHwi_Object__delete__S
00817988   ti_sysbios_gates_GateHwi_Object__table__V
0080e420   ti_sysbios_gates_GateHwi_enter__E
0080e440   ti_sysbios_gates_GateHwi_leave__E
0080e460   ti_sysbios_gates_GateHwi_query__E
0080e460   ti_sysbios_gates_GateHwi_query__F
00815fe0   ti_sysbios_gates_GateMutex_A_badContext__C
0080d540   ti_sysbios_gates_GateMutex_Handle__label__S
00815fe4   ti_sysbios_gates_GateMutex_Instance_State_sem__O
0080d580   ti_sysbios_gates_GateMutex_Instance_finalize__F
0080d5c0   ti_sysbios_gates_GateMutex_Instance_init__F
00815d1c   ti_sysbios_gates_GateMutex_Module__FXNS__C
00815fe8   ti_sysbios_gates_GateMutex_Module__diagsEnabled__C
00815fec   ti_sysbios_gates_GateMutex_Module__diagsIncluded__C
00815ff0   ti_sysbios_gates_GateMutex_Module__diagsMask__C
00816218   ti_sysbios_gates_GateMutex_Module__id__C
00817310   ti_sysbios_gates_GateMutex_Module__root__V
[...]
0080e460   xdc_runtime_Main_Module_GateProxy_query__E
0080e460   xdc_runtime_System_Module_GateProxy_query__E
0080e4a0   ti_sysbios_BIOS_RtsGateProxy_query__E
0080e4a0   ti_sysbios_gates_GateMutex_query__E
0080e4a0   ti_sysbios_gates_GateMutex_query__F
0080e4a0   ti_sysbios_heaps_HeapMem_Module_GateProxy_query__E
0080e4c0   ti_sysbios_hal_Hwi_HwiProxy_Module__startupDone__S
0080e4e0   ti_sysbios_hal_Hwi_clearInterrupt__E
0080e500   ti_sysbios_hal_Hwi_disableInterrupt__E
0080e520   ti_sysbios_hal_Hwi_enableInterrupt__E
0080e540   ti_sysbios_hal_Hwi_startup__E
0080e560   ti_sysbios_hal_Hwi_switchFromBootStack__E
0080e580   ti_sysbios_hal_Timer_TimerProxy_Module__startupDone__S
0080e5a0   ti_sysbios_hal_Timer_TimerProxy_getExpiredCounts__E
0080e5c0   ti_sysbios_hal_Timer_TimerProxy_getPeriod__E
0080e5e0   ti_sysbios_hal_Timer_TimerProxy_setNextTick__E
0080e600   ti_sysbios_hal_Timer_getExpiredCounts__E
0080e620   ti_sysbios_hal_Timer_getPeriod__E
0080e640   ti_sysbios_hal_Timer_setNextTick__E
0080e660   ti_sysbios_hal_Timer_startup__E
0080e680   ti_sysbios_heaps_HeapMem_Module_GateProxy_enter__E
0080e6a0   ti_sysbios_heaps_HeapMem_Module_GateProxy_leave__E
0080e6e0   ti_sysbios_heaps_HeapMem_isBlocking__E
0080e720   ti_sysbios_knl_Clock_Params__init__S
0080e800   ti_sysbios_knl_Idle_loop__E
0080e820   ti_sysbios_knl_Queue_Instance_init__F
0080e840   ti_sysbios_knl_Queue_Object__get__S
0080e8a0   ti_sysbios_knl_Queue_elemClear__E
0080e8c0   ti_sysbios_knl_Queue_empty__E
0080e8e0   ti_sysbios_knl_Queue_head__E
0080e900   ti_sysbios_knl_Queue_next__E
0080e9c0   ti_sysbios_knl_Swi_enabled__E
0080e9e0   ti_sysbios_knl_Swi_startup__E
0080ea40   ti_sysbios_knl_Task_Object__first__S
0080ea60   ti_sysbios_knl_Task_Object__next__S
0080eae0   ti_sysbios_knl_Task_SupportProxy_Module__startupDone__S
0080eb20   ti_sysbios_knl_Task_self__E
0080eb40   ti_sysbios_timers_timer64_Timer_getExpiredCounts__E
0080eb60   ti_sysbios_timers_timer64_Timer_setNextTick__E
0080eb80   xdc_runtime_Gate_enterSystem__E
0080eb80   xdc_runtime_Gate_enterSystem__F
0080ebe0   xdc_runtime_LoggerBuf_Module_GateProxy_enter__E
0080ec00   xdc_runtime_LoggerBuf_Module_GateProxy_leave__E
0080ec20   xdc_runtime_LoggerBuf_disable__E
0080ec20   xdc_runtime_LoggerBuf_disable__F
0080ec40   xdc_runtime_LoggerBuf_enable__E
0080ec40   xdc_runtime_LoggerBuf_enable__F
0080ec60   xdc_runtime_Memory_HeapProxy_alloc__E
0080ec80   xdc_runtime_Memory_HeapProxy_free__E
0080eca0   xdc_runtime_Startup_exec__I
0080ecc0   xdc_runtime_Startup_reset__I
0080ece0   xdc_runtime_SysMin_ready__E
0080ece0   xdc_runtime_SysMin_ready__F
0080ece0   xdc_runtime_System_SupportProxy_ready__E
0080ed00   xdc_runtime_System_Module_GateProxy_enter__E
0080ed20   xdc_runtime_System_Module_GateProxy_leave__E
0080ed40   xdc_runtime_System_Module_startup__E
0080ed40   xdc_runtime_System_Module_startup__F
0080ed60   xdc_runtime_System_exit__E
0080ed60   xdc_runtime_System_exit__F
0080ed80   xdc_runtime_System_lastFxn__I
0080eda0   xdc_runtime_System_snprintf_va__E
0080eda0   xdc_runtime_System_snprintf_va__F
0080eda0   xdc_runtime_System_vsnprintf__E
0080eda0   xdc_runtime_System_vsnprintf__F
0080edc0   xdc_runtime_Text_visitRope__I
0080ede0   ti_sysbios_heaps_HeapMem_Instance_State_0_buf__A
00810de0   ti_sysbios_knl_Task_Instance_State_0_hookEnv__A
00810de8   ti_sysbios_knl_Task_Instance_State_1_hookEnv__A
00810df0   ti_sysbios_knl_Task_Instance_State_2_hookEnv__A
00810df8   ti_sysbios_knl_Task_Instance_State_3_hookEnv__A
00810e00   ti_sysbios_knl_Task_Instance_State_4_hookEnv__A
00810e08   xdc_runtime_LoggerBuf_Instance_State_0_entryArr__A
00811208   xdc_runtime_SysMin_Module_State_0_outbuf__A
00811608   ti_sysbios_knl_Task_Instance_State_0_stack__A
00811e08   ti_sysbios_knl_Task_Instance_State_1_stack__A
00812608   ti_sysbios_knl_Task_Instance_State_2_stack__A
00812e08   ti_sysbios_knl_Task_Instance_State_3_stack__A
00813608   ti_sysbios_knl_Task_Instance_State_4_stack__A
00813e10   xdc_runtime_Text_charTab__A
00815022   ti_sysbios_BIOS_Module__id__C
008155e0   ti_sysbios_family_c66_Cache_marvalues__C
008159e0   xdc_runtime_Text_nodeTab__A
00815bd4   xdc_runtime_LoggerBuf_Module__FXNS__C
00815c10   ti_sysbios_knl_Task_Object__PARAMS__C
00815c48   xdc_runtime_Startup_sfxnTab__A
00815ca8   ti_sysbios_heaps_HeapMem_Module__FXNS__C
00815cd0   xdc_runtime_LoggerBuf_Object__PARAMS__C
00815cf8   ti_sysbios_gates_GateHwi_Module__FXNS__C
00815d1c   ti_sysbios_gates_GateMutex_Module__FXNS__C
00815d40   ti_sysbios_knl_Clock_Object__PARAMS__C
00815d64   ti_sysbios_knl_Semaphore_Object__PARAMS__C
00815d88   ti_sysbios_gates_GateHwi_Object__DESC__C
00815da8   ti_sysbios_gates_GateMutex_Object__DESC__C
00815dc8   ti_sysbios_heaps_HeapMem_Object__DESC__C
00815de8   ti_sysbios_heaps_HeapMem_Object__PARAMS__C
00815e08   ti_sysbios_knl_Clock_Object__DESC__C
00815e28   ti_sysbios_knl_Queue_Object__DESC__C
00815e48   ti_sysbios_knl_Semaphore_Object__DESC__C
00815e68   ti_sysbios_knl_Task_Object__DESC__C
00815e88   xdc_runtime_LoggerBuf_Object__DESC__C
00815ea8   xdc_runtime_Startup_sfxnRts__A
00815ec2   ti_sysbios_BIOS_clockEnabled__C
00815ec4   ti_sysbios_gates_GateHwi_Object__PARAMS__C
00815edc   ti_sysbios_gates_GateMutex_Object__PARAMS__C
00815ef4   ti_sysbios_knl_Queue_Object__PARAMS__C
00815f0c   ti_sysbios_BIOS_Module__diagsEnabled__C
00815f10   ti_sysbios_knl_Task_hooks__A
00815f42   ti_sysbios_BIOS_swiEnabled__C
00815f44   ti_sysbios_family_c66_Cache_initSize__C
00815f50   ti_sysbios_family_c64p_Hwi_hooks__C
00815f58   ti_sysbios_knl_Idle_funcList__C
00815f60   ti_sysbios_knl_Swi_hooks__C
00815f68   ti_sysbios_knl_Task_hooks__C
00815f70   xdc_runtime_Startup_firstFxns__A
00815f78   xdc_runtime_Startup_firstFxns__C
00815f80   xdc_runtime_Startup_lastFxns__C
00815f88   ti_sysbios_BIOS_Module__diagsIncluded__C
00815f8c   ti_sysbios_BIOS_Module__diagsMask__C
00815f90   ti_sysbios_BIOS_installedErrorHook__C
00815f94   ti_sysbios_family_c62_TaskSupport_stackAlignment__C
00815f98   ti_sysbios_family_c64p_Exception_E_exceptionMax__C
00815f9c   ti_sysbios_family_c64p_Exception_E_exceptionMin__C
00815fa0   ti_sysbios_family_c64p_Exception_exceptionHook__C
00815fa4   ti_sysbios_family_c64p_Exception_externalHook__C
00815fa8   ti_sysbios_family_c64p_Exception_internalHook__C
00815fac   ti_sysbios_family_c64p_Exception_nmiHook__C
00815fb0   ti_sysbios_family_c64p_Hwi_LD_end__C
00815fb4   ti_sysbios_family_c64p_Hwi_LM_begin__C
00815fb8   ti_sysbios_family_c64p_Hwi_Module__diagsEnabled__C
00815fbc   ti_sysbios_family_c64p_Hwi_Module__diagsIncluded__C
00815fc0   ti_sysbios_family_c64p_Hwi_Module__diagsMask__C
00815fc4   ti_sysbios_family_c64p_Hwi_Module__loggerFxn1__C
00815fc8   ti_sysbios_family_c64p_Hwi_Module__loggerFxn8__C
00815fcc   ti_sysbios_family_c64p_Hwi_Module__loggerObj__C
00815fd0   ti_sysbios_family_c64p_Hwi_swiDisable__C
00815fd4   ti_sysbios_family_c64p_Hwi_swiRestoreHwi__C
00815fd8   ti_sysbios_family_c64p_Hwi_taskDisable__C
00815fdc   ti_sysbios_family_c64p_Hwi_taskRestoreHwi__C
00815fe0   ti_sysbios_gates_GateMutex_A_badContext__C
00815fe4   ti_sysbios_gates_GateMutex_Instance_State_sem__O
00815fe8   ti_sysbios_gates_GateMutex_Module__diagsEnabled__C
00815fec   ti_sysbios_gates_GateMutex_Module__diagsIncluded__C
00815ff0   ti_sysbios_gates_GateMutex_Module__diagsMask__C
00815ff4   ti_sysbios_hal_Hwi_E_stackOverflow__C
00815ff8   ti_sysbios_heaps_HeapMem_A_align__C
00815ffc   ti_sysbios_heaps_HeapMem_A_heapSize__C
00816000   ti_sysbios_heaps_HeapMem_A_invalidFree__C
00816004   ti_sysbios_heaps_HeapMem_A_zeroBlock__C
00816008   ti_sysbios_heaps_HeapMem_E_memory__C
0081600c   ti_sysbios_heaps_HeapMem_Module__diagsEnabled__C
00816010   ti_sysbios_heaps_HeapMem_Module__diagsIncluded__C
00816014   ti_sysbios_heaps_HeapMem_Module__diagsMask__C
00816018   ti_sysbios_heaps_HeapMem_Module__gateObj__C
0081601c   ti_sysbios_heaps_HeapMem_Object__count__C
00816020   ti_sysbios_heaps_HeapMem_reqAlignMask__C
00816024   ti_sysbios_heaps_HeapMem_reqAlign__C
00816028   ti_sysbios_knl_Clock_A_badThreadType__C
0081602c   ti_sysbios_knl_Clock_A_clockDisabled__C
00816030   ti_sysbios_knl_Clock_LM_begin__C
00816034   ti_sysbios_knl_Clock_LM_tick__C
00816038   ti_sysbios_knl_Clock_LW_delayed__C
0081603c   ti_sysbios_knl_Clock_Module_State_clockQ__O
00816040   ti_sysbios_knl_Clock_Module__diagsEnabled__C
00816044   ti_sysbios_knl_Clock_Module__diagsIncluded__C
00816048   ti_sysbios_knl_Clock_Module__diagsMask__C
0081604c   ti_sysbios_knl_Clock_Module__loggerFxn1__C
00816050   ti_sysbios_knl_Clock_Module__loggerFxn2__C
00816054   ti_sysbios_knl_Clock_Module__loggerObj__C
00816058   ti_sysbios_knl_Clock_tickMode__C
0081605c   ti_sysbios_knl_Clock_tickSource__C
00816060   ti_sysbios_knl_Idle_funcList__A
00816064   ti_sysbios_knl_Semaphore_A_badContext__C
00816068   ti_sysbios_knl_Semaphore_A_noEvents__C
0081606c   ti_sysbios_knl_Semaphore_A_overflow__C
00816070   ti_sysbios_knl_Semaphore_Instance_State_pendQ__O
00816074   ti_sysbios_knl_Semaphore_LM_pend__C
00816078   ti_sysbios_knl_Semaphore_LM_post__C
0081607c   ti_sysbios_knl_Semaphore_Module__diagsEnabled__C
00816080   ti_sysbios_knl_Semaphore_Module__diagsIncluded__C
00816084   ti_sysbios_knl_Semaphore_Module__diagsMask__C
00816088   ti_sysbios_knl_Semaphore_Module__loggerFxn2__C
0081608c   ti_sysbios_knl_Semaphore_Module__loggerFxn4__C
00816090   ti_sysbios_knl_Semaphore_Module__loggerObj__C
00816094   ti_sysbios_knl_Semaphore_eventPost__C
00816098   ti_sysbios_knl_Semaphore_eventSync__C
0081609c   ti_sysbios_knl_Swi_LD_end__C
008160a0   ti_sysbios_knl_Swi_LM_begin__C
008160a4   ti_sysbios_knl_Swi_LM_post__C
008160a8   ti_sysbios_knl_Swi_Module__diagsEnabled__C
008160ac   ti_sysbios_knl_Swi_Module__diagsIncluded__C
008160b0   ti_sysbios_knl_Swi_Module__diagsMask__C
008160b4   ti_sysbios_knl_Swi_Module__loggerFxn1__C
008160b8   ti_sysbios_knl_Swi_Module__loggerFxn4__C
008160bc   ti_sysbios_knl_Swi_Module__loggerObj__C
008160c0   ti_sysbios_knl_Swi_Object__count__C
008160c4   ti_sysbios_knl_Swi_numConstructedSwis__C
008160c8   ti_sysbios_knl_Swi_taskDisable__C
008160cc   ti_sysbios_knl_Swi_taskRestore__C
008160d0   ti_sysbios_knl_Task_A_badPriority__C
008160d4   ti_sysbios_knl_Task_A_badTaskState__C
008160d8   ti_sysbios_knl_Task_A_badThreadType__C
008160dc   ti_sysbios_knl_Task_A_badTimeout__C
008160e0   ti_sysbios_knl_Task_A_noPendElem__C
008160e4   ti_sysbios_knl_Task_A_taskDisabled__C
008160e8   ti_sysbios_knl_Task_E_spOutOfBounds__C
008160ec   ti_sysbios_knl_Task_E_stackOverflow__C
008160f0   ti_sysbios_knl_Task_LD_block__C
008160f4   ti_sysbios_knl_Task_LD_exit__C
008160f8   ti_sysbios_knl_Task_LD_ready__C
008160fc   ti_sysbios_knl_Task_LM_sleep__C
00816100   ti_sysbios_knl_Task_LM_switch__C
00816104   ti_sysbios_knl_Task_Module_State_inactiveQ__O
00816108   ti_sysbios_knl_Task_Module_State_terminatedQ__O
0081610c   ti_sysbios_knl_Task_Module__diagsEnabled__C
00816110   ti_sysbios_knl_Task_Module__diagsIncluded__C
00816114   ti_sysbios_knl_Task_Module__diagsMask__C
00816118   ti_sysbios_knl_Task_Module__loggerFxn2__C
0081611c   ti_sysbios_knl_Task_Module__loggerFxn4__C
00816120   ti_sysbios_knl_Task_Module__loggerObj__C
00816124   ti_sysbios_knl_Task_Object__count__C
00816128   ti_sysbios_knl_Task_Object__heap__C
0081612c   ti_sysbios_knl_Task_allBlockedFunc__C
00816130   ti_sysbios_knl_Task_defaultStackHeap__C
00816134   ti_sysbios_knl_Task_defaultStackSize__C
00816138   ti_sysbios_knl_Task_numConstructedTasks__C
0081613c   ti_sysbios_knl_Task_numPriorities__C
00816140   ti_sysbios_timers_timer64_Timer_A_notAvailable__C
00816144   ti_sysbios_timers_timer64_Timer_E_cannotSupport__C
00816148   ti_sysbios_timers_timer64_Timer_Module__diagsEnabled__C
0081614c   ti_sysbios_timers_timer64_Timer_Module__diagsIncluded__C
00816150   ti_sysbios_timers_timer64_Timer_Module__diagsMask__C
00816154   ti_sysbios_timers_timer64_Timer_anyMask__C
00816158   ti_sysbios_timers_timer64_Timer_freqDivisor__C
0081615c   ti_sysbios_timers_timer64_Timer_numLocalTimers__C
00816160   ti_sysbios_timers_timer64_Timer_numTimerDevices__C
00816164   xdc_runtime_Assert_E_assertFailed__C
00816168   xdc_runtime_Core_A_initializedParams__C
0081616c   xdc_runtime_Core_Module__diagsEnabled__C
00816170   xdc_runtime_Core_Module__diagsIncluded__C
00816174   xdc_runtime_Core_Module__diagsMask__C
00816178   xdc_runtime_Error_E_memory__C
0081617c   xdc_runtime_Error_Module__diagsEnabled__C
00816180   xdc_runtime_Error_Module__diagsIncluded__C
00816184   xdc_runtime_Error_Module__diagsMask__C
00816188   xdc_runtime_Error_Module__loggerFxn8__C
0081618c   xdc_runtime_Error_Module__loggerObj__C
00816190   xdc_runtime_Error_policy__C
00816194   xdc_runtime_Error_raiseHook__C
00816198   xdc_runtime_IFilterLogger_Interface__BASE__C
0081619c   xdc_runtime_IGateProvider_Interface__BASE__C
008161a0   xdc_runtime_IHeap_Interface__BASE__C
008161a4   xdc_runtime_ILogger_Interface__BASE__C
008161a8   xdc_runtime_IModule_Interface__BASE__C
008161ac   xdc_runtime_Log_L_error__C
008161b0   xdc_runtime_LoggerBuf_E_badLevel__C
008161b4   xdc_runtime_LoggerBuf_Module__gateObj__C
008161b8   xdc_runtime_LoggerBuf_Object__count__C
008161bc   xdc_runtime_LoggerBuf_statusLogger__C
008161c0   xdc_runtime_Memory_defaultHeapInstance__C
008161c4   xdc_runtime_Startup_execImpl__C
008161c8   xdc_runtime_Startup_lastFxns__A
008161cc   xdc_runtime_Startup_maxPasses__C
008161d0   xdc_runtime_Startup_sfxnRts__C
008161d4   xdc_runtime_Startup_sfxnTab__C
008161d8   xdc_runtime_SysMin_bufSize__C
008161dc   xdc_runtime_SysMin_outputFunc__C
008161e0   xdc_runtime_System_Module__gateObj__C
008161e4   xdc_runtime_System_extendFxn__C
008161e8   xdc_runtime_System_maxAtexitHandlers__C
008161ec   xdc_runtime_Text_charTab__C
008161f0   xdc_runtime_Text_nameEmpty__C
008161f4   xdc_runtime_Text_nameStatic__C
008161f8   xdc_runtime_Text_nameUnknown__C
008161fc   xdc_runtime_Text_nodeTab__C
00816200   xdc_runtime_Text_visitRopeFxn__C
00816204   ti_sysbios_BIOS_taskEnabled__C
00816206   ti_sysbios_family_c64p_Exception_Module__id__C
00816208   ti_sysbios_family_c64p_Exception_enableExternalMPC__C
0081620a   ti_sysbios_family_c64p_Exception_enablePrint__C
0081620c   ti_sysbios_family_c64p_Hwi_Module__id__C
0081620e   ti_sysbios_family_c64p_Hwi_Module__loggerDefined__C
00816210   ti_sysbios_family_c64p_Hwi_dispatcherAutoNestingSupport__C
00816212   ti_sysbios_family_c64p_Hwi_dispatcherIrpTrackingSupport__C
00816214   ti_sysbios_family_c64p_Hwi_dispatcherSwiSupport__C
00816216   ti_sysbios_family_c64p_Hwi_dispatcherTaskSupport__C
00816218   ti_sysbios_gates_GateMutex_Module__id__C
0081621a   ti_sysbios_hal_Hwi_Module__id__C
0081621c   ti_sysbios_heaps_HeapMem_Module__id__C
0081621e   ti_sysbios_knl_Clock_Module__id__C
00816220   ti_sysbios_knl_Clock_Module__loggerDefined__C
00816222   ti_sysbios_knl_Semaphore_Module__id__C
00816224   ti_sysbios_knl_Semaphore_Module__loggerDefined__C
00816226   ti_sysbios_knl_Semaphore_supportsEvents__C
00816228   ti_sysbios_knl_Swi_Module__id__C
0081622a   ti_sysbios_knl_Swi_Module__loggerDefined__C
0081622c   ti_sysbios_knl_Task_Module__id__C
0081622e   ti_sysbios_knl_Task_Module__loggerDefined__C
00816230   ti_sysbios_knl_Task_deleteTerminatedTasks__C
00816232   ti_sysbios_knl_Task_initStackFlag__C
00816234   ti_sysbios_timers_timer64_Timer_Module__id__C
00816236   ti_sysbios_timers_timer64_Timer_startupNeeded__C
00816238   xdc_runtime_Core_Module__id__C
0081623a   xdc_runtime_Error_Module__loggerDefined__C
0081623c   xdc_runtime_Error_maxDepth__C
0081623e   xdc_runtime_LoggerBuf_Module__id__C
00816240   xdc_runtime_LoggerBuf_filterByLevel__C
00816242   xdc_runtime_Memory_Module__id__C
00816244   xdc_runtime_SysMin_flushAtExit__C
00816246   xdc_runtime_Text_charCnt__C
00816248   xdc_runtime_Text_isLoaded__C
0081624a   xdc_runtime_Text_registryModsLastId__C
0081624c   xdc_runtime_Text_unnamedModsLastId__C
00816250   _stack
00817250   __TI_STACK_END
00817250   ti_sysbios_BIOS_Module__state__V
0081726c   ti_sysbios_family_c64p_Exception_Module__state__V
00817298   ti_sysbios_family_c64p_Hwi_Module__root__V
008172a0   ti_sysbios_family_c64p_Hwi_Module__state__V
00817308   ti_sysbios_gates_GateHwi_Module__root__V
00817310   ti_sysbios_gates_GateMutex_Module__root__V
00817318   ti_sysbios_hal_Hwi_Module__root__V
00817320   ti_sysbios_hal_Timer_Module__root__V
00817328   ti_sysbios_heaps_HeapMem_Module__root__V
00817330   ti_sysbios_knl_Clock_Module__root__V
00817338   ti_sysbios_knl_Clock_Module__state__V
00817364   ti_sysbios_knl_Queue_Module__root__V
0081736c   ti_sysbios_knl_Semaphore_Module__root__V
00817374   ti_sysbios_knl_Swi_Module__root__V
0081737c   ti_sysbios_knl_Swi_Module__state__V
00817398   ti_sysbios_knl_Task_Module__root__V
008173a0   ti_sysbios_knl_Task_Module__state__V
008173d4   ti_sysbios_timers_timer64_Timer_Module__root__V
008173dc   ti_sysbios_timers_timer64_Timer_Module__state__V
008173f0   xdc_runtime_Error_Module__state__V
008173f4   xdc_runtime_LoggerBuf_Module__root__V
008173fc   xdc_runtime_LoggerBuf_Module__state__V
00817404   xdc_runtime_Memory_Module__state__V
00817408   xdc_runtime_Registry_Module__state__V
00817410   xdc_runtime_Startup_Module__state__V
00817418   xdc_runtime_SysMin_Module__state__V
00817424   xdc_runtime_System_Module__state__V
00817430   xdc_runtime_Text_Module__state__V
00817438   __xdc__init__addr
00817440   ti_sysbios_knl_Task_Object__table__V
00817550   TSK_idle
00817598   ti_sysbios_timers_timer64_Timer_Module_State_0_device__A
00817658   ti_sysbios_knl_Swi_Module_State_0_readyQ__A
008176d8   ti_sysbios_knl_Task_Module_State_0_readyQ__A
00817758   ti_sysbios_timers_timer64_Timer_Object__table__V
008177a8   ti_sysbios_gates_GateMutex_Object__table__V
008177e8   ti_sysbios_timers_timer64_Timer_Module_State_0_gctrl__A
00817828   ti_sysbios_timers_timer64_Timer_Module_State_0_handles__A
00817868   ti_sysbios_timers_timer64_Timer_Module_State_0_intFreqs__A
008178a8   ti_sysbios_knl_Swi_Object__table__V
008178d8   xdc_runtime_LoggerBuf_Object__table__V
00817900   xdc_runtime_System_Module_State_0_atexitHandlers__A
00817920   ti_sysbios_family_c64p_Hwi_Object__table__V
00817938   ti_sysbios_heaps_HeapMem_Object__table__V
00817950   ti_sysbios_knl_Queue_Object__table__V
00817960   _cleanup_ptr
00817964   _dtors_ptr
00817968   __TI_enable_exit_profile_output
0081796c   _lock
00817970   _unlock
00817978   ti_sysbios_hal_Hwi_Object__table__V
00817980   ti_sysbios_hal_Timer_Object__table__V
00817988   ti_sysbios_gates_GateHwi_Object__table__V
00817990   __CIOBUF_
00817c00   ti_sysbios_family_c64p_Hwi0
00817c20   ti_sysbios_family_c64p_Hwi1
00817c40   ti_sysbios_family_c64p_Hwi2
00817c60   ti_sysbios_family_c64p_Hwi3
00817c80   ti_sysbios_family_c64p_Hwi4
00817ca0   ti_sysbios_family_c64p_Hwi5
00817cc0   ti_sysbios_family_c64p_Hwi6
00817ce0   ti_sysbios_family_c64p_Hwi7
00817d00   ti_sysbios_family_c64p_Hwi8
00817d20   ti_sysbios_family_c64p_Hwi9
00817d40   ti_sysbios_family_c64p_Hwi10
00817d60   ti_sysbios_family_c64p_Hwi11
00817d80   ti_sysbios_family_c64p_Hwi12
00817da0   ti_sysbios_family_c64p_Hwi13
00817dc0   ti_sysbios_family_c64p_Hwi14
00817de0   ti_sysbios_family_c64p_Hwi15
00818544   __TI_Handler_Table_Base
00818550   __TI_Handler_Table_Limit
00818558   __TI_CINIT_Base
00818568   __TI_CINIT_Limit
ffffffff   __TI_pprof_out_hndl
ffffffff   __TI_prof_data_size
ffffffff   __TI_prof_data_start
ffffffff   __binit__
ffffffff   __c_args__
ffffffff   binit
UNDEFED    __TI_INITARRAY_Base
UNDEFED    __TI_INITARRAY_Limit
UNDEFED    reader
UNDEFED    writer

[713 symbols]
