******************************************************************************
               TMS320C6x Linker PC v7.4.12                     
******************************************************************************
>> Linked Thu Nov 19 15:58:17 2015

OUTPUT FILE NAME:   <myDeblurring_WIT.out>
ENTRY POINT SYMBOL: "_c_int00"  address: 0080c620


MEMORY CONFIGURATION

         name            origin    length      used     unused   attr    fill
----------------------  --------  ---------  --------  --------  ----  --------
  VECTORS_RAM           00800000   00000400  00000000  00000400  RWIX
  L2SRAM                00800400   000ffc00  0002129c  000de964  RWIX
  MSMCSRAM              0c000000   00100000  00030040  000cffc0  RWIX


SEGMENT ALLOCATION MAP

run origin  load origin   length   init length attrs members
----------  ----------- ---------- ----------- ----- -------
00800400    00800400    0000c9e0   0000c9e0    r-x
  00800400    00800400    0000c9e0   0000c9e0    r-x .text
0080cde0    0080cde0    00013800   00000000    rw-
  0080cde0    0080cde0    00008000   00000000    rw- .stack
  00814de0    00814de0    00007800   00000000    rw- .sysmem
  0081c5e0    0081c5e0    00004000   00000000    rw- C1PL
008205e0    008205e0    000006e8   00000398    rw-
  008205e0    008205e0    00000398   00000398    rw- .fardata
  00820978    00820978    00000350   00000000    rw- .far
00820cc8    00820cc8    000001f8   000001f8    r--
  00820cc8    00820cc8    000001f8   000001f8    r-- .const
00820ec0    00820ec0    00000120   00000000    rw-
  00820ec0    00820ec0    00000120   00000000    rw- .cio
00821000    00821000    00000354   00000354    r-x
  00821000    00821000    00000200   00000200    r-x .csl_vect
  00821200    00821200    00000154   00000154    r-- .switch
00821358    00821358    00000100   00000000    rw-
  00821358    00821358    00000100   00000000    rw- .testMem
00821458    00821458    000000e4   000000e4    rw-
  00821458    00821458    00000080   00000080    rw- .bss
  008214d8    008214d8    00000064   00000064    rw- .neardata
0082153c    0082153c    00000184   00000184    r--
  0082153c    0082153c    00000184   00000184    r-- .cinit
0c000000    0c000000    00030040   00000000    rw-
  0c000000    0c000000    00030040   00000000    rw- .L2_buffers


SECTION ALLOCATION MAP

 output                                  attributes/
section   page    origin      length       input sections
--------  ----  ----------  ----------   ----------------
.text      0    00800400    0000c9e0     
                  00800400    00002140     upp_common.obj (.text)
                  00802540    00000f20     KeyStone_common.obj (.text)
                  00803460    000008e0     Implement_WIT.obj (.text)
                  00803d40    000005c0     rts6600_elf.lib : divd.obj (.text:__c6xabi_divd)
                  00804300    000005c0                     : _printfi.obj (.text:_getarg_diouxp)
                  008048c0    000005a0     ti.csl.ae66 : csl_edma3HwChannelControl.oe66 (.text:csl_section:edma3:CSL_edma3HwChannelControl)
                  00804e60    00000520     rts6600_elf.lib : _printfi.obj (.text:_setfield)
                  00805380    00000500     Init.obj (.text)
                  00805880    000004e0     ti.csl.ae66 : csl_edma3HwControl.oe66 (.text:csl_section:edma3:CSL_edma3HwControl)
                  00805d60    00000460     rts6600_elf.lib : _printfi.obj (.text:_printfi)
                  008061c0    000003c0     ti.csl.intc.ae66 : csl_intcHwControl.oe66 (.text:csl_section:intc:CSL_intcHwControl)
                  00806580    000003a0     rts6600_elf.lib : fputs.obj (.text:fputs)
                  00806920    00000320                     : _printfi.obj (.text:_pproc_fge)
                  00806c40    000002e0                     : _printfi.obj (.text:_pproc_fwp)
                  00806f20    000002e0     ti.csl.ae66 : csl_edma3GetHwStatus.oe66 (.text:csl_section:edma3:CSL_edma3GetHwStatus)
                  00807200    000002a0     rts6600_elf.lib : _printfi.obj (.text:fcvt)
                  008074a0    00000280                     : _printfi.obj (.text:ecvt)
                  00807720    00000280                     : memory.obj (.text:free)
                  008079a0    00000240                     : imath64.obj (.text:__c6xabi_divull)
                  00807be0    00000240                     : _printfi.obj (.text:_pconv_e)
                  00807e20    00000240                     : _printfi.obj (.text:_pproc_diouxp)
                  00808060    00000220                     : _printfi.obj (.text:_pproc_str)
                  00808280    00000220     ti.csl.intc.ae66 : csl_intcOpen.oe66 (.text:csl_section:intc:CSL_intcOpen)
                  008084a0    00000220                      : _csl_intcCombEventDispatcher.oe66 (.text:csl_section:intc:_CSL_intcEvent0Dispatcher)
                  008086c0    00000220                      : _csl_intcCombEventDispatcher.oe66 (.text:csl_section:intc:_CSL_intcEvent1Dispatcher)
                  008088e0    00000220                      : _csl_intcCombEventDispatcher.oe66 (.text:csl_section:intc:_CSL_intcEvent2Dispatcher)
                  00808b00    00000220                      : _csl_intcCombEventDispatcher.oe66 (.text:csl_section:intc:_CSL_intcEvent3Dispatcher)
                  00808d20    00000220     rts6600_elf.lib : fputc.obj (.text:fputc)
                  00808f40    00000200                     : _printfi.obj (.text:_pconv_g)
                  00809140    00000200                     : setvbuf.obj (.text:setvbuf)
                  00809340    000001e0     ti.csl.intc.ae66 : _csl_intcDispatcher.oe66 (.text:csl_section:intc:_CSL_intcDispatcher)
                  00809520    000001c0     rts6600_elf.lib : _printfi.obj (.text:_mcpy)
                  008096e0    000001a0                     : trgdrv.obj (.text:HOSTrename)
                  00809880    000001a0                     : imath40.obj (.text:__c6xabi_divul)
                  00809a20    00000180                     : copy_decompress_rle.obj (.text:__TI_decompress_rle_core)
                  00809ba0    00000180     edmaIntDispatcher.obj (.text)
                  00809d20    00000180     rts6600_elf.lib : memory.obj (.text:malloc)
                  00809ea0    00000140     ti.csl.ae66 : csl_chip.oe66 (.text:CSL_chipReadReg)
                  00809fe0    00000140     rts6600_elf.lib : _printfi.obj (.text:_pproc_fflags)
                  0080a120    00000140     ti.csl.intc.ae66 : csl_intcInit.oe66 (.text:csl_section:intc:CSL_intcInit)
                  0080a260    00000140                      : _csl_intcIntrEnDisRes.oe66 (.text:csl_section:intc)
                  0080a3a0    00000140     rts6600_elf.lib : lowlev.obj (.text:getdevice)
                  0080a4e0    00000120                     : fclose.obj (.text:_closefile)
                  0080a600    00000120                     : _printfi.obj (.text:_ltostr)
                  0080a720    00000120     ti.csl.ae66 : csl_edma3ChannelOpen.oe66 (.text:csl_section:edma3:CSL_edma3ChannelOpen)
                  0080a840    00000120     rts6600_elf.lib : fseek.obj (.text:fseek)
                  0080a960    00000100                     : trgdrv.obj (.text:HOSTlseek)
                  0080aa60    00000100                     : autoinit.obj (.text:_auto_init_elf)
                  0080ab60    00000100                     : _io_perm.obj (.text:_wrt_ok)
                  0080ac60    00000100                     : cpy_tbl.obj (.text:copy_in)
                  0080ad60    000000e0                     : trgdrv.obj (.text:HOSTopen)
                  0080ae40    000000e0                     : trgdrv.obj (.text:HOSTread)
                  0080af20    000000e0                     : divi.obj (.text:__divi)
                  0080b000    000000e0                     : _printfi.obj (.text:_div)
                  0080b0e0    000000e0                     : atoi.obj (.text:atoi)
                  0080b1c0    000000e0                     : lowlev.obj (.text:close)
                  0080b2a0    000000e0                     : copy_zero_init.obj (.text:decompress:ZI:__TI_zero_init)
                  0080b380    000000e0                     : ltoa.obj (.text:ltoa)
                  0080b460    000000e0                     : memset.obj (.text:memset)
                  0080b540    000000e0                     : printf.obj (.text:printf)
                  0080b620    000000c0                     : trgdrv.obj (.text:HOSTunlink)
                  0080b6e0    000000c0                     : trgdrv.obj (.text:HOSTwrite)
                  0080b7a0    000000c0                     : divu.obj (.text:__divu)
                  0080b860    000000c0                     : fflush.obj (.text:_doflush)
                  0080b920    000000c0     ti.csl.ae66 : csl_edma3HwChannelSetup.oe66 (.text:csl_section:edma3:CSL_edma3HwChannelSetupQue)
                  0080b9e0    000000c0                 : csl_edma3Open.oe66 (.text:csl_section:edma3:CSL_edma3Open)
                  0080baa0    000000c0     ti.csl.intc.ae66 : csl_intcPlugEventHandler.oe66 (.text:csl_section:intc:CSL_intcPlugEventHandler)
                  0080bb60    000000c0     rts6600_elf.lib : exit.obj (.text:exit)
                  0080bc20    000000c0                     : tls.obj (.text:tls:init:__TI_tls_init)
                  0080bce0    000000a0                     : trgdrv.obj (.text:HOSTclose)
                  0080bd80    000000a0                     : fopen.obj (.text:_cleanup)
                  0080be20    000000a0                     : _printfi.obj (.text:_ecpy)
                  0080bec0    000000a0                     : _printfi.obj (.text:_fcpy)
                  0080bf60    000000a0                     : memory.obj (.text:_minit)
                  0080c000    000000a0                     : _printfi.obj (.text:_pconv_f)
                  0080c0a0    000000a0     ti.csl.ae66 : csl_edma3HwChannelSetup.oe66 (.text:csl_section:edma3:CSL_edma3HwChannelSetupParam)
                  0080c140    000000a0                 : csl_edma3Param.oe66 (.text:csl_section:edma3:CSL_edma3ParamSetup)
                  0080c1e0    000000a0     rts6600_elf.lib : lowlev.obj (.text:finddevice)
                  0080c280    000000a0                     : lowlev.obj (.text:lseek)
                  0080c320    000000a0                     : memcpy64.obj (.text:memcpy)
                  0080c3c0    000000a0                     : memory.obj (.text:minsert)
                  0080c460    000000a0                     : memory.obj (.text:mremove)
                  0080c500    000000a0                     : lowlev.obj (.text:write)
                  0080c5a0    00000080                     : llshift.obj (.text:__c6xabi_llshl)
                  0080c620    00000080                     : boot.obj (.text:_c_int00)
                  0080c6a0    00000080     ti.csl.ae66 : csl_edma3Param.oe66 (.text:csl_section:edma3:CSL_edma3GetParamHandle)
                  0080c720    00000080     rts6600_elf.lib : trgmsg.obj (.text:readmsg)
                  0080c7a0    00000080                     : lowlev.obj (.text:unlink)
                  0080c820    00000060     Intc_ISR.obj (.text)
                  0080c880    00000060     rts6600_elf.lib : cpp_init.obj (.text:__TI_cpp_init)
                  0080c8e0    00000060                     : frcmpyd_div.obj (.text:__c6xabi_frcmpyd_div)
                  0080c940    00000060                     : llshift.obj (.text:__c6xabi_llshru)
                  0080c9a0    00000060                     : imath64.obj (.text:_subcull)
                  0080ca00    00000060     ti.csl.ae66 : csl_edma3GetBaseAddress.oe66 (.text:csl_section:edma:CSL_edma3ccGetModuleBaseAddr)
                  0080ca60    00000060     rts6600_elf.lib : memccpy.obj (.text:memccpy)
                  0080cac0    00000060                     : trgmsg.obj (.text:writemsg)
                  0080cb20    00000040     ti.csl.ae66 : csl_cpIntcGetBaseAddress.oe66 (.text:CSL_CPINTC_open)
                  0080cb60    00000040     rts6600_elf.lib : isinf.obj (.text:__c6xabi_isinf)
                  0080cba0    00000040                     : _printfi.obj (.text:__c6xabi_isnan)
                  0080cbe0    00000040                     : strasg.obj (.text:__strasgi_64plus)
                  0080cc20    00000040                     : args_main.obj (.text:_args_main)
                  0080cc60    00000040     main.obj (.text)
                  0080cca0    00000020     rts6600_elf.lib : negll.obj (.text:__c6xabi_negll)
                  0080ccc0    00000020                     : _lock.obj (.text:_nop)
                  0080cce0    00000020                     : printf.obj (.text:_outc)
                  0080cd00    00000020                     : printf.obj (.text:_outs)
                  0080cd20    00000020                     : exit.obj (.text:abort)
                  0080cd40    00000020     ti.csl.ae66 : csl_edma3Init.oe66 (.text:csl_section:edma3:CSL_edma3Init)
                  0080cd60    00000020     ti.csl.intc.ae66 : csl_intcHookIsr.oe66 (.text:csl_section:intc:CSL_intcHookIsr)
                  0080cd80    00000020                      : _csl_intcNmiDummy.oe66 (.text:csl_section:intc)
                  0080cda0    00000020     rts6600_elf.lib : copy_decompress_none.obj (.text:decompress:none:__TI_decompress_none)
                  0080cdc0    00000020                     : copy_decompress_rle.obj (.text:decompress:rle24:__TI_decompress_rle24)

.stack     0    0080cde0    00008000     UNINITIALIZED
                  0080cde0    00000008     rts6600_elf.lib : boot.obj (.stack)
                  0080cde8    00007ff8     --HOLE--

.sysmem    0    00814de0    00007800     UNINITIALIZED
                  00814de0    00000008     rts6600_elf.lib : memory.obj (.sysmem)
                  00814de8    000077f8     --HOLE--

C1PL       0    0081c5e0    00004000     UNINITIALIZED
                  0081c5e0    00004000     main.obj (C1PL)

.fardata   0    008205e0    00000398     
                  008205e0    000001e0     rts6600_elf.lib : defs.obj (.fardata:_ftable)
                  008207c0    000000a0                     : lowlev.obj (.fardata:_stream)
                  00820860    00000078                     : lowlev.obj (.fardata:_device)
                  008208d8    0000006c     upp_common.obj (.fardata)
                  00820944    00000004     rts6600_elf.lib : defs.obj (.fardata)
                  00820948    00000010     KeyStone_common.obj (.fardata:mem_prot_key)
                  00820958    0000000c     rts6600_elf.lib : exit.obj (.fardata)
                  00820964    0000000c                     : memory.obj (.fardata)
                  00820970    00000008                     : _lock.obj (.fardata)

.far       0    00820978    00000350     UNINITIALIZED
                  00820978    00000204     Init.obj (.far)
                  00820b7c    00000004     --HOLE--
                  00820b80    00000140     rts6600_elf.lib : defs.obj (.far)
                  00820cc0    00000008                     : trgdrv.obj (.far)

.const     0    00820cc8    000001f8     
                  00820cc8    00000101     rts6600_elf.lib : ctype.obj (.const:.string:_ctypes_)
                  00820dc9    00000003     --HOLE-- [fill = 0]
                  00820dcc    00000058     KeyStone_common.obj (.const:.string)
                  00820e24    00000024     Implement_WIT.obj (.const:.string)
                  00820e48    00000023     rts6600_elf.lib : _printfi.obj (.const:.string)
                  00820e6b    00000005     --HOLE-- [fill = 0]
                  00820e70    00000020     upp_common.obj (.const:$P$T1$2)
                  00820e90    00000020     Init.obj (.const:.string)
                  00820eb0    00000010     upp_common.obj (.const:$P$T0$1)

.cio       0    00820ec0    00000120     UNINITIALIZED
                  00820ec0    00000120     rts6600_elf.lib : trgmsg.obj (.cio)

.csl_vect 
*          0    00821000    00000200     
                  00821000    00000200     ti.csl.intc.ae66 : _csl_intcIsrDispatch.oe66 (.csl_vect)

.switch    0    00821200    00000154     
                  00821200    00000070     ti.csl.ae66 : csl_chip.oe66 (.switch:CSL_chipReadReg)
                  00821270    00000048     upp_common.obj (.switch:upp_config)
                  008212b8    0000003c     ti.csl.ae66 : csl_edma3HwControl.oe66 (.switch:CSL_edma3HwControl)
                  008212f4    00000020                 : csl_edma3GetHwStatus.oe66 (.switch:CSL_edma3GetHwStatus)
                  00821314    0000001c     ti.csl.intc.ae66 : csl_intcHwControl.oe66 (.switch:CSL_intcHwControl)
                  00821330    00000014     ti.csl.ae66 : csl_edma3HwChannelControl.oe66 (.switch:CSL_edma3HwChannelControl)
                  00821344    00000010     ti.csl.intc.ae66 : csl_intcOpen.oe66 (.switch:CSL_intcOpen)

.testMem   0    00821358    00000100     UNINITIALIZED
                  00821358    00000100     edmaIntDispatcher.obj (.testMem)

.bss       0    00821458    00000080     
                  00821458    0000004c     ti.csl.intc.ae66 : _csl_intcResource.oe66 (.bss:csl_section:intc:uninit) [fill = 0]
                  008214a4    00000020     Init.obj (.bss) [fill = 0]
                  008214c4    0000000c     main.obj (.bss) [fill = 0]
                  008214d0    00000008     ti.csl.intc.ae66 : _csl_intcResource.oe66 (.bss:csl_section:intc:init)

.neardata 
*          0    008214d8    00000064     
                  008214d8    00000050     KeyStone_common.obj (.neardata)
                  00821528    0000000e     Implement_WIT.obj (.neardata)
                  00821536    00000002     --HOLE--
                  00821538    00000004     Init.obj (.neardata)

.cinit     0    0082153c    00000184     
                  0082153c    000000b4     (.cinit..fardata.load) [load image, compression = rle]
                  008215f0    0000005f     (.cinit..neardata.load) [load image, compression = rle]
                  0082164f    00000001     --HOLE-- [fill = 0]
                  00821650    0000000c     (__TI_handler_table)
                  0082165c    00000009     (.cinit..bss.load) [load image, compression = rle]
                  00821665    00000003     --HOLE-- [fill = 0]
                  00821668    00000008     (.cinit..L2_buffers.load) [load image, compression = zero_init]
                  00821670    00000008     (.cinit..far.load) [load image, compression = zero_init]
                  00821678    00000008     (.cinit..testMem.load) [load image, compression = zero_init]
                  00821680    00000008     (.cinit.C1PL.load) [load image, compression = zero_init]
                  00821688    00000038     (__TI_cinit_table)

.L2_buffers 
*          0    0c000000    00030040     UNINITIALIZED
                  0c000000    00030040     Implement_WIT.obj (.L2_buffers)


LINKER GENERATED COPY TABLES

__TI_cinit_table @ 00821688 records: 7, size/record: 8, table size: 56
	.fardata: load addr=0082153c, load size=000000b4 bytes, run addr=008205e0, run size=00000398 bytes, compression=rle
	.neardata: load addr=008215f0, load size=0000005f bytes, run addr=008214d8, run size=00000064 bytes, compression=rle
	.bss: load addr=0082165c, load size=00000009 bytes, run addr=00821458, run size=00000080 bytes, compression=rle
	.L2_buffers: load addr=00821668, load size=00000008 bytes, run addr=0c000000, run size=00030040 bytes, compression=zero_init
	.far: load addr=00821670, load size=00000008 bytes, run addr=00820978, run size=00000350 bytes, compression=zero_init
	.testMem: load addr=00821678, load size=00000008 bytes, run addr=00821358, run size=00000100 bytes, compression=zero_init
	C1PL: load addr=00821680, load size=00000008 bytes, run addr=0081c5e0, run size=00004000 bytes, compression=zero_init


LINKER GENERATED HANDLER TABLE

__TI_handler_table @ 00821650 records: 3, size/record: 4, table size: 12
	index: 0, handler: __TI_decompress_rle24
	index: 1, handler: __TI_decompress_none
	index: 2, handler: __TI_zero_init


GLOBAL SYMBOLS: SORTED ALPHABETICALLY BY Name 

address    name
--------   ----
0080cd20   C$$EXIT
0080cb18   C$$IO$$
008214dc   CGEM_regs
0080cb20   CSL_CPINTC_open
00809ea0   CSL_chipReadReg
0080a720   CSL_edma3ChannelOpen
00806f20   CSL_edma3GetHwStatus
0080c6a0   CSL_edma3GetParamHandle
008048c0   CSL_edma3HwChannelControl
0080c0a0   CSL_edma3HwChannelSetupParam
0080b920   CSL_edma3HwChannelSetupQue
00805880   CSL_edma3HwControl
0080cd40   CSL_edma3Init
0080b9e0   CSL_edma3Open
0080c140   CSL_edma3ParamSetup
0080ca00   CSL_edma3ccGetModuleBaseAddr
0080a318   CSL_intcGlobalDisable
0080a2f8   CSL_intcGlobalEnable
0080a38c   CSL_intcGlobalExcepClear
0080a364   CSL_intcGlobalExcepEnable
0080a378   CSL_intcGlobalExtExcepEnable
0080a350   CSL_intcGlobalNmiEnable
0080a338   CSL_intcGlobalRestore
0080cd60   CSL_intcHookIsr
008061c0   CSL_intcHwControl
0080a120   CSL_intcInit
0080a2b0   CSL_intcInterruptClear
0080a290   CSL_intcInterruptDisable
0080a270   CSL_intcInterruptEnable
0080a2cc   CSL_intcInterruptRestore
0080a2c0   CSL_intcInterruptSet
00808280   CSL_intcOpen
0080baa0   CSL_intcPlugEventHandler
0080a2e4   CSL_intcQueryInterruptStatus
00820b54   ChObjImgRec
00805714   EDMAInit
00809ce8   EdmaEventHook
00820a10   EventHandler_uPP
00820b18   EventRecord_uPP
0080bce0   HOSTclose
0080a960   HOSTlseek
0080ad60   HOSTopen
0080ae40   HOSTread
008096e0   HOSTrename
0080b620   HOSTunlink
0080b6e0   HOSTwrite
0080c844   HandleGPIO7RecImg_INT
0080c820   ImgEDMARecCompleted_INT
00805514   IntcInit
00802a8c   KeyStone_DDR_PLL_init
00802e90   KeyStone_L1_cfg
00802f88   KeyStone_L2_cfg
00802be0   KeyStone_PA_PLL_init
00802dd0   KeyStone_XM_cfg
00802780   KeyStone_main_PLL_init
00803400   Keystone_disable_PSC_Power_Domain
008033a8   Keystone_disable_PSC_module
00803338   Keystone_enable_PSC_module
00821528   RecFlag
0082152a   SendFlag
00821358   TccHandlerTable
008214d8   XMC_regs
008214d0   _CSL_intcAllocMask
00821458   _CSL_intcCpuIntrTable
00809340   _CSL_intcDispatcher
008084a0   _CSL_intcEvent0Dispatcher
008086c0   _CSL_intcEvent1Dispatcher
008088e0   _CSL_intcEvent2Dispatcher
00808b00   _CSL_intcEvent3Dispatcher
008214a0   _CSL_intcEventHandlerRecord
008214d4   _CSL_intcEventOffsetMap
0080a260   _CSL_intcIvpSet
0080cd80   _CSL_intcNmiDummy
0082149c   _CSL_intcNumEvents
00821000   _CSL_intcVectorTable
00820ec0   __CIOBUF_
00821688   __TI_CINIT_Base
008216c0   __TI_CINIT_Limit
00821650   __TI_Handler_Table_Base
0082165c   __TI_Handler_Table_Limit
UNDEFED    __TI_INITARRAY_Base
UNDEFED    __TI_INITARRAY_Limit
00814de0   __TI_STACK_END
00008000   __TI_STACK_SIZE
00821458   __TI_STATIC_BASE
00007800   __TI_SYSMEM_SIZE
UNDEFED    __TI_TLS_INIT_Base
UNDEFED    __TI_TLS_INIT_Limit
00000001   __TI_args_main
0080c880   __TI_cpp_init
0080cda0   __TI_decompress_none
0080cdc0   __TI_decompress_rle24
00820960   __TI_enable_exit_profile_output
ffffffff   __TI_pprof_out_hndl
ffffffff   __TI_prof_data_size
ffffffff   __TI_prof_data_start
0080bc20   __TI_tls_init
0080b2a0   __TI_zero_init
ffffffff   __binit__
00803d40   __c6xabi_divd
0080af20   __c6xabi_divi
0080b7a0   __c6xabi_divu
00809880   __c6xabi_divul
008079a0   __c6xabi_divull
0080c8e0   __c6xabi_frcmpyd_div
0080cb60   __c6xabi_isinf
0080c5a0   __c6xabi_llshl
0080c940   __c6xabi_llshru
0080cca0   __c6xabi_negll
0080cbe0   __c6xabi_strasgi_64plus
ffffffff   __c_args__
0080af20   __divi
0080b7a0   __divu
0080cbe0   __strasgi_64plus
0080cc20   _args_main
0080aa60   _auto_init_elf
0080c620   _c_int00
0080bd80   _cleanup
00820958   _cleanup_ptr
0080a4e0   _closefile
00820cc8   _ctypes_
0080b860   _doflush
0082095c   _dtors_ptr
00820944   _ft_end
008205e0   _ftable
00820970   _lock
0080bf60   _minit
0080ccc0   _nop
00805d60   _printfi
0080cde0   _stack
0080c9a0   _subcull
00814de0   _sys_memory
00820b80   _tmpnams
00820974   _unlock
0080ab60   _wrt_ok
0080cd20   abort
008214c8   algrithmCompleted
0080b0e0   atoi
ffffffff   binit
008214e0   boot_cfg_regs
0080b1c0   close
0080ac60   copy_in
008214cc   coreNum
008214e4   cpIntc0Regs
008214e8   cpIntc1Regs
00803aa0   deblurring_WIT_process
00820b20   edmaObj_uPP
00803164   edma_Init
00809ba0   eventEdmaHandler
0080bb60   exit
00821532   first_flag
00808d20   fputc
00806580   fputs
00807720   free
0080a840   fseek
00821500   gEDMACC2Regs
00820b70   glbCpintcHnd
00820b08   gpioHandler
008214b8   hChannel_img_rec
008214b0   hIntcEdma_uPP
008214ac   hIntcUpp
008214b4   hModule_uPP
008214bc   hParamBasicImgRec
008214c0   hnd_EDMA_uPP
00821538   hnd_UPP
008214f8   hyperLinkRegs
008214fc   i2cRegs
0c010040   imageData_Dst
0c014040   imageData_ResInput
0c018040   imageData_ResOutput
0c00c040   imageData_Src
008214c4   imgCompleted
00820978   intcContext_uPP
00820b10   intcObjEdma_uPP
00820b00   intcObjUpp
008214a4   intc_state_uPP
0c020040   label_map
00802c40   lock_mem_prot_regs
00821534   loseFrame
0080c280   lseek
0080b380   ltoa
0080cc60   main
00809d20   malloc
00820948   mem_prot_key
0080ca60   memccpy
0080c320   memcpy
0080b460   memset
00820b34   myParamSetupImgRec
008214ec   pllc_regs
0080b540   printf
008214f0   pscRegs
0081c5e0   qRel
0c000000   rcvBuffer
0080c720   readmsg
0080c7a0   remove
0c004040   sendBuffer
0082152c   sendCount
00809140   setvbuf
008214f4   srioRegs
0c01c040   th_map
00821504   timer0Regs
00821508   timer1Regs
0082150c   timer2Regs
00821510   timer3Regs
00821514   timer4Regs
00821518   timer5Regs
0082151c   timer6Regs
00821520   timer7Regs
00821524   timer8Regs
0080c7a0   unlink
00802d08   unlock_mem_prot_regs
008208dc   uppChanParams_DEFAULT
008208fc   uppDevParams_DEFAULT
008208d8   uppRegs
008024d0   upp_check_buffer
008004e8   upp_config
008019e4   upp_dma_prog
008020f0   upp_fill_buffer
008034ac   upp_init
00801e78   upp_int_clear
00801c04   upp_int_disable
00801ac8   upp_int_enable
00801d40   upp_int_set
00801fb4   upp_int_status
00800454   upp_intc_setup
008053f4   upp_intc_setup_my
00803878   upp_isr
00800400   upp_key_config
00800434   upp_pinmux_enable
008036e4   upp_start_transmit
00821530   valid
008214a8   vectId_uPP
0080c500   write
0080cac0   writemsg


GLOBAL SYMBOLS: SORTED BY Symbol Address 

address    name
--------   ----
00000001   __TI_args_main
00007800   __TI_SYSMEM_SIZE
00008000   __TI_STACK_SIZE
00800400   upp_key_config
00800434   upp_pinmux_enable
00800454   upp_intc_setup
008004e8   upp_config
008019e4   upp_dma_prog
00801ac8   upp_int_enable
00801c04   upp_int_disable
00801d40   upp_int_set
00801e78   upp_int_clear
00801fb4   upp_int_status
008020f0   upp_fill_buffer
008024d0   upp_check_buffer
00802780   KeyStone_main_PLL_init
00802a8c   KeyStone_DDR_PLL_init
00802be0   KeyStone_PA_PLL_init
00802c40   lock_mem_prot_regs
00802d08   unlock_mem_prot_regs
00802dd0   KeyStone_XM_cfg
00802e90   KeyStone_L1_cfg
00802f88   KeyStone_L2_cfg
00803164   edma_Init
00803338   Keystone_enable_PSC_module
008033a8   Keystone_disable_PSC_module
00803400   Keystone_disable_PSC_Power_Domain
008034ac   upp_init
008036e4   upp_start_transmit
00803878   upp_isr
00803aa0   deblurring_WIT_process
00803d40   __c6xabi_divd
008048c0   CSL_edma3HwChannelControl
008053f4   upp_intc_setup_my
00805514   IntcInit
00805714   EDMAInit
00805880   CSL_edma3HwControl
00805d60   _printfi
008061c0   CSL_intcHwControl
00806580   fputs
00806f20   CSL_edma3GetHwStatus
00807720   free
008079a0   __c6xabi_divull
00808280   CSL_intcOpen
008084a0   _CSL_intcEvent0Dispatcher
008086c0   _CSL_intcEvent1Dispatcher
008088e0   _CSL_intcEvent2Dispatcher
00808b00   _CSL_intcEvent3Dispatcher
00808d20   fputc
00809140   setvbuf
00809340   _CSL_intcDispatcher
008096e0   HOSTrename
00809880   __c6xabi_divul
00809ba0   eventEdmaHandler
00809ce8   EdmaEventHook
00809d20   malloc
00809ea0   CSL_chipReadReg
0080a120   CSL_intcInit
0080a260   _CSL_intcIvpSet
0080a270   CSL_intcInterruptEnable
0080a290   CSL_intcInterruptDisable
0080a2b0   CSL_intcInterruptClear
0080a2c0   CSL_intcInterruptSet
0080a2cc   CSL_intcInterruptRestore
0080a2e4   CSL_intcQueryInterruptStatus
0080a2f8   CSL_intcGlobalEnable
0080a318   CSL_intcGlobalDisable
0080a338   CSL_intcGlobalRestore
0080a350   CSL_intcGlobalNmiEnable
0080a364   CSL_intcGlobalExcepEnable
0080a378   CSL_intcGlobalExtExcepEnable
0080a38c   CSL_intcGlobalExcepClear
0080a4e0   _closefile
0080a720   CSL_edma3ChannelOpen
0080a840   fseek
0080a960   HOSTlseek
0080aa60   _auto_init_elf
0080ab60   _wrt_ok
0080ac60   copy_in
0080ad60   HOSTopen
0080ae40   HOSTread
0080af20   __c6xabi_divi
0080af20   __divi
0080b0e0   atoi
0080b1c0   close
0080b2a0   __TI_zero_init
0080b380   ltoa
0080b460   memset
0080b540   printf
0080b620   HOSTunlink
0080b6e0   HOSTwrite
0080b7a0   __c6xabi_divu
0080b7a0   __divu
0080b860   _doflush
0080b920   CSL_edma3HwChannelSetupQue
0080b9e0   CSL_edma3Open
0080baa0   CSL_intcPlugEventHandler
0080bb60   exit
0080bc20   __TI_tls_init
0080bce0   HOSTclose
0080bd80   _cleanup
0080bf60   _minit
0080c0a0   CSL_edma3HwChannelSetupParam
0080c140   CSL_edma3ParamSetup
0080c280   lseek
0080c320   memcpy
0080c500   write
0080c5a0   __c6xabi_llshl
0080c620   _c_int00
0080c6a0   CSL_edma3GetParamHandle
0080c720   readmsg
0080c7a0   remove
0080c7a0   unlink
0080c820   ImgEDMARecCompleted_INT
0080c844   HandleGPIO7RecImg_INT
0080c880   __TI_cpp_init
0080c8e0   __c6xabi_frcmpyd_div
0080c940   __c6xabi_llshru
0080c9a0   _subcull
0080ca00   CSL_edma3ccGetModuleBaseAddr
0080ca60   memccpy
0080cac0   writemsg
0080cb18   C$$IO$$
0080cb20   CSL_CPINTC_open
0080cb60   __c6xabi_isinf
0080cbe0   __c6xabi_strasgi_64plus
0080cbe0   __strasgi_64plus
0080cc20   _args_main
0080cc60   main
0080cca0   __c6xabi_negll
0080ccc0   _nop
0080cd20   C$$EXIT
0080cd20   abort
0080cd40   CSL_edma3Init
0080cd60   CSL_intcHookIsr
0080cd80   _CSL_intcNmiDummy
0080cda0   __TI_decompress_none
0080cdc0   __TI_decompress_rle24
0080cde0   _stack
00814de0   __TI_STACK_END
00814de0   _sys_memory
0081c5e0   qRel
008205e0   _ftable
008208d8   uppRegs
008208dc   uppChanParams_DEFAULT
008208fc   uppDevParams_DEFAULT
00820944   _ft_end
00820948   mem_prot_key
00820958   _cleanup_ptr
0082095c   _dtors_ptr
00820960   __TI_enable_exit_profile_output
00820970   _lock
00820974   _unlock
00820978   intcContext_uPP
00820a10   EventHandler_uPP
00820b00   intcObjUpp
00820b08   gpioHandler
00820b10   intcObjEdma_uPP
00820b18   EventRecord_uPP
00820b20   edmaObj_uPP
00820b34   myParamSetupImgRec
00820b54   ChObjImgRec
00820b70   glbCpintcHnd
00820b80   _tmpnams
00820cc8   _ctypes_
00820ec0   __CIOBUF_
00821000   _CSL_intcVectorTable
00821358   TccHandlerTable
00821458   _CSL_intcCpuIntrTable
00821458   __TI_STATIC_BASE
0082149c   _CSL_intcNumEvents
008214a0   _CSL_intcEventHandlerRecord
008214a4   intc_state_uPP
008214a8   vectId_uPP
008214ac   hIntcUpp
008214b0   hIntcEdma_uPP
008214b4   hModule_uPP
008214b8   hChannel_img_rec
008214bc   hParamBasicImgRec
008214c0   hnd_EDMA_uPP
008214c4   imgCompleted
008214c8   algrithmCompleted
008214cc   coreNum
008214d0   _CSL_intcAllocMask
008214d4   _CSL_intcEventOffsetMap
008214d8   XMC_regs
008214dc   CGEM_regs
008214e0   boot_cfg_regs
008214e4   cpIntc0Regs
008214e8   cpIntc1Regs
008214ec   pllc_regs
008214f0   pscRegs
008214f4   srioRegs
008214f8   hyperLinkRegs
008214fc   i2cRegs
00821500   gEDMACC2Regs
00821504   timer0Regs
00821508   timer1Regs
0082150c   timer2Regs
00821510   timer3Regs
00821514   timer4Regs
00821518   timer5Regs
0082151c   timer6Regs
00821520   timer7Regs
00821524   timer8Regs
00821528   RecFlag
0082152a   SendFlag
0082152c   sendCount
00821530   valid
00821532   first_flag
00821534   loseFrame
00821538   hnd_UPP
00821650   __TI_Handler_Table_Base
0082165c   __TI_Handler_Table_Limit
00821688   __TI_CINIT_Base
008216c0   __TI_CINIT_Limit
0c000000   rcvBuffer
0c004040   sendBuffer
0c00c040   imageData_Src
0c010040   imageData_Dst
0c014040   imageData_ResInput
0c018040   imageData_ResOutput
0c01c040   th_map
0c020040   label_map
ffffffff   __TI_pprof_out_hndl
ffffffff   __TI_prof_data_size
ffffffff   __TI_prof_data_start
ffffffff   __binit__
ffffffff   __c_args__
ffffffff   binit
UNDEFED    __TI_INITARRAY_Base
UNDEFED    __TI_INITARRAY_Limit
UNDEFED    __TI_TLS_INIT_Base
UNDEFED    __TI_TLS_INIT_Limit

[234 symbols]
