<?xml version="1.0"?>
<link_info>
   <banner>TMS320C6x Linker PC v7.4.12</banner>
   <copyright>Copyright (c) 1996-2014 Texas Instruments Incorporated</copyright>
   <link_time>0x564d8119</link_time>
   <output_file>myDeblurring_WIT.out</output_file>
   <entry_point>
      <name>_c_int00</name>
      <address>0x80c620</address>
   </entry_point>
   <input_file_list>
      <input_file id="fl-2">
         <path>.\sample\</path>
         <kind>object</kind>
         <file>main.obj</file>
         <name>main.obj</name>
      </input_file>
      <input_file id="fl-3">
         <path>.\src\</path>
         <kind>object</kind>
         <file>upp_common.obj</file>
         <name>upp_common.obj</name>
      </input_file>
      <input_file id="fl-4">
         <path>.\src\</path>
         <kind>object</kind>
         <file>edmaIntDispatcher.obj</file>
         <name>edmaIntDispatcher.obj</name>
      </input_file>
      <input_file id="fl-5">
         <path>.\src\</path>
         <kind>object</kind>
         <file>KeyStone_common.obj</file>
         <name>KeyStone_common.obj</name>
      </input_file>
      <input_file id="fl-6">
         <path>.\src\</path>
         <kind>object</kind>
         <file>Intc_ISR.obj</file>
         <name>Intc_ISR.obj</name>
      </input_file>
      <input_file id="fl-7">
         <path>.\src\</path>
         <kind>object</kind>
         <file>Intc.obj</file>
         <name>Intc.obj</name>
      </input_file>
      <input_file id="fl-8">
         <path>.\src\</path>
         <kind>object</kind>
         <file>Init.obj</file>
         <name>Init.obj</name>
      </input_file>
      <input_file id="fl-9">
         <path>.\src\</path>
         <kind>object</kind>
         <file>Implement_WIT.obj</file>
         <name>Implement_WIT.obj</name>
      </input_file>
      <input_file id="fl-87">
         <path>C:\ti\ccsv5\tools\compiler\c6000_7.4.12\lib\</path>
         <kind>archive</kind>
         <file>rts6600_elf.lib</file>
         <name>boot.obj</name>
      </input_file>
      <input_file id="fl-88">
         <path>C:\ti\ccsv5\tools\compiler\c6000_7.4.12\lib\</path>
         <kind>archive</kind>
         <file>rts6600_elf.lib</file>
         <name>copy_decompress_none.obj</name>
      </input_file>
      <input_file id="fl-89">
         <path>C:\ti\ccsv5\tools\compiler\c6000_7.4.12\lib\</path>
         <kind>archive</kind>
         <file>rts6600_elf.lib</file>
         <name>copy_decompress_rle.obj</name>
      </input_file>
      <input_file id="fl-8a">
         <path>C:\ti\ccsv5\tools\compiler\c6000_7.4.12\lib\</path>
         <kind>archive</kind>
         <file>rts6600_elf.lib</file>
         <name>copy_zero_init.obj</name>
      </input_file>
      <input_file id="fl-8b">
         <path>C:\ti\ccsv5\tools\compiler\c6000_7.4.12\lib\</path>
         <kind>archive</kind>
         <file>rts6600_elf.lib</file>
         <name>divi.obj</name>
      </input_file>
      <input_file id="fl-8c">
         <path>C:\ti\ccsv5\tools\compiler\c6000_7.4.12\lib\</path>
         <kind>archive</kind>
         <file>rts6600_elf.lib</file>
         <name>exit.obj</name>
      </input_file>
      <input_file id="fl-8d">
         <path>C:\ti\ccsv5\tools\compiler\c6000_7.4.12\lib\</path>
         <kind>archive</kind>
         <file>rts6600_elf.lib</file>
         <name>memcpy64.obj</name>
      </input_file>
      <input_file id="fl-8e">
         <path>C:\ti\ccsv5\tools\compiler\c6000_7.4.12\lib\</path>
         <kind>archive</kind>
         <file>rts6600_elf.lib</file>
         <name>printf.obj</name>
      </input_file>
      <input_file id="fl-8f">
         <path>C:\ti\ccsv5\tools\compiler\c6000_7.4.12\lib\</path>
         <kind>archive</kind>
         <file>rts6600_elf.lib</file>
         <name>strasg.obj</name>
      </input_file>
      <input_file id="fl-90">
         <path>C:\ti\ccsv5\tools\compiler\c6000_7.4.12\lib\</path>
         <kind>archive</kind>
         <file>rts6600_elf.lib</file>
         <name>_lock.obj</name>
      </input_file>
      <input_file id="fl-91">
         <path>C:\ti\ccsv5\tools\compiler\c6000_7.4.12\lib\</path>
         <kind>archive</kind>
         <file>rts6600_elf.lib</file>
         <name>_printfi.obj</name>
      </input_file>
      <input_file id="fl-92">
         <path>C:\ti\ccsv5\tools\compiler\c6000_7.4.12\lib\</path>
         <kind>archive</kind>
         <file>rts6600_elf.lib</file>
         <name>args_main.obj</name>
      </input_file>
      <input_file id="fl-93">
         <path>C:\ti\ccsv5\tools\compiler\c6000_7.4.12\lib\</path>
         <kind>archive</kind>
         <file>rts6600_elf.lib</file>
         <name>atoi.obj</name>
      </input_file>
      <input_file id="fl-94">
         <path>C:\ti\ccsv5\tools\compiler\c6000_7.4.12\lib\</path>
         <kind>archive</kind>
         <file>rts6600_elf.lib</file>
         <name>autoinit.obj</name>
      </input_file>
      <input_file id="fl-95">
         <path>C:\ti\ccsv5\tools\compiler\c6000_7.4.12\lib\</path>
         <kind>archive</kind>
         <file>rts6600_elf.lib</file>
         <name>cpp_init.obj</name>
      </input_file>
      <input_file id="fl-96">
         <path>C:\ti\ccsv5\tools\compiler\c6000_7.4.12\lib\</path>
         <kind>archive</kind>
         <file>rts6600_elf.lib</file>
         <name>cpy_tbl.obj</name>
      </input_file>
      <input_file id="fl-97">
         <path>C:\ti\ccsv5\tools\compiler\c6000_7.4.12\lib\</path>
         <kind>archive</kind>
         <file>rts6600_elf.lib</file>
         <name>ctype.obj</name>
      </input_file>
      <input_file id="fl-98">
         <path>C:\ti\ccsv5\tools\compiler\c6000_7.4.12\lib\</path>
         <kind>archive</kind>
         <file>rts6600_elf.lib</file>
         <name>defs.obj</name>
      </input_file>
      <input_file id="fl-99">
         <path>C:\ti\ccsv5\tools\compiler\c6000_7.4.12\lib\</path>
         <kind>archive</kind>
         <file>rts6600_elf.lib</file>
         <name>divd.obj</name>
      </input_file>
      <input_file id="fl-9a">
         <path>C:\ti\ccsv5\tools\compiler\c6000_7.4.12\lib\</path>
         <kind>archive</kind>
         <file>rts6600_elf.lib</file>
         <name>divu.obj</name>
      </input_file>
      <input_file id="fl-9b">
         <path>C:\ti\ccsv5\tools\compiler\c6000_7.4.12\lib\</path>
         <kind>archive</kind>
         <file>rts6600_elf.lib</file>
         <name>fputc.obj</name>
      </input_file>
      <input_file id="fl-9c">
         <path>C:\ti\ccsv5\tools\compiler\c6000_7.4.12\lib\</path>
         <kind>archive</kind>
         <file>rts6600_elf.lib</file>
         <name>fputs.obj</name>
      </input_file>
      <input_file id="fl-9d">
         <path>C:\ti\ccsv5\tools\compiler\c6000_7.4.12\lib\</path>
         <kind>archive</kind>
         <file>rts6600_elf.lib</file>
         <name>frcmpyd_div.obj</name>
      </input_file>
      <input_file id="fl-9e">
         <path>C:\ti\ccsv5\tools\compiler\c6000_7.4.12\lib\</path>
         <kind>archive</kind>
         <file>rts6600_elf.lib</file>
         <name>imath40.obj</name>
      </input_file>
      <input_file id="fl-9f">
         <path>C:\ti\ccsv5\tools\compiler\c6000_7.4.12\lib\</path>
         <kind>archive</kind>
         <file>rts6600_elf.lib</file>
         <name>imath64.obj</name>
      </input_file>
      <input_file id="fl-a0">
         <path>C:\ti\ccsv5\tools\compiler\c6000_7.4.12\lib\</path>
         <kind>archive</kind>
         <file>rts6600_elf.lib</file>
         <name>isinf.obj</name>
      </input_file>
      <input_file id="fl-a1">
         <path>C:\ti\ccsv5\tools\compiler\c6000_7.4.12\lib\</path>
         <kind>archive</kind>
         <file>rts6600_elf.lib</file>
         <name>llshift.obj</name>
      </input_file>
      <input_file id="fl-a2">
         <path>C:\ti\ccsv5\tools\compiler\c6000_7.4.12\lib\</path>
         <kind>archive</kind>
         <file>rts6600_elf.lib</file>
         <name>lowlev.obj</name>
      </input_file>
      <input_file id="fl-a3">
         <path>C:\ti\ccsv5\tools\compiler\c6000_7.4.12\lib\</path>
         <kind>archive</kind>
         <file>rts6600_elf.lib</file>
         <name>ltoa.obj</name>
      </input_file>
      <input_file id="fl-a4">
         <path>C:\ti\ccsv5\tools\compiler\c6000_7.4.12\lib\</path>
         <kind>archive</kind>
         <file>rts6600_elf.lib</file>
         <name>memccpy.obj</name>
      </input_file>
      <input_file id="fl-a5">
         <path>C:\ti\ccsv5\tools\compiler\c6000_7.4.12\lib\</path>
         <kind>archive</kind>
         <file>rts6600_elf.lib</file>
         <name>memset.obj</name>
      </input_file>
      <input_file id="fl-a6">
         <path>C:\ti\ccsv5\tools\compiler\c6000_7.4.12\lib\</path>
         <kind>archive</kind>
         <file>rts6600_elf.lib</file>
         <name>negll.obj</name>
      </input_file>
      <input_file id="fl-a7">
         <path>C:\ti\ccsv5\tools\compiler\c6000_7.4.12\lib\</path>
         <kind>archive</kind>
         <file>rts6600_elf.lib</file>
         <name>tls.obj</name>
      </input_file>
      <input_file id="fl-a8">
         <path>C:\ti\ccsv5\tools\compiler\c6000_7.4.12\lib\</path>
         <kind>archive</kind>
         <file>rts6600_elf.lib</file>
         <name>tls_get_tp.obj</name>
      </input_file>
      <input_file id="fl-a9">
         <path>C:\ti\ccsv5\tools\compiler\c6000_7.4.12\lib\</path>
         <kind>archive</kind>
         <file>rts6600_elf.lib</file>
         <name>trgdrv.obj</name>
      </input_file>
      <input_file id="fl-aa">
         <path>C:\ti\ccsv5\tools\compiler\c6000_7.4.12\lib\</path>
         <kind>archive</kind>
         <file>rts6600_elf.lib</file>
         <name>trgmsg.obj</name>
      </input_file>
      <input_file id="fl-ab">
         <path>C:\ti\ccsv5\tools\compiler\c6000_7.4.12\lib\</path>
         <kind>archive</kind>
         <file>rts6600_elf.lib</file>
         <name>_io_perm.obj</name>
      </input_file>
      <input_file id="fl-ac">
         <path>C:\ti\ccsv5\tools\compiler\c6000_7.4.12\lib\</path>
         <kind>archive</kind>
         <file>rts6600_elf.lib</file>
         <name>abs.obj</name>
      </input_file>
      <input_file id="fl-ad">
         <path>C:\ti\ccsv5\tools\compiler\c6000_7.4.12\lib\</path>
         <kind>archive</kind>
         <file>rts6600_elf.lib</file>
         <name>fflush.obj</name>
      </input_file>
      <input_file id="fl-ae">
         <path>C:\ti\ccsv5\tools\compiler\c6000_7.4.12\lib\</path>
         <kind>archive</kind>
         <file>rts6600_elf.lib</file>
         <name>fseek.obj</name>
      </input_file>
      <input_file id="fl-af">
         <path>C:\ti\ccsv5\tools\compiler\c6000_7.4.12\lib\</path>
         <kind>archive</kind>
         <file>rts6600_elf.lib</file>
         <name>setvbuf.obj</name>
      </input_file>
      <input_file id="fl-b0">
         <path>C:\ti\ccsv5\tools\compiler\c6000_7.4.12\lib\</path>
         <kind>archive</kind>
         <file>rts6600_elf.lib</file>
         <name>fopen.obj</name>
      </input_file>
      <input_file id="fl-b1">
         <path>C:\ti\ccsv5\tools\compiler\c6000_7.4.12\lib\</path>
         <kind>archive</kind>
         <file>rts6600_elf.lib</file>
         <name>memory.obj</name>
      </input_file>
      <input_file id="fl-b2">
         <path>C:\ti\ccsv5\tools\compiler\c6000_7.4.12\lib\</path>
         <kind>archive</kind>
         <file>rts6600_elf.lib</file>
         <name>fclose.obj</name>
      </input_file>
      <input_file id="fl-b3">
         <path>C:\ti\ccsv5\tools\compiler\c6000_7.4.12\lib\</path>
         <kind>archive</kind>
         <file>rts6600_elf.lib</file>
         <name>remove.obj</name>
      </input_file>
      <input_file id="fl-b4">
         <path>C:\ti\pdk_C6657_1_1_2_6\packages\ti\csl\lib\</path>
         <kind>archive</kind>
         <file>ti.csl.intc.ae66</file>
         <name>_csl_intcIntrEnDisRes.oe66</name>
      </input_file>
      <input_file id="fl-b5">
         <path>C:\ti\pdk_C6657_1_1_2_6\packages\ti\csl\lib\</path>
         <kind>archive</kind>
         <file>ti.csl.intc.ae66</file>
         <name>_csl_intcIsrDispatch.oe66</name>
      </input_file>
      <input_file id="fl-b6">
         <path>C:\ti\pdk_C6657_1_1_2_6\packages\ti\csl\lib\</path>
         <kind>archive</kind>
         <file>ti.csl.intc.ae66</file>
         <name>_csl_intcResource.oe66</name>
      </input_file>
      <input_file id="fl-b7">
         <path>C:\ti\pdk_C6657_1_1_2_6\packages\ti\csl\lib\</path>
         <kind>archive</kind>
         <file>ti.csl.intc.ae66</file>
         <name>csl_intcHwControl.oe66</name>
      </input_file>
      <input_file id="fl-b8">
         <path>C:\ti\pdk_C6657_1_1_2_6\packages\ti\csl\lib\</path>
         <kind>archive</kind>
         <file>ti.csl.intc.ae66</file>
         <name>csl_intcInit.oe66</name>
      </input_file>
      <input_file id="fl-b9">
         <path>C:\ti\pdk_C6657_1_1_2_6\packages\ti\csl\lib\</path>
         <kind>archive</kind>
         <file>ti.csl.intc.ae66</file>
         <name>csl_intcOpen.oe66</name>
      </input_file>
      <input_file id="fl-ba">
         <path>C:\ti\pdk_C6657_1_1_2_6\packages\ti\csl\lib\</path>
         <kind>archive</kind>
         <file>ti.csl.intc.ae66</file>
         <name>csl_intcPlugEventHandler.oe66</name>
      </input_file>
      <input_file id="fl-bb">
         <path>C:\ti\pdk_C6657_1_1_2_6\packages\ti\csl\lib\</path>
         <kind>archive</kind>
         <file>ti.csl.intc.ae66</file>
         <name>_csl_intcCombEventDispatcher.oe66</name>
      </input_file>
      <input_file id="fl-bc">
         <path>C:\ti\pdk_C6657_1_1_2_6\packages\ti\csl\lib\</path>
         <kind>archive</kind>
         <file>ti.csl.intc.ae66</file>
         <name>_csl_intcDispatcher.oe66</name>
      </input_file>
      <input_file id="fl-bd">
         <path>C:\ti\pdk_C6657_1_1_2_6\packages\ti\csl\lib\</path>
         <kind>archive</kind>
         <file>ti.csl.intc.ae66</file>
         <name>_csl_intcNmiDummy.oe66</name>
      </input_file>
      <input_file id="fl-be">
         <path>C:\ti\pdk_C6657_1_1_2_6\packages\ti\csl\lib\</path>
         <kind>archive</kind>
         <file>ti.csl.intc.ae66</file>
         <name>csl_intcHookIsr.oe66</name>
      </input_file>
      <input_file id="fl-bf">
         <path>C:\ti\pdk_C6657_1_1_2_6\packages\ti\csl\lib\</path>
         <kind>archive</kind>
         <file>ti.csl.ae66</file>
         <name>csl_cpIntcGetBaseAddress.oe66</name>
      </input_file>
      <input_file id="fl-c0">
         <path>C:\ti\pdk_C6657_1_1_2_6\packages\ti\csl\lib\</path>
         <kind>archive</kind>
         <file>ti.csl.ae66</file>
         <name>csl_chip.oe66</name>
      </input_file>
      <input_file id="fl-c1">
         <path>C:\ti\pdk_C6657_1_1_2_6\packages\ti\csl\lib\</path>
         <kind>archive</kind>
         <file>ti.csl.ae66</file>
         <name>csl_edma3Init.oe66</name>
      </input_file>
      <input_file id="fl-c2">
         <path>C:\ti\pdk_C6657_1_1_2_6\packages\ti\csl\lib\</path>
         <kind>archive</kind>
         <file>ti.csl.ae66</file>
         <name>csl_edma3Open.oe66</name>
      </input_file>
      <input_file id="fl-c3">
         <path>C:\ti\pdk_C6657_1_1_2_6\packages\ti\csl\lib\</path>
         <kind>archive</kind>
         <file>ti.csl.ae66</file>
         <name>csl_edma3HwControl.oe66</name>
      </input_file>
      <input_file id="fl-c4">
         <path>C:\ti\pdk_C6657_1_1_2_6\packages\ti\csl\lib\</path>
         <kind>archive</kind>
         <file>ti.csl.ae66</file>
         <name>csl_edma3GetHwStatus.oe66</name>
      </input_file>
      <input_file id="fl-c5">
         <path>C:\ti\pdk_C6657_1_1_2_6\packages\ti\csl\lib\</path>
         <kind>archive</kind>
         <file>ti.csl.ae66</file>
         <name>csl_edma3ChannelOpen.oe66</name>
      </input_file>
      <input_file id="fl-c6">
         <path>C:\ti\pdk_C6657_1_1_2_6\packages\ti\csl\lib\</path>
         <kind>archive</kind>
         <file>ti.csl.ae66</file>
         <name>csl_edma3HwChannelSetup.oe66</name>
      </input_file>
      <input_file id="fl-c7">
         <path>C:\ti\pdk_C6657_1_1_2_6\packages\ti\csl\lib\</path>
         <kind>archive</kind>
         <file>ti.csl.ae66</file>
         <name>csl_edma3HwChannelControl.oe66</name>
      </input_file>
      <input_file id="fl-c8">
         <path>C:\ti\pdk_C6657_1_1_2_6\packages\ti\csl\lib\</path>
         <kind>archive</kind>
         <file>ti.csl.ae66</file>
         <name>csl_edma3Param.oe66</name>
      </input_file>
      <input_file id="fl-c9">
         <path>C:\ti\pdk_C6657_1_1_2_6\packages\ti\csl\lib\</path>
         <kind>archive</kind>
         <file>ti.csl.ae66</file>
         <name>csl_edma3GetBaseAddress.oe66</name>
      </input_file>
   </input_file_list>
   <object_component_list>
      <object_component id="oc-11e">
         <name>.csl_vect</name>
         <load_address>0x821000</load_address>
         <run_address>0x821000</run_address>
         <size>0x200</size>
         <input_file_ref idref="fl-b5"/>
      </object_component>
      <object_component id="oc-29">
         <name>.stack</name>
         <uninitialized>true</uninitialized>
         <run_address>0x80cde0</run_address>
         <size>0x8</size>
         <input_file_ref idref="fl-87"/>
      </object_component>
      <object_component id="oc-5f2">
         <name>.stack</name>
         <uninitialized>true</uninitialized>
         <run_address>0x80cde0</run_address>
         <size>0x0</size>
      </object_component>
      <object_component id="oc-204">
         <name>.text</name>
         <load_address>0x800400</load_address>
         <run_address>0x800400</run_address>
         <size>0x2140</size>
         <input_file_ref idref="fl-3"/>
      </object_component>
      <object_component id="oc-13a">
         <name>.text</name>
         <load_address>0x802540</load_address>
         <run_address>0x802540</run_address>
         <size>0xf20</size>
         <input_file_ref idref="fl-5"/>
      </object_component>
      <object_component id="oc-146">
         <name>.text</name>
         <load_address>0x803460</load_address>
         <run_address>0x803460</run_address>
         <size>0x8e0</size>
         <input_file_ref idref="fl-9"/>
      </object_component>
      <object_component id="oc-4d0">
         <name>.text:__c6xabi_divd</name>
         <load_address>0x803d40</load_address>
         <run_address>0x803d40</run_address>
         <size>0x5c0</size>
         <input_file_ref idref="fl-99"/>
      </object_component>
      <object_component id="oc-46d">
         <name>.text:_getarg_diouxp</name>
         <load_address>0x804300</load_address>
         <run_address>0x804300</run_address>
         <size>0x5c0</size>
         <input_file_ref idref="fl-91"/>
      </object_component>
      <object_component id="oc-2a7">
         <name>.text:csl_section:edma3:CSL_edma3HwChannelControl</name>
         <load_address>0x8048c0</load_address>
         <run_address>0x8048c0</run_address>
         <size>0x5a0</size>
         <input_file_ref idref="fl-c7"/>
      </object_component>
      <object_component id="oc-381">
         <name>.text:_setfield</name>
         <load_address>0x804e60</load_address>
         <run_address>0x804e60</run_address>
         <size>0x520</size>
         <input_file_ref idref="fl-91"/>
      </object_component>
      <object_component id="oc-140">
         <name>.text</name>
         <load_address>0x805380</load_address>
         <run_address>0x805380</run_address>
         <size>0x500</size>
         <input_file_ref idref="fl-8"/>
      </object_component>
      <object_component id="oc-1d5">
         <name>.text:csl_section:edma3:CSL_edma3HwControl</name>
         <load_address>0x805880</load_address>
         <run_address>0x805880</run_address>
         <size>0x4e0</size>
         <input_file_ref idref="fl-c3"/>
      </object_component>
      <object_component id="oc-24d">
         <name>.text:_printfi</name>
         <load_address>0x805d60</load_address>
         <run_address>0x805d60</run_address>
         <size>0x460</size>
         <input_file_ref idref="fl-91"/>
      </object_component>
      <object_component id="oc-1c1">
         <name>.text:csl_section:intc:CSL_intcHwControl</name>
         <load_address>0x8061c0</load_address>
         <run_address>0x8061c0</run_address>
         <size>0x3c0</size>
         <input_file_ref idref="fl-b7"/>
      </object_component>
      <object_component id="oc-36b">
         <name>.text:fputs</name>
         <load_address>0x806580</load_address>
         <run_address>0x806580</run_address>
         <size>0x3a0</size>
         <input_file_ref idref="fl-9c"/>
      </object_component>
      <object_component id="oc-402">
         <name>.text:_pproc_fge</name>
         <load_address>0x806920</load_address>
         <run_address>0x806920</run_address>
         <size>0x320</size>
         <input_file_ref idref="fl-91"/>
      </object_component>
      <object_component id="oc-37c">
         <name>.text:_pproc_fwp</name>
         <load_address>0x806c40</load_address>
         <run_address>0x806c40</run_address>
         <size>0x2e0</size>
         <input_file_ref idref="fl-91"/>
      </object_component>
      <object_component id="oc-1d0">
         <name>.text:csl_section:edma3:CSL_edma3GetHwStatus</name>
         <load_address>0x806f20</load_address>
         <run_address>0x806f20</run_address>
         <size>0x2e0</size>
         <input_file_ref idref="fl-c4"/>
      </object_component>
      <object_component id="oc-4c5">
         <name>.text:fcvt</name>
         <load_address>0x807200</load_address>
         <run_address>0x807200</run_address>
         <size>0x2a0</size>
         <input_file_ref idref="fl-91"/>
      </object_component>
      <object_component id="oc-4b5">
         <name>.text:ecvt</name>
         <load_address>0x8074a0</load_address>
         <run_address>0x8074a0</run_address>
         <size>0x280</size>
         <input_file_ref idref="fl-91"/>
      </object_component>
      <object_component id="oc-48b">
         <name>.text:free</name>
         <load_address>0x807720</load_address>
         <run_address>0x807720</run_address>
         <size>0x280</size>
         <input_file_ref idref="fl-b1"/>
      </object_component>
      <object_component id="oc-552">
         <name>.text:__c6xabi_divull</name>
         <load_address>0x8079a0</load_address>
         <run_address>0x8079a0</run_address>
         <size>0x240</size>
         <input_file_ref idref="fl-9f"/>
      </object_component>
      <object_component id="oc-467">
         <name>.text:_pconv_e</name>
         <load_address>0x807be0</load_address>
         <run_address>0x807be0</run_address>
         <size>0x240</size>
         <input_file_ref idref="fl-91"/>
      </object_component>
      <object_component id="oc-407">
         <name>.text:_pproc_diouxp</name>
         <load_address>0x807e20</load_address>
         <run_address>0x807e20</run_address>
         <size>0x240</size>
         <input_file_ref idref="fl-91"/>
      </object_component>
      <object_component id="oc-386">
         <name>.text:_pproc_str</name>
         <load_address>0x808060</load_address>
         <run_address>0x808060</run_address>
         <size>0x220</size>
         <input_file_ref idref="fl-91"/>
      </object_component>
      <object_component id="oc-30">
         <name>.text:csl_section:intc:CSL_intcOpen</name>
         <load_address>0x808280</load_address>
         <run_address>0x808280</run_address>
         <size>0x220</size>
         <input_file_ref idref="fl-b9"/>
      </object_component>
      <object_component id="oc-43">
         <name>.text:csl_section:intc:_CSL_intcEvent0Dispatcher</name>
         <load_address>0x8084a0</load_address>
         <run_address>0x8084a0</run_address>
         <size>0x220</size>
         <input_file_ref idref="fl-bb"/>
      </object_component>
      <object_component id="oc-3e">
         <name>.text:csl_section:intc:_CSL_intcEvent1Dispatcher</name>
         <load_address>0x8086c0</load_address>
         <run_address>0x8086c0</run_address>
         <size>0x220</size>
         <input_file_ref idref="fl-bb"/>
      </object_component>
      <object_component id="oc-39">
         <name>.text:csl_section:intc:_CSL_intcEvent2Dispatcher</name>
         <load_address>0x8088e0</load_address>
         <run_address>0x8088e0</run_address>
         <size>0x220</size>
         <input_file_ref idref="fl-bb"/>
      </object_component>
      <object_component id="oc-2f">
         <name>.text:csl_section:intc:_CSL_intcEvent3Dispatcher</name>
         <load_address>0x808b00</load_address>
         <run_address>0x808b00</run_address>
         <size>0x220</size>
         <input_file_ref idref="fl-bb"/>
      </object_component>
      <object_component id="oc-371">
         <name>.text:fputc</name>
         <load_address>0x808d20</load_address>
         <run_address>0x808d20</run_address>
         <size>0x220</size>
         <input_file_ref idref="fl-9b"/>
      </object_component>
      <object_component id="oc-45d">
         <name>.text:_pconv_g</name>
         <load_address>0x808f40</load_address>
         <run_address>0x808f40</run_address>
         <size>0x200</size>
         <input_file_ref idref="fl-91"/>
      </object_component>
      <object_component id="oc-435">
         <name>.text:setvbuf</name>
         <load_address>0x809140</load_address>
         <run_address>0x809140</run_address>
         <size>0x200</size>
         <input_file_ref idref="fl-af"/>
      </object_component>
      <object_component id="oc-48">
         <name>.text:csl_section:intc:_CSL_intcDispatcher</name>
         <load_address>0x809340</load_address>
         <run_address>0x809340</run_address>
         <size>0x1e0</size>
         <input_file_ref idref="fl-bc"/>
      </object_component>
      <object_component id="oc-4bf">
         <name>.text:_mcpy</name>
         <load_address>0x809520</load_address>
         <run_address>0x809520</run_address>
         <size>0x1c0</size>
         <input_file_ref idref="fl-91"/>
      </object_component>
      <object_component id="oc-52a">
         <name>.text:HOSTrename</name>
         <load_address>0x8096e0</load_address>
         <run_address>0x8096e0</run_address>
         <size>0x1a0</size>
         <input_file_ref idref="fl-a9"/>
      </object_component>
      <object_component id="oc-54d">
         <name>.text:__c6xabi_divul</name>
         <load_address>0x809880</load_address>
         <run_address>0x809880</run_address>
         <size>0x1a0</size>
         <input_file_ref idref="fl-9e"/>
      </object_component>
      <object_component id="oc-73">
         <name>.text:__TI_decompress_rle_core</name>
         <load_address>0x809a20</load_address>
         <run_address>0x809a20</run_address>
         <size>0x180</size>
         <input_file_ref idref="fl-89"/>
      </object_component>
      <object_component id="oc-1a8">
         <name>.text</name>
         <load_address>0x809ba0</load_address>
         <run_address>0x809ba0</run_address>
         <size>0x180</size>
         <input_file_ref idref="fl-4"/>
      </object_component>
      <object_component id="oc-490">
         <name>.text:malloc</name>
         <load_address>0x809d20</load_address>
         <run_address>0x809d20</run_address>
         <size>0x180</size>
         <input_file_ref idref="fl-b1"/>
      </object_component>
      <object_component id="oc-135">
         <name>.text:CSL_chipReadReg</name>
         <load_address>0x809ea0</load_address>
         <run_address>0x809ea0</run_address>
         <size>0x140</size>
         <input_file_ref idref="fl-c0"/>
      </object_component>
      <object_component id="oc-377">
         <name>.text:_pproc_fflags</name>
         <load_address>0x809fe0</load_address>
         <run_address>0x809fe0</run_address>
         <size>0x140</size>
         <input_file_ref idref="fl-91"/>
      </object_component>
      <object_component id="oc-49">
         <name>.text:csl_section:intc:CSL_intcInit</name>
         <load_address>0x80a120</load_address>
         <run_address>0x80a120</run_address>
         <size>0x140</size>
         <input_file_ref idref="fl-b8"/>
      </object_component>
      <object_component id="oc-a1">
         <name>.text:csl_section:intc</name>
         <load_address>0x80a260</load_address>
         <run_address>0x80a260</run_address>
         <size>0x140</size>
         <input_file_ref idref="fl-b4"/>
      </object_component>
      <object_component id="oc-59f">
         <name>.text:getdevice</name>
         <load_address>0x80a3a0</load_address>
         <run_address>0x80a3a0</run_address>
         <size>0x140</size>
         <input_file_ref idref="fl-a2"/>
      </object_component>
      <object_component id="oc-4f0">
         <name>.text:_closefile</name>
         <load_address>0x80a4e0</load_address>
         <run_address>0x80a4e0</run_address>
         <size>0x120</size>
         <input_file_ref idref="fl-b2"/>
      </object_component>
      <object_component id="oc-477">
         <name>.text:_ltostr</name>
         <load_address>0x80a600</load_address>
         <run_address>0x80a600</run_address>
         <size>0x120</size>
         <input_file_ref idref="fl-91"/>
      </object_component>
      <object_component id="oc-1da">
         <name>.text:csl_section:edma3:CSL_edma3ChannelOpen</name>
         <load_address>0x80a720</load_address>
         <run_address>0x80a720</run_address>
         <size>0x120</size>
         <input_file_ref idref="fl-c5"/>
      </object_component>
      <object_component id="oc-430">
         <name>.text:fseek</name>
         <load_address>0x80a840</load_address>
         <run_address>0x80a840</run_address>
         <size>0x120</size>
         <input_file_ref idref="fl-ae"/>
      </object_component>
      <object_component id="oc-520">
         <name>.text:HOSTlseek</name>
         <load_address>0x80a960</load_address>
         <run_address>0x80a960</run_address>
         <size>0x100</size>
         <input_file_ref idref="fl-a9"/>
      </object_component>
      <object_component id="oc-52">
         <name>.text:_auto_init_elf</name>
         <load_address>0x80aa60</load_address>
         <run_address>0x80aa60</run_address>
         <size>0x100</size>
         <input_file_ref idref="fl-94"/>
      </object_component>
      <object_component id="oc-3e3">
         <name>.text:_wrt_ok</name>
         <load_address>0x80ab60</load_address>
         <run_address>0x80ab60</run_address>
         <size>0x100</size>
         <input_file_ref idref="fl-ab"/>
      </object_component>
      <object_component id="oc-ae">
         <name>.text:copy_in</name>
         <load_address>0x80ac60</load_address>
         <run_address>0x80ac60</run_address>
         <size>0x100</size>
         <input_file_ref idref="fl-96"/>
      </object_component>
      <object_component id="oc-50c">
         <name>.text:HOSTopen</name>
         <load_address>0x80ad60</load_address>
         <run_address>0x80ad60</run_address>
         <size>0xe0</size>
         <input_file_ref idref="fl-a9"/>
      </object_component>
      <object_component id="oc-516">
         <name>.text:HOSTread</name>
         <load_address>0x80ae40</load_address>
         <run_address>0x80ae40</run_address>
         <size>0xe0</size>
         <input_file_ref idref="fl-a9"/>
      </object_component>
      <object_component id="oc-219">
         <name>.text:__divi</name>
         <load_address>0x80af20</load_address>
         <run_address>0x80af20</run_address>
         <size>0xe0</size>
         <input_file_ref idref="fl-8b"/>
      </object_component>
      <object_component id="oc-4e2">
         <name>.text:_div</name>
         <load_address>0x80b000</load_address>
         <run_address>0x80b000</run_address>
         <size>0xe0</size>
         <input_file_ref idref="fl-91"/>
      </object_component>
      <object_component id="oc-3fc">
         <name>.text:atoi</name>
         <load_address>0x80b0e0</load_address>
         <run_address>0x80b0e0</run_address>
         <size>0xe0</size>
         <input_file_ref idref="fl-93"/>
      </object_component>
      <object_component id="oc-55a">
         <name>.text:close</name>
         <load_address>0x80b1c0</load_address>
         <run_address>0x80b1c0</run_address>
         <size>0xe0</size>
         <input_file_ref idref="fl-a2"/>
      </object_component>
      <object_component id="oc-1f">
         <name>.text:decompress:ZI:__TI_zero_init</name>
         <load_address>0x80b2a0</load_address>
         <run_address>0x80b2a0</run_address>
         <size>0xe0</size>
         <input_file_ref idref="fl-8a"/>
      </object_component>
      <object_component id="oc-533">
         <name>.text:ltoa</name>
         <load_address>0x80b380</load_address>
         <run_address>0x80b380</run_address>
         <size>0xe0</size>
         <input_file_ref idref="fl-a3"/>
      </object_component>
      <object_component id="oc-3f7">
         <name>.text:memset</name>
         <load_address>0x80b460</load_address>
         <run_address>0x80b460</run_address>
         <size>0xe0</size>
         <input_file_ref idref="fl-a5"/>
      </object_component>
      <object_component id="oc-183">
         <name>.text:printf</name>
         <load_address>0x80b540</load_address>
         <run_address>0x80b540</run_address>
         <size>0xe0</size>
         <input_file_ref idref="fl-8e"/>
      </object_component>
      <object_component id="oc-525">
         <name>.text:HOSTunlink</name>
         <load_address>0x80b620</load_address>
         <run_address>0x80b620</run_address>
         <size>0xc0</size>
         <input_file_ref idref="fl-a9"/>
      </object_component>
      <object_component id="oc-51b">
         <name>.text:HOSTwrite</name>
         <load_address>0x80b6e0</load_address>
         <run_address>0x80b6e0</run_address>
         <size>0xc0</size>
         <input_file_ref idref="fl-a9"/>
      </object_component>
      <object_component id="oc-548">
         <name>.text:__divu</name>
         <load_address>0x80b7a0</load_address>
         <run_address>0x80b7a0</run_address>
         <size>0xc0</size>
         <input_file_ref idref="fl-9a"/>
      </object_component>
      <object_component id="oc-3e8">
         <name>.text:_doflush</name>
         <load_address>0x80b860</load_address>
         <run_address>0x80b860</run_address>
         <size>0xc0</size>
         <input_file_ref idref="fl-ad"/>
      </object_component>
      <object_component id="oc-1e9">
         <name>.text:csl_section:edma3:CSL_edma3HwChannelSetupQue</name>
         <load_address>0x80b920</load_address>
         <run_address>0x80b920</run_address>
         <size>0xc0</size>
         <input_file_ref idref="fl-c6"/>
      </object_component>
      <object_component id="oc-1cb">
         <name>.text:csl_section:edma3:CSL_edma3Open</name>
         <load_address>0x80b9e0</load_address>
         <run_address>0x80b9e0</run_address>
         <size>0xc0</size>
         <input_file_ref idref="fl-c2"/>
      </object_component>
      <object_component id="oc-1bc">
         <name>.text:csl_section:intc:CSL_intcPlugEventHandler</name>
         <load_address>0x80baa0</load_address>
         <run_address>0x80baa0</run_address>
         <size>0xc0</size>
         <input_file_ref idref="fl-ba"/>
      </object_component>
      <object_component id="oc-5c">
         <name>.text:exit</name>
         <load_address>0x80bb60</load_address>
         <run_address>0x80bb60</run_address>
         <size>0xc0</size>
         <input_file_ref idref="fl-8c"/>
      </object_component>
      <object_component id="oc-b3">
         <name>.text:tls:init:__TI_tls_init</name>
         <load_address>0x80bc20</load_address>
         <run_address>0x80bc20</run_address>
         <size>0xc0</size>
         <input_file_ref idref="fl-a7"/>
      </object_component>
      <object_component id="oc-511">
         <name>.text:HOSTclose</name>
         <load_address>0x80bce0</load_address>
         <run_address>0x80bce0</run_address>
         <size>0xa0</size>
         <input_file_ref idref="fl-a9"/>
      </object_component>
      <object_component id="oc-486">
         <name>.text:_cleanup</name>
         <load_address>0x80bd80</load_address>
         <run_address>0x80bd80</run_address>
         <size>0xa0</size>
         <input_file_ref idref="fl-b0"/>
      </object_component>
      <object_component id="oc-4ba">
         <name>.text:_ecpy</name>
         <load_address>0x80be20</load_address>
         <run_address>0x80be20</run_address>
         <size>0xa0</size>
         <input_file_ref idref="fl-91"/>
      </object_component>
      <object_component id="oc-4ca">
         <name>.text:_fcpy</name>
         <load_address>0x80bec0</load_address>
         <run_address>0x80bec0</run_address>
         <size>0xa0</size>
         <input_file_ref idref="fl-91"/>
      </object_component>
      <object_component id="oc-504">
         <name>.text:_minit</name>
         <load_address>0x80bf60</load_address>
         <run_address>0x80bf60</run_address>
         <size>0xa0</size>
         <input_file_ref idref="fl-b1"/>
      </object_component>
      <object_component id="oc-462">
         <name>.text:_pconv_f</name>
         <load_address>0x80c000</load_address>
         <run_address>0x80c000</run_address>
         <size>0xa0</size>
         <input_file_ref idref="fl-91"/>
      </object_component>
      <object_component id="oc-1e4">
         <name>.text:csl_section:edma3:CSL_edma3HwChannelSetupParam</name>
         <load_address>0x80c0a0</load_address>
         <run_address>0x80c0a0</run_address>
         <size>0xa0</size>
         <input_file_ref idref="fl-c6"/>
      </object_component>
      <object_component id="oc-1ee">
         <name>.text:csl_section:edma3:CSL_edma3ParamSetup</name>
         <load_address>0x80c140</load_address>
         <run_address>0x80c140</run_address>
         <size>0xa0</size>
         <input_file_ref idref="fl-c8"/>
      </object_component>
      <object_component id="oc-5b8">
         <name>.text:finddevice</name>
         <load_address>0x80c1e0</load_address>
         <run_address>0x80c1e0</run_address>
         <size>0xa0</size>
         <input_file_ref idref="fl-a2"/>
      </object_component>
      <object_component id="oc-47f">
         <name>.text:lseek</name>
         <load_address>0x80c280</load_address>
         <run_address>0x80c280</run_address>
         <size>0xa0</size>
         <input_file_ref idref="fl-a2"/>
      </object_component>
      <object_component id="oc-62">
         <name>.text:memcpy</name>
         <load_address>0x80c320</load_address>
         <run_address>0x80c320</run_address>
         <size>0xa0</size>
         <input_file_ref idref="fl-8d"/>
      </object_component>
      <object_component id="oc-4fe">
         <name>.text:minsert</name>
         <load_address>0x80c3c0</load_address>
         <run_address>0x80c3c0</run_address>
         <size>0xa0</size>
         <input_file_ref idref="fl-b1"/>
      </object_component>
      <object_component id="oc-4f9">
         <name>.text:mremove</name>
         <load_address>0x80c460</load_address>
         <run_address>0x80c460</run_address>
         <size>0xa0</size>
         <input_file_ref idref="fl-b1"/>
      </object_component>
      <object_component id="oc-3ed">
         <name>.text:write</name>
         <load_address>0x80c500</load_address>
         <run_address>0x80c500</run_address>
         <size>0xa0</size>
         <input_file_ref idref="fl-a2"/>
      </object_component>
      <object_component id="oc-593">
         <name>.text:__c6xabi_llshl</name>
         <load_address>0x80c5a0</load_address>
         <run_address>0x80c5a0</run_address>
         <size>0x80</size>
         <input_file_ref idref="fl-a1"/>
      </object_component>
      <object_component id="oc-15">
         <name>.text:_c_int00</name>
         <load_address>0x80c620</load_address>
         <run_address>0x80c620</run_address>
         <size>0x80</size>
         <input_file_ref idref="fl-87"/>
      </object_component>
      <object_component id="oc-1df">
         <name>.text:csl_section:edma3:CSL_edma3GetParamHandle</name>
         <load_address>0x80c6a0</load_address>
         <run_address>0x80c6a0</run_address>
         <size>0x80</size>
         <input_file_ref idref="fl-c8"/>
      </object_component>
      <object_component id="oc-576">
         <name>.text:readmsg</name>
         <load_address>0x80c720</load_address>
         <run_address>0x80c720</run_address>
         <size>0x80</size>
         <input_file_ref idref="fl-aa"/>
      </object_component>
      <object_component id="oc-55f">
         <name>.text:unlink</name>
         <load_address>0x80c7a0</load_address>
         <run_address>0x80c7a0</run_address>
         <size>0x80</size>
         <input_file_ref idref="fl-a2"/>
      </object_component>
      <object_component id="oc-1ae">
         <name>.text</name>
         <load_address>0x80c820</load_address>
         <run_address>0x80c820</run_address>
         <size>0x60</size>
         <input_file_ref idref="fl-6"/>
      </object_component>
      <object_component id="oc-b8">
         <name>.text:__TI_cpp_init</name>
         <load_address>0x80c880</load_address>
         <run_address>0x80c880</run_address>
         <size>0x60</size>
         <input_file_ref idref="fl-95"/>
      </object_component>
      <object_component id="oc-542">
         <name>.text:__c6xabi_frcmpyd_div</name>
         <load_address>0x80c8e0</load_address>
         <run_address>0x80c8e0</run_address>
         <size>0x60</size>
         <input_file_ref idref="fl-9d"/>
      </object_component>
      <object_component id="oc-53d">
         <name>.text:__c6xabi_llshru</name>
         <load_address>0x80c940</load_address>
         <run_address>0x80c940</run_address>
         <size>0x60</size>
         <input_file_ref idref="fl-a1"/>
      </object_component>
      <object_component id="oc-598">
         <name>.text:_subcull</name>
         <load_address>0x80c9a0</load_address>
         <run_address>0x80c9a0</run_address>
         <size>0x60</size>
         <input_file_ref idref="fl-9f"/>
      </object_component>
      <object_component id="oc-2c2">
         <name>.text:csl_section:edma:CSL_edma3ccGetModuleBaseAddr</name>
         <load_address>0x80ca00</load_address>
         <run_address>0x80ca00</run_address>
         <size>0x60</size>
         <input_file_ref idref="fl-c9"/>
      </object_component>
      <object_component id="oc-40c">
         <name>.text:memccpy</name>
         <load_address>0x80ca60</load_address>
         <run_address>0x80ca60</run_address>
         <size>0x60</size>
         <input_file_ref idref="fl-a4"/>
      </object_component>
      <object_component id="oc-571">
         <name>.text:writemsg</name>
         <load_address>0x80cac0</load_address>
         <run_address>0x80cac0</run_address>
         <size>0x60</size>
         <input_file_ref idref="fl-aa"/>
      </object_component>
      <object_component id="oc-1b7">
         <name>.text:CSL_CPINTC_open</name>
         <load_address>0x80cb20</load_address>
         <run_address>0x80cb20</run_address>
         <size>0x40</size>
         <input_file_ref idref="fl-bf"/>
      </object_component>
      <object_component id="oc-458">
         <name>.text:__c6xabi_isinf</name>
         <load_address>0x80cb60</load_address>
         <run_address>0x80cb60</run_address>
         <size>0x40</size>
         <input_file_ref idref="fl-a0"/>
      </object_component>
      <object_component id="oc-453">
         <name>.text:__c6xabi_isnan</name>
         <load_address>0x80cba0</load_address>
         <run_address>0x80cba0</run_address>
         <size>0x40</size>
         <input_file_ref idref="fl-91"/>
      </object_component>
      <object_component id="oc-214">
         <name>.text:__strasgi_64plus</name>
         <load_address>0x80cbe0</load_address>
         <run_address>0x80cbe0</run_address>
         <size>0x40</size>
         <input_file_ref idref="fl-8f"/>
      </object_component>
      <object_component id="oc-57">
         <name>.text:_args_main</name>
         <load_address>0x80cc20</load_address>
         <run_address>0x80cc20</run_address>
         <size>0x40</size>
         <input_file_ref idref="fl-92"/>
      </object_component>
      <object_component id="oc-be">
         <name>.text</name>
         <load_address>0x80cc60</load_address>
         <run_address>0x80cc60</run_address>
         <size>0x40</size>
         <input_file_ref idref="fl-2"/>
      </object_component>
      <object_component id="oc-472">
         <name>.text:__c6xabi_negll</name>
         <load_address>0x80cca0</load_address>
         <run_address>0x80cca0</run_address>
         <size>0x20</size>
         <input_file_ref idref="fl-a6"/>
      </object_component>
      <object_component id="oc-360">
         <name>.text:_nop</name>
         <load_address>0x80ccc0</load_address>
         <run_address>0x80ccc0</run_address>
         <size>0x20</size>
         <input_file_ref idref="fl-90"/>
      </object_component>
      <object_component id="oc-248">
         <name>.text:_outc</name>
         <load_address>0x80cce0</load_address>
         <run_address>0x80cce0</run_address>
         <size>0x20</size>
         <input_file_ref idref="fl-8e"/>
      </object_component>
      <object_component id="oc-243">
         <name>.text:_outs</name>
         <load_address>0x80cd00</load_address>
         <run_address>0x80cd00</run_address>
         <size>0x20</size>
         <input_file_ref idref="fl-8e"/>
      </object_component>
      <object_component id="oc-cd">
         <name>.text:abort</name>
         <load_address>0x80cd20</load_address>
         <run_address>0x80cd20</run_address>
         <size>0x20</size>
         <input_file_ref idref="fl-8c"/>
      </object_component>
      <object_component id="oc-1c6">
         <name>.text:csl_section:edma3:CSL_edma3Init</name>
         <load_address>0x80cd40</load_address>
         <run_address>0x80cd40</run_address>
         <size>0x20</size>
         <input_file_ref idref="fl-c1"/>
      </object_component>
      <object_component id="oc-8c">
         <name>.text:csl_section:intc:CSL_intcHookIsr</name>
         <load_address>0x80cd60</load_address>
         <run_address>0x80cd60</run_address>
         <size>0x20</size>
         <input_file_ref idref="fl-be"/>
      </object_component>
      <object_component id="oc-9c">
         <name>.text:csl_section:intc</name>
         <load_address>0x80cd80</load_address>
         <run_address>0x80cd80</run_address>
         <size>0x20</size>
         <input_file_ref idref="fl-bd"/>
      </object_component>
      <object_component id="oc-1a">
         <name>.text:decompress:none:__TI_decompress_none</name>
         <load_address>0x80cda0</load_address>
         <run_address>0x80cda0</run_address>
         <size>0x20</size>
         <input_file_ref idref="fl-88"/>
      </object_component>
      <object_component id="oc-24">
         <name>.text:decompress:rle24:__TI_decompress_rle24</name>
         <load_address>0x80cdc0</load_address>
         <run_address>0x80cdc0</run_address>
         <size>0x20</size>
         <input_file_ref idref="fl-89"/>
      </object_component>
      <object_component id="oc-44e">
         <name>.const:.string:_ctypes_</name>
         <load_address>0x820cc8</load_address>
         <run_address>0x820cc8</run_address>
         <size>0x101</size>
         <input_file_ref idref="fl-97"/>
      </object_component>
      <object_component id="oc-17f">
         <name>.const:.string</name>
         <load_address>0x820dcc</load_address>
         <run_address>0x820dcc</run_address>
         <size>0x58</size>
         <input_file_ref idref="fl-5"/>
      </object_component>
      <object_component id="oc-20d">
         <name>.const:.string</name>
         <load_address>0x820e24</load_address>
         <run_address>0x820e24</run_address>
         <size>0x24</size>
         <input_file_ref idref="fl-9"/>
      </object_component>
      <object_component id="oc-411">
         <name>.const:.string</name>
         <load_address>0x820e48</load_address>
         <run_address>0x820e48</run_address>
         <size>0x23</size>
         <input_file_ref idref="fl-91"/>
      </object_component>
      <object_component id="oc-30e">
         <name>.const:$P$T1$2</name>
         <load_address>0x820e70</load_address>
         <run_address>0x820e70</run_address>
         <size>0x20</size>
         <input_file_ref idref="fl-3"/>
      </object_component>
      <object_component id="oc-1a7">
         <name>.const:.string</name>
         <load_address>0x820e90</load_address>
         <run_address>0x820e90</run_address>
         <size>0x20</size>
         <input_file_ref idref="fl-8"/>
      </object_component>
      <object_component id="oc-30b">
         <name>.const:$P$T0$1</name>
         <load_address>0x820eb0</load_address>
         <run_address>0x820eb0</run_address>
         <size>0x10</size>
         <input_file_ref idref="fl-3"/>
      </object_component>
      <object_component id="oc-5ed">
         <name>.cinit..fardata.load</name>
         <load_address>0x82153c</load_address>
         <run_address>0x82153c</run_address>
         <size>0xb4</size>
      </object_component>
      <object_component id="oc-5ec">
         <name>.cinit..neardata.load</name>
         <load_address>0x8215f0</load_address>
         <run_address>0x8215f0</run_address>
         <size>0x5f</size>
      </object_component>
      <object_component id="oc-5e9">
         <name>__TI_handler_table</name>
         <load_address>0x821650</load_address>
         <run_address>0x821650</run_address>
         <size>0xc</size>
      </object_component>
      <object_component id="oc-5eb">
         <name>.cinit..bss.load</name>
         <load_address>0x82165c</load_address>
         <run_address>0x82165c</run_address>
         <size>0x9</size>
      </object_component>
      <object_component id="oc-5f0">
         <name>.cinit..L2_buffers.load</name>
         <load_address>0x821668</load_address>
         <run_address>0x821668</run_address>
         <size>0x8</size>
      </object_component>
      <object_component id="oc-5ee">
         <name>.cinit..far.load</name>
         <load_address>0x821670</load_address>
         <run_address>0x821670</run_address>
         <size>0x8</size>
      </object_component>
      <object_component id="oc-5ef">
         <name>.cinit..testMem.load</name>
         <load_address>0x821678</load_address>
         <run_address>0x821678</run_address>
         <size>0x8</size>
      </object_component>
      <object_component id="oc-5f1">
         <name>.cinit.C1PL.load</name>
         <load_address>0x821680</load_address>
         <run_address>0x821680</run_address>
         <size>0x8</size>
      </object_component>
      <object_component id="oc-5ea">
         <name>__TI_cinit_table</name>
         <load_address>0x821688</load_address>
         <run_address>0x821688</run_address>
         <size>0x38</size>
      </object_component>
      <object_component id="oc-175">
         <name>.switch:CSL_chipReadReg</name>
         <load_address>0x821200</load_address>
         <run_address>0x821200</run_address>
         <size>0x70</size>
         <input_file_ref idref="fl-c0"/>
      </object_component>
      <object_component id="oc-30a">
         <name>.switch:upp_config</name>
         <load_address>0x821270</load_address>
         <run_address>0x821270</run_address>
         <size>0x48</size>
         <input_file_ref idref="fl-3"/>
      </object_component>
      <object_component id="oc-2d6">
         <name>.switch:CSL_edma3HwControl</name>
         <load_address>0x8212b8</load_address>
         <run_address>0x8212b8</run_address>
         <size>0x3c</size>
         <input_file_ref idref="fl-c3"/>
      </object_component>
      <object_component id="oc-2ce">
         <name>.switch:CSL_edma3GetHwStatus</name>
         <load_address>0x8212f4</load_address>
         <run_address>0x8212f4</run_address>
         <size>0x20</size>
         <input_file_ref idref="fl-c4"/>
      </object_component>
      <object_component id="oc-2bd">
         <name>.switch:CSL_intcHwControl</name>
         <load_address>0x821314</load_address>
         <run_address>0x821314</run_address>
         <size>0x1c</size>
         <input_file_ref idref="fl-b7"/>
      </object_component>
      <object_component id="oc-3a2">
         <name>.switch:CSL_edma3HwChannelControl</name>
         <load_address>0x821330</load_address>
         <run_address>0x821330</run_address>
         <size>0x14</size>
         <input_file_ref idref="fl-c7"/>
      </object_component>
      <object_component id="oc-8b">
         <name>.switch:CSL_intcOpen</name>
         <load_address>0x821344</load_address>
         <run_address>0x821344</run_address>
         <size>0x10</size>
         <input_file_ref idref="fl-b9"/>
      </object_component>
      <object_component id="oc-85">
         <name>.bss:csl_section:intc:init</name>
         <load_address>0x8214d0</load_address>
         <run_address>0x8214d0</run_address>
         <size>0x8</size>
         <input_file_ref idref="fl-b6"/>
      </object_component>
      <object_component id="oc-88">
         <name>.bss:csl_section:intc:uninit</name>
         <load_address>0x821458</load_address>
         <run_address>0x821458</run_address>
         <size>0x4c</size>
         <input_file_ref idref="fl-b6"/>
      </object_component>
      <object_component id="oc-14c">
         <name>.bss</name>
         <load_address>0x8214c4</load_address>
         <run_address>0x8214c4</run_address>
         <size>0xc</size>
         <input_file_ref idref="fl-2"/>
      </object_component>
      <object_component id="oc-1a1">
         <name>.bss</name>
         <load_address>0x8214a4</load_address>
         <run_address>0x8214a4</run_address>
         <size>0x20</size>
         <input_file_ref idref="fl-8"/>
      </object_component>
      <object_component id="oc-17c">
         <name>.neardata</name>
         <load_address>0x8214d8</load_address>
         <run_address>0x8214d8</run_address>
         <size>0x50</size>
         <input_file_ref idref="fl-5"/>
      </object_component>
      <object_component id="oc-1a4">
         <name>.neardata</name>
         <load_address>0x821538</load_address>
         <run_address>0x821538</run_address>
         <size>0x4</size>
         <input_file_ref idref="fl-8"/>
      </object_component>
      <object_component id="oc-20e">
         <name>.neardata</name>
         <load_address>0x821528</load_address>
         <run_address>0x821528</run_address>
         <size>0xe</size>
         <input_file_ref idref="fl-9"/>
      </object_component>
      <object_component id="oc-ca">
         <name>.fardata</name>
         <load_address>0x820958</load_address>
         <run_address>0x820958</run_address>
         <size>0xc</size>
         <input_file_ref idref="fl-8c"/>
      </object_component>
      <object_component id="oc-180">
         <name>.fardata:mem_prot_key</name>
         <load_address>0x820948</load_address>
         <run_address>0x820948</run_address>
         <size>0x10</size>
         <input_file_ref idref="fl-5"/>
      </object_component>
      <object_component id="oc-20a">
         <name>.fardata</name>
         <load_address>0x8208d8</load_address>
         <run_address>0x8208d8</run_address>
         <size>0x6c</size>
         <input_file_ref idref="fl-3"/>
      </object_component>
      <object_component id="oc-23d">
         <name>.fardata</name>
         <load_address>0x820970</load_address>
         <run_address>0x820970</run_address>
         <size>0x8</size>
         <input_file_ref idref="fl-90"/>
      </object_component>
      <object_component id="oc-240">
         <name>.fardata:_ftable</name>
         <load_address>0x8205e0</load_address>
         <run_address>0x8205e0</run_address>
         <size>0x1e0</size>
         <input_file_ref idref="fl-98"/>
      </object_component>
      <object_component id="oc-43e">
         <name>.fardata:_stream</name>
         <load_address>0x8207c0</load_address>
         <run_address>0x8207c0</run_address>
         <size>0xa0</size>
         <input_file_ref idref="fl-a2"/>
      </object_component>
      <object_component id="oc-49b">
         <name>.fardata:_device</name>
         <load_address>0x820860</load_address>
         <run_address>0x820860</run_address>
         <size>0x78</size>
         <input_file_ref idref="fl-a2"/>
      </object_component>
      <object_component id="oc-4ed">
         <name>.fardata</name>
         <load_address>0x820944</load_address>
         <run_address>0x820944</run_address>
         <size>0x4</size>
         <input_file_ref idref="fl-98"/>
      </object_component>
      <object_component id="oc-4f6">
         <name>.fardata</name>
         <load_address>0x820964</load_address>
         <run_address>0x820964</run_address>
         <size>0xc</size>
         <input_file_ref idref="fl-b1"/>
      </object_component>
      <object_component id="oc-19e">
         <name>.far</name>
         <uninitialized>true</uninitialized>
         <run_address>0x820978</run_address>
         <size>0x204</size>
         <input_file_ref idref="fl-8"/>
      </object_component>
      <object_component id="oc-564">
         <name>.far</name>
         <uninitialized>true</uninitialized>
         <run_address>0x820b80</run_address>
         <size>0x140</size>
         <input_file_ref idref="fl-98"/>
      </object_component>
      <object_component id="oc-56e">
         <name>.far</name>
         <uninitialized>true</uninitialized>
         <run_address>0x820cc0</run_address>
         <size>0x8</size>
         <input_file_ref idref="fl-a9"/>
      </object_component>
      <object_component id="oc-5ab">
         <name>.cio</name>
         <uninitialized>true</uninitialized>
         <run_address>0x820ec0</run_address>
         <size>0x120</size>
         <input_file_ref idref="fl-aa"/>
      </object_component>
      <object_component id="oc-298">
         <name>.testMem</name>
         <uninitialized>true</uninitialized>
         <run_address>0x821358</run_address>
         <size>0x100</size>
         <input_file_ref idref="fl-4"/>
      </object_component>
      <object_component id="oc-211">
         <name>.L2_buffers</name>
         <uninitialized>true</uninitialized>
         <run_address>0xc000000</run_address>
         <size>0x30040</size>
         <input_file_ref idref="fl-9"/>
      </object_component>
      <object_component id="oc-2c">
         <name>.sysmem</name>
         <uninitialized>true</uninitialized>
         <run_address>0x814de0</run_address>
         <size>0x8</size>
         <input_file_ref idref="fl-b1"/>
      </object_component>
      <object_component id="oc-5f3">
         <name>.sysmem</name>
         <uninitialized>true</uninitialized>
         <run_address>0x814de0</run_address>
         <size>0x0</size>
      </object_component>
      <object_component id="oc-1b4">
         <name>C1PL</name>
         <uninitialized>true</uninitialized>
         <run_address>0x81c5e0</run_address>
         <size>0x4000</size>
         <input_file_ref idref="fl-2"/>
      </object_component>
      <object_component id="oc-16">
         <name>.debug_info</name>
         <load_address>0x0</load_address>
         <run_address>0x0</run_address>
         <size>0x111</size>
         <input_file_ref idref="fl-87"/>
      </object_component>
      <object_component id="oc-1b">
         <name>.debug_info</name>
         <load_address>0x111</load_address>
         <run_address>0x111</run_address>
         <size>0x150</size>
         <input_file_ref idref="fl-88"/>
      </object_component>
      <object_component id="oc-20">
         <name>.debug_info</name>
         <load_address>0x261</load_address>
         <run_address>0x261</run_address>
         <size>0x191</size>
         <input_file_ref idref="fl-8a"/>
      </object_component>
      <object_component id="oc-25">
         <name>.debug_info</name>
         <load_address>0x3f2</load_address>
         <run_address>0x3f2</run_address>
         <size>0x16d</size>
         <input_file_ref idref="fl-89"/>
      </object_component>
      <object_component id="oc-2a">
         <name>.debug_info</name>
         <load_address>0x55f</load_address>
         <run_address>0x55f</run_address>
         <size>0xa8</size>
         <input_file_ref idref="fl-87"/>
      </object_component>
      <object_component id="oc-2d">
         <name>.debug_info</name>
         <load_address>0x607</load_address>
         <run_address>0x607</run_address>
         <size>0xb4</size>
         <input_file_ref idref="fl-b1"/>
      </object_component>
      <object_component id="oc-31">
         <name>.debug_info</name>
         <load_address>0x6bb</load_address>
         <run_address>0x6bb</run_address>
         <size>0x1f0</size>
         <input_file_ref idref="fl-b9"/>
      </object_component>
      <object_component id="oc-35">
         <name>.debug_info</name>
         <load_address>0x8ab</load_address>
         <run_address>0x8ab</run_address>
         <size>0x36a</size>
         <input_file_ref idref="fl-bb"/>
      </object_component>
      <object_component id="oc-3a">
         <name>.debug_info</name>
         <load_address>0xc15</load_address>
         <run_address>0xc15</run_address>
         <size>0x36a</size>
         <input_file_ref idref="fl-bb"/>
      </object_component>
      <object_component id="oc-3f">
         <name>.debug_info</name>
         <load_address>0xf7f</load_address>
         <run_address>0xf7f</run_address>
         <size>0x36c</size>
         <input_file_ref idref="fl-bb"/>
      </object_component>
      <object_component id="oc-44">
         <name>.debug_info</name>
         <load_address>0x12eb</load_address>
         <run_address>0x12eb</run_address>
         <size>0x36c</size>
         <input_file_ref idref="fl-bb"/>
      </object_component>
      <object_component id="oc-4a">
         <name>.debug_info</name>
         <load_address>0x1657</load_address>
         <run_address>0x1657</run_address>
         <size>0x2dd</size>
         <input_file_ref idref="fl-b8"/>
      </object_component>
      <object_component id="oc-4e">
         <name>.debug_info</name>
         <load_address>0x1934</load_address>
         <run_address>0x1934</run_address>
         <size>0x164</size>
         <input_file_ref idref="fl-bc"/>
      </object_component>
      <object_component id="oc-53">
         <name>.debug_info</name>
         <load_address>0x1a98</load_address>
         <run_address>0x1a98</run_address>
         <size>0x191</size>
         <input_file_ref idref="fl-94"/>
      </object_component>
      <object_component id="oc-58">
         <name>.debug_info</name>
         <load_address>0x1c29</load_address>
         <run_address>0x1c29</run_address>
         <size>0xf7</size>
         <input_file_ref idref="fl-92"/>
      </object_component>
      <object_component id="oc-5d">
         <name>.debug_info</name>
         <load_address>0x1d20</load_address>
         <run_address>0x1d20</run_address>
         <size>0x10d</size>
         <input_file_ref idref="fl-8c"/>
      </object_component>
      <object_component id="oc-63">
         <name>.debug_info</name>
         <load_address>0x1e2d</load_address>
         <run_address>0x1e2d</run_address>
         <size>0xd7</size>
         <input_file_ref idref="fl-8d"/>
      </object_component>
      <object_component id="oc-68">
         <name>.debug_info</name>
         <load_address>0x1f04</load_address>
         <run_address>0x1f04</run_address>
         <size>0x53</size>
         <input_file_ref idref="fl-88"/>
      </object_component>
      <object_component id="oc-6e">
         <name>.debug_info</name>
         <load_address>0x1f57</load_address>
         <run_address>0x1f57</run_address>
         <size>0x53</size>
         <input_file_ref idref="fl-8a"/>
      </object_component>
      <object_component id="oc-74">
         <name>.debug_info</name>
         <load_address>0x1faa</load_address>
         <run_address>0x1faa</run_address>
         <size>0x2f3</size>
         <input_file_ref idref="fl-89"/>
      </object_component>
      <object_component id="oc-79">
         <name>.debug_info</name>
         <load_address>0x229d</load_address>
         <run_address>0x229d</run_address>
         <size>0x1d8</size>
         <input_file_ref idref="fl-89"/>
      </object_component>
      <object_component id="oc-7a">
         <name>.debug_info</name>
         <load_address>0x2475</load_address>
         <run_address>0x2475</run_address>
         <size>0x46</size>
         <input_file_ref idref="fl-89"/>
      </object_component>
      <object_component id="oc-81">
         <name>.debug_info</name>
         <load_address>0x24bb</load_address>
         <run_address>0x24bb</run_address>
         <size>0x10b</size>
         <input_file_ref idref="fl-87"/>
      </object_component>
      <object_component id="oc-84">
         <name>.debug_info</name>
         <load_address>0x25c6</load_address>
         <run_address>0x25c6</run_address>
         <size>0x16b</size>
         <input_file_ref idref="fl-b1"/>
      </object_component>
      <object_component id="oc-86">
         <name>.debug_info</name>
         <load_address>0x2731</load_address>
         <run_address>0x2731</run_address>
         <size>0x13e</size>
         <input_file_ref idref="fl-b6"/>
      </object_component>
      <object_component id="oc-89">
         <name>.debug_info</name>
         <load_address>0x286f</load_address>
         <run_address>0x286f</run_address>
         <size>0x181</size>
         <input_file_ref idref="fl-b6"/>
      </object_component>
      <object_component id="oc-8d">
         <name>.debug_info</name>
         <load_address>0x29f0</load_address>
         <run_address>0x29f0</run_address>
         <size>0x175</size>
         <input_file_ref idref="fl-be"/>
      </object_component>
      <object_component id="oc-92">
         <name>.debug_info</name>
         <load_address>0x2b65</load_address>
         <run_address>0x2b65</run_address>
         <size>0x357</size>
         <input_file_ref idref="fl-b9"/>
      </object_component>
      <object_component id="oc-97">
         <name>.debug_info</name>
         <load_address>0x2ebc</load_address>
         <run_address>0x2ebc</run_address>
         <size>0x2e9</size>
         <input_file_ref idref="fl-b9"/>
      </object_component>
      <object_component id="oc-9d">
         <name>.debug_info</name>
         <load_address>0x31a5</load_address>
         <run_address>0x31a5</run_address>
         <size>0x107</size>
         <input_file_ref idref="fl-bd"/>
      </object_component>
      <object_component id="oc-a2">
         <name>.debug_info</name>
         <load_address>0x32ac</load_address>
         <run_address>0x32ac</run_address>
         <size>0x110</size>
         <input_file_ref idref="fl-b4"/>
      </object_component>
      <object_component id="oc-a7">
         <name>.debug_info</name>
         <load_address>0x33bc</load_address>
         <run_address>0x33bc</run_address>
         <size>0x11a</size>
         <input_file_ref idref="fl-b6"/>
      </object_component>
      <object_component id="oc-ac">
         <name>.debug_info</name>
         <load_address>0x34d6</load_address>
         <run_address>0x34d6</run_address>
         <size>0x321</size>
         <input_file_ref idref="fl-b8"/>
      </object_component>
      <object_component id="oc-af">
         <name>.debug_info</name>
         <load_address>0x37f7</load_address>
         <run_address>0x37f7</run_address>
         <size>0x18f</size>
         <input_file_ref idref="fl-96"/>
      </object_component>
      <object_component id="oc-b4">
         <name>.debug_info</name>
         <load_address>0x3986</load_address>
         <run_address>0x3986</run_address>
         <size>0x165</size>
         <input_file_ref idref="fl-a7"/>
      </object_component>
      <object_component id="oc-b9">
         <name>.debug_info</name>
         <load_address>0x3aeb</load_address>
         <run_address>0x3aeb</run_address>
         <size>0x160</size>
         <input_file_ref idref="fl-95"/>
      </object_component>
      <object_component id="oc-bf">
         <name>.debug_info</name>
         <load_address>0x3c4b</load_address>
         <run_address>0x3c4b</run_address>
         <size>0x1cc</size>
         <input_file_ref idref="fl-2"/>
      </object_component>
      <object_component id="oc-c5">
         <name>.debug_info</name>
         <load_address>0x3e17</load_address>
         <run_address>0x3e17</run_address>
         <size>0x94</size>
         <input_file_ref idref="fl-87"/>
      </object_component>
      <object_component id="oc-cb">
         <name>.debug_info</name>
         <load_address>0x3eab</load_address>
         <run_address>0x3eab</run_address>
         <size>0x128</size>
         <input_file_ref idref="fl-8c"/>
      </object_component>
      <object_component id="oc-ce">
         <name>.debug_info</name>
         <load_address>0x3fd3</load_address>
         <run_address>0x3fd3</run_address>
         <size>0x11f</size>
         <input_file_ref idref="fl-8c"/>
      </object_component>
      <object_component id="oc-d3">
         <name>.debug_info</name>
         <load_address>0x40f2</load_address>
         <run_address>0x40f2</run_address>
         <size>0x8d</size>
         <input_file_ref idref="fl-88"/>
      </object_component>
      <object_component id="oc-d9">
         <name>.debug_info</name>
         <load_address>0x417f</load_address>
         <run_address>0x417f</run_address>
         <size>0x46</size>
         <input_file_ref idref="fl-88"/>
      </object_component>
      <object_component id="oc-de">
         <name>.debug_info</name>
         <load_address>0x41c5</load_address>
         <run_address>0x41c5</run_address>
         <size>0xe6</size>
         <input_file_ref idref="fl-88"/>
      </object_component>
      <object_component id="oc-df">
         <name>.debug_info</name>
         <load_address>0x42ab</load_address>
         <run_address>0x42ab</run_address>
         <size>0x2c</size>
         <input_file_ref idref="fl-89"/>
      </object_component>
      <object_component id="oc-e4">
         <name>.debug_info</name>
         <load_address>0x42d7</load_address>
         <run_address>0x42d7</run_address>
         <size>0x1ce</size>
         <input_file_ref idref="fl-8a"/>
      </object_component>
      <object_component id="oc-ea">
         <name>.debug_info</name>
         <load_address>0x44a5</load_address>
         <run_address>0x44a5</run_address>
         <size>0x1d9</size>
         <input_file_ref idref="fl-87"/>
      </object_component>
      <object_component id="oc-f1">
         <name>.debug_info</name>
         <load_address>0x467e</load_address>
         <run_address>0x467e</run_address>
         <size>0x110</size>
         <input_file_ref idref="fl-8c"/>
      </object_component>
      <object_component id="oc-f6">
         <name>.debug_info</name>
         <load_address>0x478e</load_address>
         <run_address>0x478e</run_address>
         <size>0x70</size>
         <input_file_ref idref="fl-b1"/>
      </object_component>
      <object_component id="oc-fd">
         <name>.debug_info</name>
         <load_address>0x47fe</load_address>
         <run_address>0x47fe</run_address>
         <size>0x190</size>
         <input_file_ref idref="fl-b6"/>
      </object_component>
      <object_component id="oc-100">
         <name>.debug_info</name>
         <load_address>0x498e</load_address>
         <run_address>0x498e</run_address>
         <size>0x18e</size>
         <input_file_ref idref="fl-b6"/>
      </object_component>
      <object_component id="oc-105">
         <name>.debug_info</name>
         <load_address>0x4b1c</load_address>
         <run_address>0x4b1c</run_address>
         <size>0x34c</size>
         <input_file_ref idref="fl-b6"/>
      </object_component>
      <object_component id="oc-10b">
         <name>.debug_info</name>
         <load_address>0x4e68</load_address>
         <run_address>0x4e68</run_address>
         <size>0x357</size>
         <input_file_ref idref="fl-be"/>
      </object_component>
      <object_component id="oc-110">
         <name>.debug_info</name>
         <load_address>0x51bf</load_address>
         <run_address>0x51bf</run_address>
         <size>0x1b8</size>
         <input_file_ref idref="fl-be"/>
      </object_component>
      <object_component id="oc-113">
         <name>.debug_info</name>
         <load_address>0x5377</load_address>
         <run_address>0x5377</run_address>
         <size>0x1f7</size>
         <input_file_ref idref="fl-b9"/>
      </object_component>
      <object_component id="oc-118">
         <name>.debug_info</name>
         <load_address>0x556e</load_address>
         <run_address>0x556e</run_address>
         <size>0x94</size>
         <input_file_ref idref="fl-b6"/>
      </object_component>
      <object_component id="oc-11f">
         <name>.debug_info</name>
         <load_address>0x5602</load_address>
         <run_address>0x5602</run_address>
         <size>0x10d</size>
         <input_file_ref idref="fl-b5"/>
      </object_component>
      <object_component id="oc-126">
         <name>.debug_info</name>
         <load_address>0x570f</load_address>
         <run_address>0x570f</run_address>
         <size>0x357</size>
         <input_file_ref idref="fl-b6"/>
      </object_component>
      <object_component id="oc-12b">
         <name>.debug_info</name>
         <load_address>0x5a66</load_address>
         <run_address>0x5a66</run_address>
         <size>0x1f7</size>
         <input_file_ref idref="fl-b6"/>
      </object_component>
      <object_component id="oc-131">
         <name>.debug_info</name>
         <load_address>0x5c5d</load_address>
         <run_address>0x5c5d</run_address>
         <size>0x141</size>
         <input_file_ref idref="fl-96"/>
      </object_component>
      <object_component id="oc-133">
         <name>.debug_info</name>
         <load_address>0x5d9e</load_address>
         <run_address>0x5d9e</run_address>
         <size>0x254</size>
         <input_file_ref idref="fl-a7"/>
      </object_component>
      <object_component id="oc-136">
         <name>.debug_info</name>
         <load_address>0x5ff2</load_address>
         <run_address>0x5ff2</run_address>
         <size>0x1e5</size>
         <input_file_ref idref="fl-c0"/>
      </object_component>
      <object_component id="oc-13b">
         <name>.debug_info</name>
         <load_address>0x61d7</load_address>
         <run_address>0x61d7</run_address>
         <size>0x2009</size>
         <input_file_ref idref="fl-5"/>
      </object_component>
      <object_component id="oc-141">
         <name>.debug_info</name>
         <load_address>0x81e0</load_address>
         <run_address>0x81e0</run_address>
         <size>0xbef</size>
         <input_file_ref idref="fl-8"/>
      </object_component>
      <object_component id="oc-147">
         <name>.debug_info</name>
         <load_address>0x8dcf</load_address>
         <run_address>0x8dcf</run_address>
         <size>0xf7b</size>
         <input_file_ref idref="fl-9"/>
      </object_component>
      <object_component id="oc-14d">
         <name>.debug_info</name>
         <load_address>0x9d4a</load_address>
         <run_address>0x9d4a</run_address>
         <size>0x126</size>
         <input_file_ref idref="fl-2"/>
      </object_component>
      <object_component id="oc-152">
         <name>.debug_info</name>
         <load_address>0x9e70</load_address>
         <run_address>0x9e70</run_address>
         <size>0x12c</size>
         <input_file_ref idref="fl-8c"/>
      </object_component>
      <object_component id="oc-15a">
         <name>.debug_info</name>
         <load_address>0x9f9c</load_address>
         <run_address>0x9f9c</run_address>
         <size>0x46</size>
         <input_file_ref idref="fl-b6"/>
      </object_component>
      <object_component id="oc-15f">
         <name>.debug_info</name>
         <load_address>0x9fe2</load_address>
         <run_address>0x9fe2</run_address>
         <size>0x2c</size>
         <input_file_ref idref="fl-b6"/>
      </object_component>
      <object_component id="oc-164">
         <name>.debug_info</name>
         <load_address>0xa00e</load_address>
         <run_address>0xa00e</run_address>
         <size>0x116</size>
         <input_file_ref idref="fl-b6"/>
      </object_component>
      <object_component id="oc-16e">
         <name>.debug_info</name>
         <load_address>0xa124</load_address>
         <run_address>0xa124</run_address>
         <size>0xcd</size>
         <input_file_ref idref="fl-96"/>
      </object_component>
      <object_component id="oc-177">
         <name>.debug_info</name>
         <load_address>0xa1f1</load_address>
         <run_address>0xa1f1</run_address>
         <size>0x144</size>
         <input_file_ref idref="fl-c0"/>
      </object_component>
      <object_component id="oc-17d">
         <name>.debug_info</name>
         <load_address>0xa335</load_address>
         <run_address>0xa335</run_address>
         <size>0x393</size>
         <input_file_ref idref="fl-5"/>
      </object_component>
      <object_component id="oc-181">
         <name>.debug_info</name>
         <load_address>0xa6c8</load_address>
         <run_address>0xa6c8</run_address>
         <size>0xdc</size>
         <input_file_ref idref="fl-5"/>
      </object_component>
      <object_component id="oc-184">
[...]
         <value>0x80c620</value>
         <object_component_ref idref="oc-15"/>
      </symbol>
      <symbol id="sm-4b1">
         <name>_stack</name>
         <value>0x80cde0</value>
         <object_component_ref idref="oc-29"/>
      </symbol>
      <symbol id="sm-4cb">
         <name>__TI_decompress_none</name>
         <value>0x80cda0</value>
         <object_component_ref idref="oc-1a"/>
      </symbol>
      <symbol id="sm-4ee">
         <name>__TI_decompress_rle24</name>
         <value>0x80cdc0</value>
         <object_component_ref idref="oc-24"/>
      </symbol>
      <symbol id="sm-4ff">
         <name>__TI_zero_init</name>
         <value>0x80b2a0</value>
         <object_component_ref idref="oc-1f"/>
      </symbol>
      <symbol id="sm-508">
         <name>__c6xabi_divi</name>
         <value>0x80af20</value>
         <object_component_ref idref="oc-219"/>
      </symbol>
      <symbol id="sm-509">
         <name>__divi</name>
         <value>0x80af20</value>
         <object_component_ref idref="oc-219"/>
      </symbol>
      <symbol id="sm-52b">
         <name>C$$EXIT</name>
         <value>0x80cd20</value>
         <object_component_ref idref="oc-cd"/>
      </symbol>
      <symbol id="sm-52c">
         <name>_dtors_ptr</name>
         <value>0x82095c</value>
         <object_component_ref idref="oc-ca"/>
      </symbol>
      <symbol id="sm-52d">
         <name>abort</name>
         <value>0x80cd20</value>
         <object_component_ref idref="oc-cd"/>
      </symbol>
      <symbol id="sm-52e">
         <name>_cleanup_ptr</name>
         <value>0x820958</value>
         <object_component_ref idref="oc-ca"/>
      </symbol>
      <symbol id="sm-52f">
         <name>exit</name>
         <value>0x80bb60</value>
         <object_component_ref idref="oc-5c"/>
      </symbol>
      <symbol id="sm-530">
         <name>__TI_enable_exit_profile_output</name>
         <value>0x820960</value>
         <object_component_ref idref="oc-ca"/>
      </symbol>
      <symbol id="sm-538">
         <name>memcpy</name>
         <value>0x80c320</value>
         <object_component_ref idref="oc-62"/>
      </symbol>
      <symbol id="sm-560">
         <name>printf</name>
         <value>0x80b540</value>
         <object_component_ref idref="oc-183"/>
      </symbol>
      <symbol id="sm-568">
         <name>__c6xabi_strasgi_64plus</name>
         <value>0x80cbe0</value>
         <object_component_ref idref="oc-214"/>
      </symbol>
      <symbol id="sm-569">
         <name>__strasgi_64plus</name>
         <value>0x80cbe0</value>
         <object_component_ref idref="oc-214"/>
      </symbol>
      <symbol id="sm-579">
         <name>_nop</name>
         <value>0x80ccc0</value>
         <object_component_ref idref="oc-360"/>
      </symbol>
      <symbol id="sm-57a">
         <name>_lock</name>
         <value>0x820970</value>
         <object_component_ref idref="oc-23d"/>
      </symbol>
      <symbol id="sm-57b">
         <name>_unlock</name>
         <value>0x820974</value>
         <object_component_ref idref="oc-23d"/>
      </symbol>
      <symbol id="sm-6d3">
         <name>_printfi</name>
         <value>0x805d60</value>
         <object_component_ref idref="oc-24d"/>
      </symbol>
      <symbol id="sm-6db">
         <name>_args_main</name>
         <value>0x80cc20</value>
         <object_component_ref idref="oc-57"/>
      </symbol>
      <symbol id="sm-6ea">
         <name>atoi</name>
         <value>0x80b0e0</value>
         <object_component_ref idref="oc-3fc"/>
      </symbol>
      <symbol id="sm-6f7">
         <name>_auto_init_elf</name>
         <value>0x80aa60</value>
         <object_component_ref idref="oc-52"/>
      </symbol>
      <symbol id="sm-702">
         <name>__TI_cpp_init</name>
         <value>0x80c880</value>
         <object_component_ref idref="oc-b8"/>
      </symbol>
      <symbol id="sm-718">
         <name>copy_in</name>
         <value>0x80ac60</value>
         <object_component_ref idref="oc-ae"/>
      </symbol>
      <symbol id="sm-722">
         <name>_ctypes_</name>
         <value>0x820cc8</value>
         <object_component_ref idref="oc-44e"/>
      </symbol>
      <symbol id="sm-736">
         <name>_tmpnams</name>
         <value>0x820b80</value>
         <object_component_ref idref="oc-564"/>
      </symbol>
      <symbol id="sm-737">
         <name>_ftable</name>
         <value>0x8205e0</value>
         <object_component_ref idref="oc-240"/>
      </symbol>
      <symbol id="sm-738">
         <name>_ft_end</name>
         <value>0x820944</value>
         <object_component_ref idref="oc-4ed"/>
      </symbol>
      <symbol id="sm-74c">
         <name>__c6xabi_divd</name>
         <value>0x803d40</value>
         <object_component_ref idref="oc-4d0"/>
      </symbol>
      <symbol id="sm-755">
         <name>__c6xabi_divu</name>
         <value>0x80b7a0</value>
         <object_component_ref idref="oc-548"/>
      </symbol>
      <symbol id="sm-756">
         <name>__divu</name>
         <value>0x80b7a0</value>
         <object_component_ref idref="oc-548"/>
      </symbol>
      <symbol id="sm-777">
         <name>fputc</name>
         <value>0x808d20</value>
         <object_component_ref idref="oc-371"/>
      </symbol>
      <symbol id="sm-79c">
         <name>fputs</name>
         <value>0x806580</value>
         <object_component_ref idref="oc-36b"/>
      </symbol>
      <symbol id="sm-7a4">
         <name>__c6xabi_frcmpyd_div</name>
         <value>0x80c8e0</value>
         <object_component_ref idref="oc-542"/>
      </symbol>
      <symbol id="sm-7ae">
         <name>__c6xabi_divul</name>
         <value>0x809880</value>
         <object_component_ref idref="oc-54d"/>
      </symbol>
      <symbol id="sm-7c3">
         <name>_subcull</name>
         <value>0x80c9a0</value>
         <object_component_ref idref="oc-598"/>
      </symbol>
      <symbol id="sm-7c4">
         <name>__c6xabi_divull</name>
         <value>0x8079a0</value>
         <object_component_ref idref="oc-552"/>
      </symbol>
      <symbol id="sm-7cc">
         <name>__c6xabi_isinf</name>
         <value>0x80cb60</value>
         <object_component_ref idref="oc-458"/>
      </symbol>
      <symbol id="sm-7e4">
         <name>__c6xabi_llshru</name>
         <value>0x80c940</value>
         <object_component_ref idref="oc-53d"/>
      </symbol>
      <symbol id="sm-7e5">
         <name>__c6xabi_llshl</name>
         <value>0x80c5a0</value>
         <object_component_ref idref="oc-593"/>
      </symbol>
      <symbol id="sm-841">
         <name>lseek</name>
         <value>0x80c280</value>
         <object_component_ref idref="oc-47f"/>
      </symbol>
      <symbol id="sm-842">
         <name>write</name>
         <value>0x80c500</value>
         <object_component_ref idref="oc-3ed"/>
      </symbol>
      <symbol id="sm-843">
         <name>close</name>
         <value>0x80b1c0</value>
         <object_component_ref idref="oc-55a"/>
      </symbol>
      <symbol id="sm-844">
         <name>unlink</name>
         <value>0x80c7a0</value>
         <object_component_ref idref="oc-55f"/>
      </symbol>
      <symbol id="sm-84f">
         <name>ltoa</name>
         <value>0x80b380</value>
         <object_component_ref idref="oc-533"/>
      </symbol>
      <symbol id="sm-85d">
         <name>memccpy</name>
         <value>0x80ca60</value>
         <object_component_ref idref="oc-40c"/>
      </symbol>
      <symbol id="sm-869">
         <name>memset</name>
         <value>0x80b460</value>
         <object_component_ref idref="oc-3f7"/>
      </symbol>
      <symbol id="sm-876">
         <name>__c6xabi_negll</name>
         <value>0x80cca0</value>
         <object_component_ref idref="oc-472"/>
      </symbol>
      <symbol id="sm-884">
         <name>__TI_tls_init</name>
         <value>0x80bc20</value>
         <object_component_ref idref="oc-b3"/>
      </symbol>
      <symbol id="sm-8ca">
         <name>HOSTrename</name>
         <value>0x8096e0</value>
         <object_component_ref idref="oc-52a"/>
      </symbol>
      <symbol id="sm-8cb">
         <name>HOSTclose</name>
         <value>0x80bce0</value>
         <object_component_ref idref="oc-511"/>
      </symbol>
      <symbol id="sm-8cc">
         <name>HOSTunlink</name>
         <value>0x80b620</value>
         <object_component_ref idref="oc-525"/>
      </symbol>
      <symbol id="sm-8cd">
         <name>HOSTlseek</name>
         <value>0x80a960</value>
         <object_component_ref idref="oc-520"/>
      </symbol>
      <symbol id="sm-8ce">
         <name>HOSTopen</name>
         <value>0x80ad60</value>
         <object_component_ref idref="oc-50c"/>
      </symbol>
      <symbol id="sm-8cf">
         <name>HOSTwrite</name>
         <value>0x80b6e0</value>
         <object_component_ref idref="oc-51b"/>
      </symbol>
      <symbol id="sm-8d0">
         <name>HOSTread</name>
         <value>0x80ae40</value>
         <object_component_ref idref="oc-516"/>
      </symbol>
      <symbol id="sm-8e8">
         <name>writemsg</name>
         <value>0x80cac0</value>
         <object_component_ref idref="oc-571"/>
      </symbol>
      <symbol id="sm-8e9">
         <name>C$$IO$$</name>
         <value>0x80cb18</value>
         <object_component_ref idref="oc-571"/>
      </symbol>
      <symbol id="sm-8ea">
         <name>__CIOBUF_</name>
         <value>0x820ec0</value>
         <object_component_ref idref="oc-5ab"/>
      </symbol>
      <symbol id="sm-8eb">
         <name>readmsg</name>
         <value>0x80c720</value>
         <object_component_ref idref="oc-576"/>
      </symbol>
      <symbol id="sm-8fb">
         <name>_wrt_ok</name>
         <value>0x80ab60</value>
         <object_component_ref idref="oc-3e3"/>
      </symbol>
      <symbol id="sm-90a">
         <name>_doflush</name>
         <value>0x80b860</value>
         <object_component_ref idref="oc-3e8"/>
      </symbol>
      <symbol id="sm-91c">
         <name>fseek</name>
         <value>0x80a840</value>
         <object_component_ref idref="oc-430"/>
      </symbol>
      <symbol id="sm-934">
         <name>setvbuf</name>
         <value>0x809140</value>
         <object_component_ref idref="oc-435"/>
      </symbol>
      <symbol id="sm-940">
         <name>_cleanup</name>
         <value>0x80bd80</value>
         <object_component_ref idref="oc-486"/>
      </symbol>
      <symbol id="sm-997">
         <name>_sys_memory</name>
         <value>0x814de0</value>
         <object_component_ref idref="oc-2c"/>
      </symbol>
      <symbol id="sm-998">
         <name>free</name>
         <value>0x807720</value>
         <object_component_ref idref="oc-48b"/>
      </symbol>
      <symbol id="sm-999">
         <name>malloc</name>
         <value>0x809d20</value>
         <object_component_ref idref="oc-490"/>
      </symbol>
      <symbol id="sm-99a">
         <name>_minit</name>
         <value>0x80bf60</value>
         <object_component_ref idref="oc-504"/>
      </symbol>
      <symbol id="sm-9ad">
         <name>_closefile</name>
         <value>0x80a4e0</value>
         <object_component_ref idref="oc-4f0"/>
      </symbol>
      <symbol id="sm-9b6">
         <name>CSL_intcGlobalDisable</name>
         <value>0x80a318</value>
         <object_component_ref idref="oc-a1"/>
      </symbol>
      <symbol id="sm-9b7">
         <name>CSL_intcGlobalRestore</name>
         <value>0x80a338</value>
         <object_component_ref idref="oc-a1"/>
      </symbol>
      <symbol id="sm-9b8">
         <name>CSL_intcGlobalExcepEnable</name>
         <value>0x80a364</value>
         <object_component_ref idref="oc-a1"/>
      </symbol>
      <symbol id="sm-9b9">
         <name>CSL_intcInterruptDisable</name>
         <value>0x80a290</value>
         <object_component_ref idref="oc-a1"/>
      </symbol>
      <symbol id="sm-9ba">
         <name>CSL_intcGlobalExcepClear</name>
         <value>0x80a38c</value>
         <object_component_ref idref="oc-a1"/>
      </symbol>
      <symbol id="sm-9bb">
         <name>CSL_intcInterruptRestore</name>
         <value>0x80a2cc</value>
         <object_component_ref idref="oc-a1"/>
      </symbol>
      <symbol id="sm-9bc">
         <name>CSL_intcInterruptClear</name>
         <value>0x80a2b0</value>
         <object_component_ref idref="oc-a1"/>
      </symbol>
      <symbol id="sm-9bd">
         <name>CSL_intcGlobalEnable</name>
         <value>0x80a2f8</value>
         <object_component_ref idref="oc-a1"/>
      </symbol>
      <symbol id="sm-9be">
         <name>CSL_intcGlobalExtExcepEnable</name>
         <value>0x80a378</value>
         <object_component_ref idref="oc-a1"/>
      </symbol>
      <symbol id="sm-9bf">
         <name>CSL_intcGlobalNmiEnable</name>
         <value>0x80a350</value>
         <object_component_ref idref="oc-a1"/>
      </symbol>
      <symbol id="sm-9c0">
         <name>_CSL_intcIvpSet</name>
         <value>0x80a260</value>
         <object_component_ref idref="oc-a1"/>
      </symbol>
      <symbol id="sm-9c1">
         <name>CSL_intcInterruptSet</name>
         <value>0x80a2c0</value>
         <object_component_ref idref="oc-a1"/>
      </symbol>
      <symbol id="sm-9c2">
         <name>CSL_intcInterruptEnable</name>
         <value>0x80a270</value>
         <object_component_ref idref="oc-a1"/>
      </symbol>
      <symbol id="sm-9c3">
         <name>CSL_intcQueryInterruptStatus</name>
         <value>0x80a2e4</value>
         <object_component_ref idref="oc-a1"/>
      </symbol>
      <symbol id="sm-9cb">
         <name>_CSL_intcVectorTable</name>
         <value>0x821000</value>
         <object_component_ref idref="oc-11e"/>
      </symbol>
      <symbol id="sm-a0c">
         <name>_CSL_intcEventOffsetMap</name>
         <value>0x8214d4</value>
         <object_component_ref idref="oc-85"/>
      </symbol>
      <symbol id="sm-a0d">
         <name>_CSL_intcNumEvents</name>
         <value>0x82149c</value>
         <object_component_ref idref="oc-88"/>
      </symbol>
      <symbol id="sm-a0e">
         <name>_CSL_intcEventHandlerRecord</name>
         <value>0x8214a0</value>
         <object_component_ref idref="oc-88"/>
      </symbol>
      <symbol id="sm-a0f">
         <name>_CSL_intcAllocMask</name>
         <value>0x8214d0</value>
         <object_component_ref idref="oc-85"/>
      </symbol>
      <symbol id="sm-a10">
         <name>_CSL_intcCpuIntrTable</name>
         <value>0x821458</value>
         <object_component_ref idref="oc-88"/>
      </symbol>
      <symbol id="sm-a33">
         <name>CSL_intcHwControl</name>
         <value>0x8061c0</value>
         <object_component_ref idref="oc-1c1"/>
      </symbol>
      <symbol id="sm-a3f">
         <name>CSL_intcInit</name>
         <value>0x80a120</value>
         <object_component_ref idref="oc-49"/>
      </symbol>
      <symbol id="sm-a5d">
         <name>CSL_intcOpen</name>
         <value>0x808280</value>
         <object_component_ref idref="oc-30"/>
      </symbol>
      <symbol id="sm-a6b">
         <name>CSL_intcPlugEventHandler</name>
         <value>0x80baa0</value>
         <object_component_ref idref="oc-1bc"/>
      </symbol>
      <symbol id="sm-a9d">
         <name>_CSL_intcEvent1Dispatcher</name>
         <value>0x8086c0</value>
         <object_component_ref idref="oc-3e"/>
      </symbol>
      <symbol id="sm-a9e">
         <name>_CSL_intcEvent0Dispatcher</name>
         <value>0x8084a0</value>
         <object_component_ref idref="oc-43"/>
      </symbol>
      <symbol id="sm-a9f">
         <name>_CSL_intcEvent3Dispatcher</name>
         <value>0x808b00</value>
         <object_component_ref idref="oc-2f"/>
      </symbol>
      <symbol id="sm-aa0">
         <name>_CSL_intcEvent2Dispatcher</name>
         <value>0x8088e0</value>
         <object_component_ref idref="oc-39"/>
      </symbol>
      <symbol id="sm-aaa">
         <name>_CSL_intcDispatcher</name>
         <value>0x809340</value>
         <object_component_ref idref="oc-48"/>
      </symbol>
      <symbol id="sm-ab2">
         <name>_CSL_intcNmiDummy</name>
         <value>0x80cd80</value>
         <object_component_ref idref="oc-9c"/>
      </symbol>
      <symbol id="sm-ac2">
         <name>CSL_intcHookIsr</name>
         <value>0x80cd60</value>
         <object_component_ref idref="oc-8c"/>
      </symbol>
      <symbol id="sm-ad9">
         <name>CSL_CPINTC_open</name>
         <value>0x80cb20</value>
         <object_component_ref idref="oc-1b7"/>
      </symbol>
      <symbol id="sm-b02">
         <name>CSL_chipReadReg</name>
         <value>0x809ea0</value>
         <object_component_ref idref="oc-135"/>
      </symbol>
      <symbol id="sm-b17">
         <name>CSL_edma3Init</name>
         <value>0x80cd40</value>
         <object_component_ref idref="oc-1c6"/>
      </symbol>
      <symbol id="sm-b2f">
         <name>CSL_edma3Open</name>
         <value>0x80b9e0</value>
         <object_component_ref idref="oc-1cb"/>
      </symbol>
      <symbol id="sm-b4e">
         <name>CSL_edma3HwControl</name>
         <value>0x805880</value>
         <object_component_ref idref="oc-1d5"/>
      </symbol>
      <symbol id="sm-b66">
         <name>CSL_edma3GetHwStatus</name>
         <value>0x806f20</value>
         <object_component_ref idref="oc-1d0"/>
      </symbol>
      <symbol id="sm-b76">
         <name>CSL_edma3ChannelOpen</name>
         <value>0x80a720</value>
         <object_component_ref idref="oc-1da"/>
      </symbol>
      <symbol id="sm-b88">
         <name>CSL_edma3HwChannelSetupParam</name>
         <value>0x80c0a0</value>
         <object_component_ref idref="oc-1e4"/>
      </symbol>
      <symbol id="sm-b89">
         <name>CSL_edma3HwChannelSetupQue</name>
         <value>0x80b920</value>
         <object_component_ref idref="oc-1e9"/>
      </symbol>
      <symbol id="sm-ba7">
         <name>CSL_edma3HwChannelControl</name>
         <value>0x8048c0</value>
         <object_component_ref idref="oc-2a7"/>
      </symbol>
      <symbol id="sm-bc7">
         <name>CSL_edma3GetParamHandle</name>
         <value>0x80c6a0</value>
         <object_component_ref idref="oc-1df"/>
      </symbol>
      <symbol id="sm-bc8">
         <name>CSL_edma3ParamSetup</name>
         <value>0x80c140</value>
         <object_component_ref idref="oc-1ee"/>
      </symbol>
      <symbol id="sm-bdf">
         <name>CSL_edma3ccGetModuleBaseAddr</name>
         <value>0x80ca00</value>
         <object_component_ref idref="oc-2c2"/>
      </symbol>
      <symbol id="sm-be0">
         <name>__TI_STATIC_BASE</name>
         <value>0x821458</value>
      </symbol>
      <symbol id="sm-be1">
         <name>__TI_args_main</name>
         <value>0x1</value>
      </symbol>
      <symbol id="sm-be2">
         <name>__TI_INITARRAY_Base</name>
         <value>0x0</value>
      </symbol>
      <symbol id="sm-be3">
         <name>__TI_INITARRAY_Limit</name>
         <value>0x0</value>
      </symbol>
      <symbol id="sm-be4">
         <name>__TI_TLS_INIT_Base</name>
         <value>0x0</value>
      </symbol>
      <symbol id="sm-be5">
         <name>__TI_TLS_INIT_Limit</name>
         <value>0x0</value>
      </symbol>
      <symbol id="sm-be8">
         <name>remove</name>
         <value>0x80c7a0</value>
      </symbol>
   </symbol_table>
</link_info>
